Component: ARM Compiler 5.05 update 1 (build 106) Tool: armlink [4d0efa]

==============================================================================

Section Cross References

    main.o(.text) refers to vesc.o(.text) for Control_all_VESC
    main.o(.text) refers to queue.o(.text) for Can_DeQueue
    main.o(.text) refers to os_time.o(.text) for OSTimeDly
    main.o(.text) refers to led.o(.text) for Led_Show
    main.o(.text) refers to dianji.o(.text) for Control_all_MOTOR
    main.o(.text) refers to os_cpu_c.o(.text) for OS_CPU_SysTickInit
    main.o(.text) refers to usart2.o(.text) for UsartLCDshow
    main.o(.text) refers to os_cpu_a.o(.text) for OS_CPU_SR_Save
    main.o(.text) refers to os_task.o(.text) for OSTaskCreate
    main.o(.text) refers to system_stm32f4xx.o(.text) for SystemInit
    main.o(.text) refers to tim2.o(.text) for TIM2_Init
    main.o(.text) refers to tim5.o(.text) for TIM5_Init
    main.o(.text) refers to can1.o(.text) for CAN1_Mode_Init
    main.o(.text) refers to can2.o(.text) for CAN2_Mode_Init
    main.o(.text) refers to canctrollist.o(.text) for InitCANControlList
    main.o(.text) refers to param.o(.text) for param_Init
    main.o(.text) refers to os_core.o(.text) for OSInit
    main.o(.text) refers to main.o(.data) for control_open
    main.o(.text) refers to queue.o(.bss) for VESC_Sendqueue
    main.o(.text) refers to main.o(.bss) for MOTOR_TASK_STK
    tim2.o(.text) refers to stm32f4xx_rcc.o(.text) for RCC_APB1PeriphClockCmd
    tim2.o(.text) refers to stm32f4xx_tim.o(.text) for TIM_TimeBaseInit
    tim2.o(.text) refers to misc.o(.text) for NVIC_Init
    tim2.o(.text) refers to dianji.o(.text) for Speed_mode
    tim2.o(.text) refers to queue.o(.text) for Can_DeQueue
    tim2.o(.text) refers to canctrollist.o(.text) for TraversalControlList
    tim2.o(.text) refers to dianji.o(.bss) for motor
    tim2.o(.text) refers to queue.o(.bss) for Can2_Sendqueue
    tim2.o(.text) refers to param.o(.bss) for flag
    usart2.o(.text) refers to _printf_percent.o(.ARM.Collect$$_printf_percent$$00000000) for _printf_percent
    usart2.o(.text) refers to _printf_d.o(.ARM.Collect$$_printf_percent$$00000009) for _printf_d
    usart2.o(.text) refers to _printf_dec.o(.text) for _printf_int_dec
    usart2.o(.text) refers to stm32f4xx_rcc.o(.text) for RCC_AHB1PeriphClockCmd
    usart2.o(.text) refers to stm32f4xx_gpio.o(.text) for GPIO_PinAFConfig
    usart2.o(.text) refers to stm32f4xx_usart.o(.text) for USART_Init
    usart2.o(.text) refers to misc.o(.text) for NVIC_Init
    usart2.o(.text) refers to stm32f4xx_dma.o(.text) for DMA_DeInit
    usart2.o(.text) refers to rt_memclr.o(.text) for __aeabi_memclr
    usart2.o(.text) refers to atof.o(i.__hardfp_atof) for __hardfp_atof
    usart2.o(.text) refers to dfix.o(x$fpl$dfix) for __aeabi_d2iz
    usart2.o(.text) refers to param.o(.bss) for usart
    usart2.o(.text) refers to usart2.o(.data) for USART2_RX_STA
    usart2.o(.text) refers to dianji.o(.bss) for motor
    usart2.o(.text) refers to noretval__2sprintf.o(.text) for __2sprintf
    usart2.o(.text) refers to strlen.o(.text) for strlen
    usart2.o(.text) refers to strcpy.o(.text) for strcpy
    usart2.o(.text) refers to vesc.o(.bss) for VESCmotor
    usart2.o(.text) refers to usart2.o(.bss) for str_temp
    usart2.o(.text) refers to f2d.o(x$fpl$f2d) for __aeabi_f2d
    can1.o(.text) refers to stm32f4xx_rcc.o(.text) for RCC_APB1PeriphClockCmd
    can1.o(.text) refers to stm32f4xx_gpio.o(.text) for GPIO_PinAFConfig
    can1.o(.text) refers to stm32f4xx_can.o(.text) for CAN_Init
    can1.o(.text) refers to misc.o(.text) for NVIC_Init
    can1.o(.text) refers to rt_memcpy_v6.o(.text) for __aeabi_memcpy
    can1.o(.text) refers to vesc.o(.text) for VESC_Set_Pos
    can1.o(.text) refers to numchange.o(.text) for Ecodeint32Data_to_4byte
    can1.o(.text) refers to queue.o(.bss) for Can1_Sendqueue
    can1.o(.text) refers to vesc.o(.bss) for VESCmotor
    can1.o(.text) refers to can1.o(.data) for buf
    can1.o(.text) refers to dianji.o(.bss) for motor
    tim5.o(.text) refers to stm32f4xx_rcc.o(.text) for RCC_APB1PeriphClockCmd
    tim5.o(.text) refers to stm32f4xx_tim.o(.text) for TIM_TimeBaseInit
    tim5.o(.text) refers to misc.o(.text) for NVIC_Init
    tim5.o(.text) refers to vesc.o(.text) for VESC_Set_Current
    tim5.o(.text) refers to vesc.o(.bss) for VESCmotor
    can2.o(.text) refers to stm32f4xx_rcc.o(.text) for RCC_APB1PeriphClockCmd
    can2.o(.text) refers to stm32f4xx_gpio.o(.text) for GPIO_PinAFConfig
    can2.o(.text) refers to misc.o(.text) for NVIC_Init
    can2.o(.text) refers to stm32f4xx_can.o(.text) for CAN_DeInit
    can2.o(.text) refers to os_time.o(.text) for OSTimeGet
    can2.o(.text) refers to dianji.o(.text) for pulse_caculate
    can2.o(.text) refers to numchange.o(.text) for get_s32_from_buffer
    can2.o(.text) refers to param.o(.text) for ChangeData
    can2.o(.text) refers to can2.o(.bss) for now_update_time
    can2.o(.text) refers to dianji.o(.bss) for motor
[...]
    CAN_ClearITPendingBit                    0x0800657b   Thumb Code   162  stm32f4xx_can.o(.text)
    DMA_DeInit                               0x08006621   Thumb Code   324  stm32f4xx_dma.o(.text)
    DMA_Init                                 0x08006765   Thumb Code    82  stm32f4xx_dma.o(.text)
    DMA_StructInit                           0x080067b7   Thumb Code    34  stm32f4xx_dma.o(.text)
    DMA_Cmd                                  0x080067d9   Thumb Code    22  stm32f4xx_dma.o(.text)
    DMA_PeriphIncOffsetSizeConfig            0x080067ef   Thumb Code    22  stm32f4xx_dma.o(.text)
    DMA_FlowControllerConfig                 0x08006805   Thumb Code    22  stm32f4xx_dma.o(.text)
    DMA_SetCurrDataCounter                   0x0800681b   Thumb Code     4  stm32f4xx_dma.o(.text)
    DMA_GetCurrDataCounter                   0x0800681f   Thumb Code     8  stm32f4xx_dma.o(.text)
    DMA_DoubleBufferModeConfig               0x08006827   Thumb Code    24  stm32f4xx_dma.o(.text)
    DMA_DoubleBufferModeCmd                  0x0800683f   Thumb Code    22  stm32f4xx_dma.o(.text)
    DMA_MemoryTargetConfig                   0x08006855   Thumb Code    10  stm32f4xx_dma.o(.text)
    DMA_GetCurrentMemoryTarget               0x0800685f   Thumb Code    20  stm32f4xx_dma.o(.text)
    DMA_GetCmdStatus                         0x08006873   Thumb Code    20  stm32f4xx_dma.o(.text)
    DMA_GetFIFOStatus                        0x08006887   Thumb Code    12  stm32f4xx_dma.o(.text)
    DMA_GetFlagStatus                        0x08006893   Thumb Code    56  stm32f4xx_dma.o(.text)
    DMA_ClearFlag                            0x080068cb   Thumb Code    40  stm32f4xx_dma.o(.text)
    DMA_ITConfig                             0x080068f3   Thumb Code    58  stm32f4xx_dma.o(.text)
    DMA_GetITStatus                          0x0800692d   Thumb Code    84  stm32f4xx_dma.o(.text)
    DMA_ClearITPendingBit                    0x08006981   Thumb Code    40  stm32f4xx_dma.o(.text)
    GPIO_DeInit                              0x080069c9   Thumb Code   220  stm32f4xx_gpio.o(.text)
    GPIO_Init                                0x08006aa5   Thumb Code   144  stm32f4xx_gpio.o(.text)
    GPIO_StructInit                          0x08006b35   Thumb Code    18  stm32f4xx_gpio.o(.text)
    GPIO_PinLockConfig                       0x08006b47   Thumb Code    34  stm32f4xx_gpio.o(.text)
    GPIO_ReadInputDataBit                    0x08006b69   Thumb Code    18  stm32f4xx_gpio.o(.text)
    GPIO_ReadInputData                       0x08006b7b   Thumb Code     8  stm32f4xx_gpio.o(.text)
    GPIO_ReadOutputDataBit                   0x08006b83   Thumb Code    18  stm32f4xx_gpio.o(.text)
    GPIO_ReadOutputData                      0x08006b95   Thumb Code     8  stm32f4xx_gpio.o(.text)
    GPIO_SetBits                             0x08006b9d   Thumb Code     4  stm32f4xx_gpio.o(.text)
    GPIO_ResetBits                           0x08006ba1   Thumb Code     4  stm32f4xx_gpio.o(.text)
    GPIO_WriteBit                            0x08006ba5   Thumb Code    10  stm32f4xx_gpio.o(.text)
    GPIO_Write                               0x08006baf   Thumb Code     4  stm32f4xx_gpio.o(.text)
    GPIO_ToggleBits                          0x08006bb3   Thumb Code     8  stm32f4xx_gpio.o(.text)
    GPIO_PinAFConfig                         0x08006bbb   Thumb Code    70  stm32f4xx_gpio.o(.text)
    RCC_DeInit                               0x08006c25   Thumb Code    60  stm32f4xx_rcc.o(.text)
    RCC_HSEConfig                            0x08006c61   Thumb Code    14  stm32f4xx_rcc.o(.text)
    RCC_GetFlagStatus                        0x08006c6f   Thumb Code    60  stm32f4xx_rcc.o(.text)
    RCC_WaitForHSEStartUp                    0x08006cab   Thumb Code    56  stm32f4xx_rcc.o(.text)
    RCC_AdjustHSICalibrationValue            0x08006ce3   Thumb Code    20  stm32f4xx_rcc.o(.text)
    RCC_HSICmd                               0x08006cf7   Thumb Code     6  stm32f4xx_rcc.o(.text)
    RCC_LSEConfig                            0x08006cfd   Thumb Code    46  stm32f4xx_rcc.o(.text)
    RCC_LSICmd                               0x08006d2b   Thumb Code     6  stm32f4xx_rcc.o(.text)
    RCC_PLLConfig                            0x08006d31   Thumb Code    32  stm32f4xx_rcc.o(.text)
    RCC_PLLCmd                               0x08006d51   Thumb Code     6  stm32f4xx_rcc.o(.text)
    RCC_PLLI2SConfig                         0x08006d57   Thumb Code    14  stm32f4xx_rcc.o(.text)
    RCC_PLLI2SCmd                            0x08006d65   Thumb Code     6  stm32f4xx_rcc.o(.text)
    RCC_ClockSecuritySystemCmd               0x08006d6b   Thumb Code     6  stm32f4xx_rcc.o(.text)
    RCC_MCO1Config                           0x08006d71   Thumb Code    28  stm32f4xx_rcc.o(.text)
    RCC_MCO2Config                           0x08006d8d   Thumb Code    28  stm32f4xx_rcc.o(.text)
    RCC_SYSCLKConfig                         0x08006da9   Thumb Code    20  stm32f4xx_rcc.o(.text)
    RCC_GetSYSCLKSource                      0x08006dbd   Thumb Code    12  stm32f4xx_rcc.o(.text)
    RCC_HCLKConfig                           0x08006dc9   Thumb Code    20  stm32f4xx_rcc.o(.text)
    RCC_PCLK1Config                          0x08006ddd   Thumb Code    20  stm32f4xx_rcc.o(.text)
    RCC_PCLK2Config                          0x08006df1   Thumb Code    22  stm32f4xx_rcc.o(.text)
    RCC_GetClocksFreq                        0x08006e07   Thumb Code   222  stm32f4xx_rcc.o(.text)
    RCC_RTCCLKConfig                         0x08006ee5   Thumb Code    54  stm32f4xx_rcc.o(.text)
    RCC_RTCCLKCmd                            0x08006f1b   Thumb Code     8  stm32f4xx_rcc.o(.text)
    RCC_BackupResetCmd                       0x08006f23   Thumb Code     8  stm32f4xx_rcc.o(.text)
    RCC_I2SCLKConfig                         0x08006f2b   Thumb Code     6  stm32f4xx_rcc.o(.text)
    RCC_AHB1PeriphClockCmd                   0x08006f31   Thumb Code    34  stm32f4xx_rcc.o(.text)
    RCC_AHB2PeriphClockCmd                   0x08006f53   Thumb Code    34  stm32f4xx_rcc.o(.text)
    RCC_AHB3PeriphClockCmd                   0x08006f75   Thumb Code    34  stm32f4xx_rcc.o(.text)
    RCC_APB1PeriphClockCmd                   0x08006f97   Thumb Code    34  stm32f4xx_rcc.o(.text)
    RCC_APB2PeriphClockCmd                   0x08006fb9   Thumb Code    34  stm32f4xx_rcc.o(.text)
    RCC_AHB1PeriphResetCmd                   0x08006fdb   Thumb Code    34  stm32f4xx_rcc.o(.text)
    RCC_AHB2PeriphResetCmd                   0x08006ffd   Thumb Code    72  stm32f4xx_rcc.o(.text)
    RCC_AHB3PeriphResetCmd                   0x08007045   Thumb Code    34  stm32f4xx_rcc.o(.text)
    RCC_APB1PeriphResetCmd                   0x08007067   Thumb Code    34  stm32f4xx_rcc.o(.text)
    RCC_APB2PeriphResetCmd                   0x08007089   Thumb Code    34  stm32f4xx_rcc.o(.text)
    RCC_AHB1PeriphClockLPModeCmd             0x080070ab   Thumb Code    34  stm32f4xx_rcc.o(.text)
    RCC_AHB2PeriphClockLPModeCmd             0x080070cd   Thumb Code    34  stm32f4xx_rcc.o(.text)
    RCC_AHB3PeriphClockLPModeCmd             0x080070ef   Thumb Code    34  stm32f4xx_rcc.o(.text)
    RCC_APB1PeriphClockLPModeCmd             0x08007111   Thumb Code    34  stm32f4xx_rcc.o(.text)
    RCC_APB2PeriphClockLPModeCmd             0x08007133   Thumb Code    34  stm32f4xx_rcc.o(.text)
    RCC_ITConfig                             0x08007155   Thumb Code    34  stm32f4xx_rcc.o(.text)
    RCC_ClearFlag                            0x08007177   Thumb Code    18  stm32f4xx_rcc.o(.text)
    RCC_GetITStatus                          0x08007189   Thumb Code    22  stm32f4xx_rcc.o(.text)
    RCC_ClearITPendingBit                    0x0800719f   Thumb Code     8  stm32f4xx_rcc.o(.text)
    TIM_DeInit                               0x080071ad   Thumb Code   346  stm32f4xx_tim.o(.text)
    TIM_TimeBaseInit                         0x08007307   Thumb Code   104  stm32f4xx_tim.o(.text)
    TIM_TimeBaseStructInit                   0x0800736f   Thumb Code    18  stm32f4xx_tim.o(.text)
    TIM_PrescalerConfig                      0x08007381   Thumb Code     6  stm32f4xx_tim.o(.text)
    TIM_CounterModeConfig                    0x08007387   Thumb Code    18  stm32f4xx_tim.o(.text)
    TIM_SetCounter                           0x08007399   Thumb Code     4  stm32f4xx_tim.o(.text)
    TIM_SetAutoreload                        0x0800739d   Thumb Code     4  stm32f4xx_tim.o(.text)
    TIM_GetCounter                           0x080073a1   Thumb Code     6  stm32f4xx_tim.o(.text)
    TIM_GetPrescaler                         0x080073a7   Thumb Code     6  stm32f4xx_tim.o(.text)
    TIM_UpdateDisableConfig                  0x080073ad   Thumb Code    24  stm32f4xx_tim.o(.text)
    TIM_UpdateRequestConfig                  0x080073c5   Thumb Code    24  stm32f4xx_tim.o(.text)
    TIM_ARRPreloadConfig                     0x080073dd   Thumb Code    24  stm32f4xx_tim.o(.text)
    TIM_SelectOnePulseMode                   0x080073f5   Thumb Code    18  stm32f4xx_tim.o(.text)
    TIM_SetClockDivision                     0x08007407   Thumb Code    18  stm32f4xx_tim.o(.text)
    TIM_Cmd                                  0x08007419   Thumb Code    24  stm32f4xx_tim.o(.text)
    TIM_OC1Init                              0x08007431   Thumb Code   114  stm32f4xx_tim.o(.text)
    TIM_OC2Init                              0x080074a3   Thumb Code   154  stm32f4xx_tim.o(.text)
    TIM_OC3Init                              0x0800753d   Thumb Code   204  stm32f4xx_tim.o(.text)
    TIM_OC4Init                              0x08007609   Thumb Code   112  stm32f4xx_tim.o(.text)
    TIM_OCStructInit                         0x08007679   Thumb Code    20  stm32f4xx_tim.o(.text)
    TIM_SelectOCxM                           0x0800768d   Thumb Code    86  stm32f4xx_tim.o(.text)
    TIM_SetCompare1                          0x080076e3   Thumb Code     4  stm32f4xx_tim.o(.text)
    TIM_SetCompare2                          0x080076e7   Thumb Code     4  stm32f4xx_tim.o(.text)
    TIM_SetCompare3                          0x080076eb   Thumb Code     4  stm32f4xx_tim.o(.text)
    TIM_SetCompare4                          0x080076ef   Thumb Code     4  stm32f4xx_tim.o(.text)
    TIM_ForcedOC1Config                      0x080076f3   Thumb Code    18  stm32f4xx_tim.o(.text)
    TIM_ForcedOC2Config                      0x08007705   Thumb Code    26  stm32f4xx_tim.o(.text)
    TIM_ForcedOC3Config                      0x0800771f   Thumb Code    18  stm32f4xx_tim.o(.text)
    TIM_ForcedOC4Config                      0x08007731   Thumb Code    26  stm32f4xx_tim.o(.text)
    TIM_OC1PreloadConfig                     0x0800774b   Thumb Code    18  stm32f4xx_tim.o(.text)
    TIM_OC2PreloadConfig                     0x0800775d   Thumb Code    26  stm32f4xx_tim.o(.text)
    TIM_OC3PreloadConfig                     0x08007777   Thumb Code    18  stm32f4xx_tim.o(.text)
    TIM_OC4PreloadConfig                     0x08007789   Thumb Code    26  stm32f4xx_tim.o(.text)
    TIM_OC1FastConfig                        0x080077a3   Thumb Code    18  stm32f4xx_tim.o(.text)
    TIM_OC2FastConfig                        0x080077b5   Thumb Code    26  stm32f4xx_tim.o(.text)
    TIM_OC3FastConfig                        0x080077cf   Thumb Code    18  stm32f4xx_tim.o(.text)
    TIM_OC4FastConfig                        0x080077e1   Thumb Code    26  stm32f4xx_tim.o(.text)
    TIM_ClearOC1Ref                          0x080077fb   Thumb Code    18  stm32f4xx_tim.o(.text)
    TIM_ClearOC2Ref                          0x0800780d   Thumb Code    24  stm32f4xx_tim.o(.text)
    TIM_ClearOC3Ref                          0x08007825   Thumb Code    18  stm32f4xx_tim.o(.text)
    TIM_ClearOC4Ref                          0x08007837   Thumb Code    24  stm32f4xx_tim.o(.text)
    TIM_OC1PolarityConfig                    0x0800784f   Thumb Code    18  stm32f4xx_tim.o(.text)
    TIM_OC1NPolarityConfig                   0x08007861   Thumb Code    18  stm32f4xx_tim.o(.text)
    TIM_OC2PolarityConfig                    0x08007873   Thumb Code    26  stm32f4xx_tim.o(.text)
    TIM_OC2NPolarityConfig                   0x0800788d   Thumb Code    26  stm32f4xx_tim.o(.text)
    TIM_OC3PolarityConfig                    0x080078a7   Thumb Code    26  stm32f4xx_tim.o(.text)
    TIM_OC3NPolarityConfig                   0x080078c1   Thumb Code    26  stm32f4xx_tim.o(.text)
    TIM_OC4PolarityConfig                    0x080078db   Thumb Code    26  stm32f4xx_tim.o(.text)
    TIM_CCxCmd                               0x080078f5   Thumb Code    30  stm32f4xx_tim.o(.text)
    TIM_CCxNCmd                              0x08007913   Thumb Code    30  stm32f4xx_tim.o(.text)
    TIM_SetIC4Prescaler                      0x08007931   Thumb Code    26  stm32f4xx_tim.o(.text)
    TIM_SetIC3Prescaler                      0x0800799b   Thumb Code    18  stm32f4xx_tim.o(.text)
    TIM_SetIC2Prescaler                      0x080079f5   Thumb Code    26  stm32f4xx_tim.o(.text)
    TIM_SetIC1Prescaler                      0x08007a69   Thumb Code    18  stm32f4xx_tim.o(.text)
    TIM_ICInit                               0x08007ab5   Thumb Code   110  stm32f4xx_tim.o(.text)
    TIM_ICStructInit                         0x08007b23   Thumb Code    18  stm32f4xx_tim.o(.text)
    TIM_PWMIConfig                           0x08007b35   Thumb Code   124  stm32f4xx_tim.o(.text)
    TIM_GetCapture1                          0x08007bb1   Thumb Code     6  stm32f4xx_tim.o(.text)
    TIM_GetCapture2                          0x08007bb7   Thumb Code     6  stm32f4xx_tim.o(.text)
    TIM_GetCapture3                          0x08007bbd   Thumb Code     6  stm32f4xx_tim.o(.text)
    TIM_GetCapture4                          0x08007bc3   Thumb Code     6  stm32f4xx_tim.o(.text)
    TIM_BDTRConfig                           0x08007bc9   Thumb Code    32  stm32f4xx_tim.o(.text)
    TIM_BDTRStructInit                       0x08007be9   Thumb Code    18  stm32f4xx_tim.o(.text)
    TIM_CtrlPWMOutputs                       0x08007bfb   Thumb Code    30  stm32f4xx_tim.o(.text)
    TIM_SelectCOM                            0x08007c19   Thumb Code    24  stm32f4xx_tim.o(.text)
    TIM_CCPreloadControl                     0x08007c31   Thumb Code    24  stm32f4xx_tim.o(.text)
    TIM_ITConfig                             0x08007c49   Thumb Code    18  stm32f4xx_tim.o(.text)
    TIM_GenerateEvent                        0x08007c5b   Thumb Code     4  stm32f4xx_tim.o(.text)
    TIM_GetFlagStatus                        0x08007c5f   Thumb Code    18  stm32f4xx_tim.o(.text)
    TIM_ClearFlag                            0x08007c71   Thumb Code     6  stm32f4xx_tim.o(.text)
    TIM_GetITStatus                          0x08007c77   Thumb Code    34  stm32f4xx_tim.o(.text)
    TIM_ClearITPendingBit                    0x08007c99   Thumb Code     6  stm32f4xx_tim.o(.text)
    TIM_DMAConfig                            0x08007c9f   Thumb Code    10  stm32f4xx_tim.o(.text)
    TIM_DMACmd                               0x08007ca9   Thumb Code    18  stm32f4xx_tim.o(.text)
    TIM_SelectCCDMA                          0x08007cbb   Thumb Code    24  stm32f4xx_tim.o(.text)
    TIM_InternalClockConfig                  0x08007cd3   Thumb Code    12  stm32f4xx_tim.o(.text)
    TIM_SelectInputTrigger                   0x08007cdf   Thumb Code    18  stm32f4xx_tim.o(.text)
    TIM_ITRxExternalClockConfig              0x08007cf1   Thumb Code    24  stm32f4xx_tim.o(.text)
    TIM_TIxExternalClockConfig               0x08007d09   Thumb Code    62  stm32f4xx_tim.o(.text)
    TIM_ETRConfig                            0x08007d47   Thumb Code    28  stm32f4xx_tim.o(.text)
    TIM_ETRClockMode1Config                  0x08007d63   Thumb Code    54  stm32f4xx_tim.o(.text)
    TIM_ETRClockMode2Config                  0x08007d99   Thumb Code    32  stm32f4xx_tim.o(.text)
    TIM_SelectOutputTrigger                  0x08007db9   Thumb Code    18  stm32f4xx_tim.o(.text)
    TIM_SelectSlaveMode                      0x08007dcb   Thumb Code    18  stm32f4xx_tim.o(.text)
    TIM_SelectMasterSlaveMode                0x08007ddd   Thumb Code    18  stm32f4xx_tim.o(.text)
    TIM_EncoderInterfaceConfig               0x08007def   Thumb Code    66  stm32f4xx_tim.o(.text)
    TIM_SelectHallSensor                     0x08007e31   Thumb Code    24  stm32f4xx_tim.o(.text)
    TIM_RemapConfig                          0x08007e49   Thumb Code     6  stm32f4xx_tim.o(.text)
    USART_DeInit                             0x08007e51   Thumb Code   156  stm32f4xx_usart.o(.text)
    USART_Init                               0x08007eed   Thumb Code   204  stm32f4xx_usart.o(.text)
    USART_StructInit                         0x08007fb9   Thumb Code    24  stm32f4xx_usart.o(.text)
    USART_ClockInit                          0x08007fd1   Thumb Code    32  stm32f4xx_usart.o(.text)
    USART_ClockStructInit                    0x08007ff1   Thumb Code    12  stm32f4xx_usart.o(.text)
    USART_Cmd                                0x08007ffd   Thumb Code    24  stm32f4xx_usart.o(.text)
    USART_SetPrescaler                       0x08008015   Thumb Code    16  stm32f4xx_usart.o(.text)
    USART_OverSampling8Cmd                   0x08008025   Thumb Code    22  stm32f4xx_usart.o(.text)
    USART_OneBitMethodCmd                    0x0800803b   Thumb Code    24  stm32f4xx_usart.o(.text)
    USART_SendData                           0x08008053   Thumb Code     8  stm32f4xx_usart.o(.text)
    USART_ReceiveData                        0x0800805b   Thumb Code    10  stm32f4xx_usart.o(.text)
    USART_SetAddress                         0x08008065   Thumb Code    18  stm32f4xx_usart.o(.text)
    USART_ReceiverWakeUpCmd                  0x08008077   Thumb Code    24  stm32f4xx_usart.o(.text)
    USART_WakeUpConfig                       0x0800808f   Thumb Code    18  stm32f4xx_usart.o(.text)
    USART_LINBreakDetectLengthConfig         0x080080a1   Thumb Code    18  stm32f4xx_usart.o(.text)
    USART_LINCmd                             0x080080b3   Thumb Code    24  stm32f4xx_usart.o(.text)
    USART_SendBreak                          0x080080cb   Thumb Code    10  stm32f4xx_usart.o(.text)
    USART_HalfDuplexCmd                      0x080080d5   Thumb Code    24  stm32f4xx_usart.o(.text)
    USART_SetGuardTime                       0x080080ed   Thumb Code    16  stm32f4xx_usart.o(.text)
    USART_SmartCardCmd                       0x080080fd   Thumb Code    24  stm32f4xx_usart.o(.text)
    USART_SmartCardNACKCmd                   0x08008115   Thumb Code    24  stm32f4xx_usart.o(.text)
    USART_IrDAConfig                         0x0800812d   Thumb Code    18  stm32f4xx_usart.o(.text)
    USART_IrDACmd                            0x0800813f   Thumb Code    24  stm32f4xx_usart.o(.text)
    USART_DMACmd                             0x08008157   Thumb Code    18  stm32f4xx_usart.o(.text)
    USART_ITConfig                           0x08008169   Thumb Code    74  stm32f4xx_usart.o(.text)
    USART_GetFlagStatus                      0x080081b3   Thumb Code    26  stm32f4xx_usart.o(.text)
    USART_ClearFlag                          0x080081cd   Thumb Code    18  stm32f4xx_usart.o(.text)
    USART_GetITStatus                        0x080081df   Thumb Code   110  stm32f4xx_usart.o(.text)
    USART_ClearITPendingBit                  0x0800824d   Thumb Code    30  stm32f4xx_usart.o(.text)
    SystemInit                               0x08008349   Thumb Code    88  system_stm32f4xx.o(.text)
    SystemCoreClockUpdate                    0x080083a1   Thumb Code   174  system_stm32f4xx.o(.text)
    Reset_Handler                            0x0800847d   Thumb Code     8  startup_stm32f4xx.o(.text)
    ADC_IRQHandler                           0x08008497   Thumb Code     0  startup_stm32f4xx.o(.text)
    CAN1_RX1_IRQHandler                      0x08008497   Thumb Code     0  startup_stm32f4xx.o(.text)
    CAN1_SCE_IRQHandler                      0x08008497   Thumb Code     0  startup_stm32f4xx.o(.text)
    CAN1_TX_IRQHandler                       0x08008497   Thumb Code     0  startup_stm32f4xx.o(.text)
    CAN2_SCE_IRQHandler                      0x08008497   Thumb Code     0  startup_stm32f4xx.o(.text)
    CAN2_TX_IRQHandler                       0x08008497   Thumb Code     0  startup_stm32f4xx.o(.text)
    CRYP_IRQHandler                          0x08008497   Thumb Code     0  startup_stm32f4xx.o(.text)
    DCMI_IRQHandler                          0x08008497   Thumb Code     0  startup_stm32f4xx.o(.text)
    DMA1_Stream0_IRQHandler                  0x08008497   Thumb Code     0  startup_stm32f4xx.o(.text)
    DMA1_Stream1_IRQHandler                  0x08008497   Thumb Code     0  startup_stm32f4xx.o(.text)
    DMA1_Stream2_IRQHandler                  0x08008497   Thumb Code     0  startup_stm32f4xx.o(.text)
    DMA1_Stream3_IRQHandler                  0x08008497   Thumb Code     0  startup_stm32f4xx.o(.text)
    DMA1_Stream4_IRQHandler                  0x08008497   Thumb Code     0  startup_stm32f4xx.o(.text)
    DMA1_Stream5_IRQHandler                  0x08008497   Thumb Code     0  startup_stm32f4xx.o(.text)
    DMA1_Stream7_IRQHandler                  0x08008497   Thumb Code     0  startup_stm32f4xx.o(.text)
    DMA2_Stream0_IRQHandler                  0x08008497   Thumb Code     0  startup_stm32f4xx.o(.text)
    DMA2_Stream1_IRQHandler                  0x08008497   Thumb Code     0  startup_stm32f4xx.o(.text)
    DMA2_Stream2_IRQHandler                  0x08008497   Thumb Code     0  startup_stm32f4xx.o(.text)
    DMA2_Stream3_IRQHandler                  0x08008497   Thumb Code     0  startup_stm32f4xx.o(.text)
    DMA2_Stream4_IRQHandler                  0x08008497   Thumb Code     0  startup_stm32f4xx.o(.text)
    DMA2_Stream5_IRQHandler                  0x08008497   Thumb Code     0  startup_stm32f4xx.o(.text)
    DMA2_Stream6_IRQHandler                  0x08008497   Thumb Code     0  startup_stm32f4xx.o(.text)
    DMA2_Stream7_IRQHandler                  0x08008497   Thumb Code     0  startup_stm32f4xx.o(.text)
    ETH_IRQHandler                           0x08008497   Thumb Code     0  startup_stm32f4xx.o(.text)
    ETH_WKUP_IRQHandler                      0x08008497   Thumb Code     0  startup_stm32f4xx.o(.text)
    EXTI0_IRQHandler                         0x08008497   Thumb Code     0  startup_stm32f4xx.o(.text)
    EXTI15_10_IRQHandler                     0x08008497   Thumb Code     0  startup_stm32f4xx.o(.text)
    EXTI1_IRQHandler                         0x08008497   Thumb Code     0  startup_stm32f4xx.o(.text)
    EXTI2_IRQHandler                         0x08008497   Thumb Code     0  startup_stm32f4xx.o(.text)
    EXTI3_IRQHandler                         0x08008497   Thumb Code     0  startup_stm32f4xx.o(.text)
    EXTI4_IRQHandler                         0x08008497   Thumb Code     0  startup_stm32f4xx.o(.text)
    EXTI9_5_IRQHandler                       0x08008497   Thumb Code     0  startup_stm32f4xx.o(.text)
    FLASH_IRQHandler                         0x08008497   Thumb Code     0  startup_stm32f4xx.o(.text)
    FPU_IRQHandler                           0x08008497   Thumb Code     0  startup_stm32f4xx.o(.text)
    FSMC_IRQHandler                          0x08008497   Thumb Code     0  startup_stm32f4xx.o(.text)
    HASH_RNG_IRQHandler                      0x08008497   Thumb Code     0  startup_stm32f4xx.o(.text)
    I2C1_ER_IRQHandler                       0x08008497   Thumb Code     0  startup_stm32f4xx.o(.text)
    I2C1_EV_IRQHandler                       0x08008497   Thumb Code     0  startup_stm32f4xx.o(.text)
    I2C2_ER_IRQHandler                       0x08008497   Thumb Code     0  startup_stm32f4xx.o(.text)
    I2C2_EV_IRQHandler                       0x08008497   Thumb Code     0  startup_stm32f4xx.o(.text)
    I2C3_ER_IRQHandler                       0x08008497   Thumb Code     0  startup_stm32f4xx.o(.text)
    I2C3_EV_IRQHandler                       0x08008497   Thumb Code     0  startup_stm32f4xx.o(.text)
    OTG_FS_IRQHandler                        0x08008497   Thumb Code     0  startup_stm32f4xx.o(.text)
    OTG_FS_WKUP_IRQHandler                   0x08008497   Thumb Code     0  startup_stm32f4xx.o(.text)
    OTG_HS_EP1_IN_IRQHandler                 0x08008497   Thumb Code     0  startup_stm32f4xx.o(.text)
    OTG_HS_EP1_OUT_IRQHandler                0x08008497   Thumb Code     0  startup_stm32f4xx.o(.text)
    OTG_HS_IRQHandler                        0x08008497   Thumb Code     0  startup_stm32f4xx.o(.text)
    OTG_HS_WKUP_IRQHandler                   0x08008497   Thumb Code     0  startup_stm32f4xx.o(.text)
    PVD_IRQHandler                           0x08008497   Thumb Code     0  startup_stm32f4xx.o(.text)
    RCC_IRQHandler                           0x08008497   Thumb Code     0  startup_stm32f4xx.o(.text)
    RTC_Alarm_IRQHandler                     0x08008497   Thumb Code     0  startup_stm32f4xx.o(.text)
    RTC_WKUP_IRQHandler                      0x08008497   Thumb Code     0  startup_stm32f4xx.o(.text)
    SDIO_IRQHandler                          0x08008497   Thumb Code     0  startup_stm32f4xx.o(.text)
    SPI1_IRQHandler                          0x08008497   Thumb Code     0  startup_stm32f4xx.o(.text)
    SPI2_IRQHandler                          0x08008497   Thumb Code     0  startup_stm32f4xx.o(.text)
    SPI3_IRQHandler                          0x08008497   Thumb Code     0  startup_stm32f4xx.o(.text)
    TAMP_STAMP_IRQHandler                    0x08008497   Thumb Code     0  startup_stm32f4xx.o(.text)
    TIM1_BRK_TIM9_IRQHandler                 0x08008497   Thumb Code     0  startup_stm32f4xx.o(.text)
    TIM1_CC_IRQHandler                       0x08008497   Thumb Code     0  startup_stm32f4xx.o(.text)
    TIM1_TRG_COM_TIM11_IRQHandler            0x08008497   Thumb Code     0  startup_stm32f4xx.o(.text)
    TIM1_UP_TIM10_IRQHandler                 0x08008497   Thumb Code     0  startup_stm32f4xx.o(.text)
    TIM4_IRQHandler                          0x08008497   Thumb Code     0  startup_stm32f4xx.o(.text)
    TIM6_DAC_IRQHandler                      0x08008497   Thumb Code     0  startup_stm32f4xx.o(.text)
    TIM7_IRQHandler                          0x08008497   Thumb Code     0  startup_stm32f4xx.o(.text)
    TIM8_BRK_TIM12_IRQHandler                0x08008497   Thumb Code     0  startup_stm32f4xx.o(.text)
    TIM8_CC_IRQHandler                       0x08008497   Thumb Code     0  startup_stm32f4xx.o(.text)
    TIM8_TRG_COM_TIM14_IRQHandler            0x08008497   Thumb Code     0  startup_stm32f4xx.o(.text)
    TIM8_UP_TIM13_IRQHandler                 0x08008497   Thumb Code     0  startup_stm32f4xx.o(.text)
    UART4_IRQHandler                         0x08008497   Thumb Code     0  startup_stm32f4xx.o(.text)
    UART5_IRQHandler                         0x08008497   Thumb Code     0  startup_stm32f4xx.o(.text)
    USART1_IRQHandler                        0x08008497   Thumb Code     0  startup_stm32f4xx.o(.text)
    USART3_IRQHandler                        0x08008497   Thumb Code     0  startup_stm32f4xx.o(.text)
    USART6_IRQHandler                        0x08008497   Thumb Code     0  startup_stm32f4xx.o(.text)
    WWDG_IRQHandler                          0x08008497   Thumb Code     0  startup_stm32f4xx.o(.text)
    __user_initial_stackheap                 0x08008499   Thumb Code     0  startup_stm32f4xx.o(.text)
    OS_TaskStatStkChk                        0x080084bd   Thumb Code    54  os_core.o(.text)
    OS_TaskStat                              0x080084f3   Thumb Code   144  os_core.o(.text)
    OS_TaskIdle                              0x080085b7   Thumb Code    34  os_core.o(.text)
    OS_MemClr                                0x0800860d   Thumb Code    18  os_core.o(.text)
    OSInit                                   0x0800872d   Thumb Code    48  os_core.o(.text)
    OSIntEnter                               0x0800875d   Thumb Code    28  os_core.o(.text)
    OSIntExit                                0x08008793   Thumb Code   112  os_core.o(.text)
    OSSchedLock                              0x08008803   Thumb Code    50  os_core.o(.text)
    OS_Sched                                 0x08008835   Thumb Code    88  os_core.o(.text)
    OSSchedUnlock                            0x0800888d   Thumb Code   238  os_core.o(.text)
    OSStart                                  0x0800897b   Thumb Code    48  os_core.o(.text)
    OSStatInit                               0x080089ab   Thumb Code    64  os_core.o(.text)
    OSTimeTick                               0x080089eb   Thumb Code   210  os_core.o(.text)
    OSVersion                                0x08008abd   Thumb Code     6  os_core.o(.text)
    OS_Dummy                                 0x08008ac3   Thumb Code     2  os_core.o(.text)
    OS_EventTaskRemove                       0x08008ac5   Thumb Code    42  os_core.o(.text)
    OS_EventTaskRdy                          0x08008aef   Thumb Code   114  os_core.o(.text)
    OS_EventTaskWait                         0x08008b61   Thumb Code   112  os_core.o(.text)
    OS_EventWaitListInit                     0x08008bd1   Thumb Code    28  os_core.o(.text)
    OS_MemCopy                               0x08008bed   Thumb Code    20  os_core.o(.text)
    OS_StrLen                                0x08008c01   Thumb Code    20  os_core.o(.text)
    OS_TCBInit                               0x08008c15   Thumb Code   292  os_core.o(.text)
    OSFlagAccept                             0x08008d7d   Thumb Code   252  os_flag.o(.text)
    OSFlagCreate                             0x08008e79   Thumb Code    86  os_flag.o(.text)
    OS_FlagUnlink                            0x08008ecf   Thumb Code    36  os_flag.o(.text)
    OSFlagDel                                0x08008f45   Thumb Code   214  os_flag.o(.text)
    OSFlagNameGet                            0x0800901b   Thumb Code    80  os_flag.o(.text)
    OSFlagNameSet                            0x0800906b   Thumb Code    66  os_flag.o(.text)
    OSFlagPend                               0x08009145   Thumb Code   614  os_flag.o(.text)
    OSFlagPendGetFlagsRdy                    0x080093ab   Thumb Code    26  os_flag.o(.text)
    OSFlagPost                               0x080093c5   Thumb Code   312  os_flag.o(.text)
    OSFlagQuery                              0x080094fd   Thumb Code    48  os_flag.o(.text)
    OS_FlagInit                              0x0800952d   Thumb Code    78  os_flag.o(.text)
    OSMemCreate                              0x08009589   Thumb Code   118  os_mem.o(.text)
    OSMemGet                                 0x080095ff   Thumb Code    62  os_mem.o(.text)
    OSMemNameGet                             0x0800963d   Thumb Code    60  os_mem.o(.text)
    OSMemNameSet                             0x08009679   Thumb Code    48  os_mem.o(.text)
    OSMemPut                                 0x080096a9   Thumb Code    54  os_mem.o(.text)
    OSMemQuery                               0x080096df   Thumb Code    52  os_mem.o(.text)
    OS_MemInit                               0x08009713   Thumb Code    74  os_mem.o(.text)
    OSQAccept                                0x0800976d   Thumb Code    88  os_q.o(.text)
    OSQCreate                                0x080097c5   Thumb Code   140  os_q.o(.text)
    OSQDel                                   0x08009851   Thumb Code   236  os_q.o(.text)
    OSQFlush                                 0x0800993d   Thumb Code    36  os_q.o(.text)
    OSQPend                                  0x08009961   Thumb Code   272  os_q.o(.text)
    OSQPendAbort                             0x08009a71   Thumb Code   128  os_q.o(.text)
    OSQPost                                  0x08009af1   Thumb Code   114  os_q.o(.text)
    OSQPostFront                             0x08009b63   Thumb Code   136  os_q.o(.text)
    OSQPostOpt                               0x08009beb   Thumb Code   182  os_q.o(.text)
    OSQQuery                                 0x08009ca1   Thumb Code    98  os_q.o(.text)
    OS_QInit                                 0x08009d03   Thumb Code    72  os_q.o(.text)
    OSTaskChangePrio                         0x08009d55   Thumb Code   308  os_task.o(.text)
    OSTaskCreate                             0x08009e89   Thumb Code   148  os_task.o(.text)
    OS_TaskStkClr                            0x08009f1d   Thumb Code    26  os_task.o(.text)
    OSTaskCreateExt                          0x08009f37   Thumb Code   170  os_task.o(.text)
    OSTaskDel                                0x08009fe1   Thumb Code   294  os_task.o(.text)
    OSTaskDelReq                             0x0800a107   Thumb Code   144  os_task.o(.text)
    OSTaskNameGet                            0x0800a197   Thumb Code   114  os_task.o(.text)
    OSTaskNameSet                            0x0800a209   Thumb Code    98  os_task.o(.text)
    OSTaskResume                             0x0800a26b   Thumb Code   154  os_task.o(.text)
    OSTaskStkChk                             0x0800a305   Thumb Code   128  os_task.o(.text)
    OSTaskSuspend                            0x0800a385   Thumb Code   152  os_task.o(.text)
    OSTaskQuery                              0x0800a41d   Thumb Code    82  os_task.o(.text)
    OSTaskRegGet                             0x0800a46f   Thumb Code    60  os_task.o(.text)
    OSTaskRegSet                             0x0800a4ab   Thumb Code    62  os_task.o(.text)
    OS_TaskReturn                            0x0800a4e9   Thumb Code    18  os_task.o(.text)
    OSTimeDly                                0x0800a515   Thumb Code   100  os_time.o(.text)
    OSTimeDlyHMSM                            0x0800a579   Thumb Code    84  os_time.o(.text)
    OSTimeDlyResume                          0x0800a5cd   Thumb Code   168  os_time.o(.text)
    OSTimeGet                                0x0800a675   Thumb Code    24  os_time.o(.text)
    OSTimeSet                                0x0800a68d   Thumb Code    24  os_time.o(.text)
    OS_CPU_SR_Save                           0x0800a6c1   Thumb Code     0  os_cpu_a.o(.text)
    OS_CPU_SR_Restore                        0x0800a6c9   Thumb Code     0  os_cpu_a.o(.text)
    OSStartHighRdy                           0x0800a6cf   Thumb Code     0  os_cpu_a.o(.text)
    OSCtxSw                                  0x0800a6ef   Thumb Code     0  os_cpu_a.o(.text)
    OSIntCtxSw                               0x0800a6f9   Thumb Code     0  os_cpu_a.o(.text)
    PendSV_Handler                           0x0800a703   Thumb Code     0  os_cpu_a.o(.text)
    OSInitHookBegin                          0x0800a771   Thumb Code     2  os_cpu_c.o(.text)
    OSTaskReturnHook                         0x0800a773   Thumb Code     2  os_cpu_c.o(.text)
    OSInitHookEnd                            0x0800a775   Thumb Code     2  os_cpu_c.o(.text)
    OSTaskCreateHook                         0x0800a777   Thumb Code     2  os_cpu_c.o(.text)
    OSTaskDelHook                            0x0800a779   Thumb Code     2  os_cpu_c.o(.text)
    OSTaskIdleHook                           0x0800a77b   Thumb Code     2  os_cpu_c.o(.text)
    OSTaskStatHook                           0x0800a77d   Thumb Code     2  os_cpu_c.o(.text)
    OSTaskStkInit                            0x0800a77f   Thumb Code   482  os_cpu_c.o(.text)
    OSTaskSwHook                             0x0800a961   Thumb Code     2  os_cpu_c.o(.text)
    OSTCBInitHook                            0x0800a963   Thumb Code     2  os_cpu_c.o(.text)
    OSTimeTickHook                           0x0800a965   Thumb Code     2  os_cpu_c.o(.text)
    SysTick_Handler                          0x0800a967   Thumb Code    44  os_cpu_c.o(.text)
    OS_CPU_SysTickInit                       0x0800a993   Thumb Code    86  os_cpu_c.o(.text)
    malloc                                   0x0800a9f9   Thumb Code    94  h1_alloc.o(.text)
    free                                     0x0800aa57   Thumb Code    78  h1_free.o(.text)
    __2sprintf                               0x0800aaa5   Thumb Code    34  noretval__2sprintf.o(.text)
    __printf                                 0x0800aacd   Thumb Code   104  __printf.o(.text)
    _printf_int_dec                          0x0800ab35   Thumb Code   104  _printf_dec.o(.text)
    strcpy                                   0x0800abad   Thumb Code    72  strcpy.o(.text)
    strlen                                   0x0800abf5   Thumb Code    62  strlen.o(.text)
    strcat                                   0x0800ac33   Thumb Code    24  strcat.o(.text)
    __aeabi_memcpy                           0x0800ac4b   Thumb Code     0  rt_memcpy_v6.o(.text)
    __rt_memcpy                              0x0800ac4b   Thumb Code   138  rt_memcpy_v6.o(.text)
    _memcpy_lastbytes                        0x0800acb1   Thumb Code     0  rt_memcpy_v6.o(.text)
    __aeabi_memcpy4                          0x0800acd5   Thumb Code     0  rt_memcpy_w.o(.text)
    __aeabi_memcpy8                          0x0800acd5   Thumb Code     0  rt_memcpy_w.o(.text)
    __rt_memcpy_w                            0x0800acd5   Thumb Code   100  rt_memcpy_w.o(.text)
    _memcpy_lastbytes_aligned                0x0800ad1d   Thumb Code     0  rt_memcpy_w.o(.text)
    __aeabi_memclr                           0x0800ad39   Thumb Code     0  rt_memclr.o(.text)
    __rt_memclr                              0x0800ad39   Thumb Code    68  rt_memclr.o(.text)
    _memset                                  0x0800ad3d   Thumb Code     0  rt_memclr.o(.text)
    __use_two_region_memory                  0x0800ad7d   Thumb Code     2  heapauxi.o(.text)
    __rt_heap_escrow                         0x0800ad7f   Thumb Code     2  heapauxi.o(.text)
    __rt_heap_expand                         0x0800ad81   Thumb Code     2  heapauxi.o(.text)
    __rt_heap_descriptor                     0x0800ad85   Thumb Code     8  rt_heap_descriptor_intlibspace.o(.text)
    __use_no_heap                            0x0800ad8d   Thumb Code     2  hguard.o(.text)
    __heap$guard                             0x0800ad8f   Thumb Code     2  hguard.o(.text)
    _terminate_user_alloc                    0x0800ad91   Thumb Code     2  init_alloc.o(.text)
    _init_user_alloc                         0x0800ad93   Thumb Code     2  init_alloc.o(.text)
    __Heap_Full                              0x0800ad95   Thumb Code    34  init_alloc.o(.text)
    __Heap_Broken                            0x0800adb7   Thumb Code     6  init_alloc.o(.text)
    _init_alloc                              0x0800adbd   Thumb Code    94  init_alloc.o(.text)
    __Heap_Initialize                        0x0800ae1b   Thumb Code    10  h1_init.o(.text)
    __Heap_DescSize                          0x0800ae25   Thumb Code     4  h1_init.o(.text)
    __read_errno                             0x0800ae29   Thumb Code    10  _rserrno.o(.text)
    __set_errno                              0x0800ae33   Thumb Code    12  _rserrno.o(.text)
    _printf_int_common                       0x0800ae3f   Thumb Code   178  _printf_intcommon.o(.text)
    _printf_char_common                      0x0800aefb   Thumb Code    32  _printf_char_common.o(.text)
    _sputc                                   0x0800af21   Thumb Code    10  _sputc.o(.text)
    __strtod_int                             0x0800af69   Thumb Code    88  strtod.o(.text)
    __aeabi_memclr4                          0x0800afcd   Thumb Code     0  rt_memclr_w.o(.text)
    __aeabi_memclr8                          0x0800afcd   Thumb Code     0  rt_memclr_w.o(.text)
    __rt_memclr_w                            0x0800afcd   Thumb Code    78  rt_memclr_w.o(.text)
    _memset_w                                0x0800afd1   Thumb Code     0  rt_memclr_w.o(.text)
    __user_libspace                          0x0800b01d   Thumb Code     8  libspace.o(.text)
    __user_perproc_libspace                  0x0800b01d   Thumb Code     0  libspace.o(.text)
    __user_perthread_libspace                0x0800b01d   Thumb Code     0  libspace.o(.text)
    __aeabi_errno_addr                       0x0800b025   Thumb Code     8  rt_errno_addr_intlibspace.o(.text)
    __errno$intlibspace                      0x0800b025   Thumb Code     0  rt_errno_addr_intlibspace.o(.text)
    __rt_errno_addr$intlibspace              0x0800b025   Thumb Code     0  rt_errno_addr_intlibspace.o(.text)
    __Heap_ProvideMemory                     0x0800b02d   Thumb Code    52  h1_extend.o(.text)
    isspace                                  0x0800b061   Thumb Code    18  isspace.o(.text)
    _sgetc                                   0x0800b073   Thumb Code    30  _sgetc.o(.text)
    _sbackspace                              0x0800b091   Thumb Code    34  _sgetc.o(.text)
    __rt_SIGRTMEM                            0x0800b0b3   Thumb Code    14  defsig_rtmem_outer.o(.text)
    __I$use$semihosting                      0x0800b0c1   Thumb Code     0  use_no_semi.o(.text)
    __use_no_semihosting_swi                 0x0800b0c1   Thumb Code     2  use_no_semi.o(.text)
    __semihosting_library_function           0x0800b0c3   Thumb Code     0  indicate_semi.o(.text)
    __user_setup_stackheap                   0x0800b0c3   Thumb Code    74  sys_stackheap_outer.o(.text)
    __rt_ctype_table                         0x0800b10d   Thumb Code    16  rt_ctype_table.o(.text)
    _scanf_really_real                       0x0800b319   Thumb Code   668  scanf_fp.o(.text)
    exit                                     0x0800b5c1   Thumb Code    12  exit.o(.text)
    __sig_exit                               0x0800b5cd   Thumb Code    10  defsig_exit.o(.text)
    __rt_SIGRTMEM_inner                      0x0800b5d9   Thumb Code    22  defsig_rtmem_inner.o(.text)
    strcmp                                   0x0800b629   Thumb Code   128  strcmpv7m.o(.text)
    _sys_exit                                0x0800b6a9   Thumb Code     8  sys_exit.o(.text)
    __rt_locale                              0x0800b6b5   Thumb Code     8  rt_locale_intlibspace.o(.text)
    _btod_etento                             0x0800b6bd   Thumb Code   216  bigflt0.o(.text)
    __default_signal_display                 0x0800b799   Thumb Code    50  defsig_general.o(.text)
    _ttywrch                                 0x0800b7cb   Thumb Code    14  sys_wrch.o(.text)
    _scanf_really_hex_real                   0x0800b7d9   Thumb Code   778  scanf_hexfp.o(.text)
    _scanf_really_infnan                     0x0800baf1   Thumb Code   292  scanf_infnan.o(.text)
    __aeabi_llsl                             0x0800bc25   Thumb Code     0  llshl.o(.text)
    _ll_shift_l                              0x0800bc25   Thumb Code    38  llshl.o(.text)
    _chval                                   0x0800bc4b   Thumb Code    28  _chval.o(.text)
    __btod_div_common                        0x0800bc67   Thumb Code   696  btod.o(CL$$btod_div_common)
    _e2d                                     0x0800bfa1   Thumb Code    80  btod.o(CL$$btod_e2d)
    _e2e                                     0x0800bff5   Thumb Code   198  btod.o(CL$$btod_e2e)
    _btod_ediv                               0x0800c0bb   Thumb Code    40  btod.o(CL$$btod_ediv)
    _btod_edivd                              0x0800c0e3   Thumb Code    40  btod.o(CL$$btod_edivd)
    _btod_emul                               0x0800c10b   Thumb Code    40  btod.o(CL$$btod_emul)
    _btod_emuld                              0x0800c133   Thumb Code    40  btod.o(CL$$btod_emuld)
    __btod_mult_common                       0x0800c15b   Thumb Code   580  btod.o(CL$$btod_mult_common)
    __ARM_fpclassifyf                        0x0800c39f   Thumb Code    38  fpclassifyf.o(i.__ARM_fpclassifyf)
    __hardfp_atof                            0x0800c3c9   Thumb Code    44  atof.o(i.__hardfp_atof)
    __hardfp_expf                            0x0800c401   Thumb Code   426  expf.o(i.__hardfp_expf)
    __mathlib_expf                           0x0800c401   Thumb Code     0  expf.o(i.__hardfp_expf)
    __hardfp_fmodf                           0x0800c5e9   Thumb Code   176  fmodf.o(i.__hardfp_fmodf)
    __hardfp_ldexp                           0x0800c699   Thumb Code   200  ldexp.o(i.__hardfp_ldexp)
    __hardfp_powf                            0x0800c769   Thumb Code  1518  powf.o(i.__hardfp_powf)
    __mathlib_powf                           0x0800c769   Thumb Code     0  powf.o(i.__hardfp_powf)
    __hardfp_sqrtf                           0x0800cd75   Thumb Code    58  sqrtf.o(i.__hardfp_sqrtf)
    __mathlib_dbl_overflow                   0x0800cdb1   Thumb Code    24  dunder.o(i.__mathlib_dbl_overflow)
    __mathlib_dbl_underflow                  0x0800cdd1   Thumb Code    24  dunder.o(i.__mathlib_dbl_underflow)
    __mathlib_flt_divzero                    0x0800cdf1   Thumb Code    14  funder.o(i.__mathlib_flt_divzero)
    __mathlib_flt_infnan                     0x0800ce05   Thumb Code     6  funder.o(i.__mathlib_flt_infnan)
    __mathlib_flt_infnan2                    0x0800ce0b   Thumb Code     6  funder.o(i.__mathlib_flt_infnan2)
    __mathlib_flt_invalid                    0x0800ce11   Thumb Code    10  funder.o(i.__mathlib_flt_invalid)
    __mathlib_flt_overflow                   0x0800ce21   Thumb Code    10  funder.o(i.__mathlib_flt_overflow)
    __mathlib_flt_underflow                  0x0800ce31   Thumb Code    10  funder.o(i.__mathlib_flt_underflow)
    __mathlib_narrow                         0x0800ce41   Thumb Code   166  narrow.o(i.__mathlib_narrow)
    __support_ldexp                          0x0800cef9   Thumb Code    20  ldexp.o(i.__support_ldexp)
    _is_digit                                0x0800cf0d   Thumb Code    14  __printf_wp.o(i._is_digit)
    frexp                                    0x0800cf21   Thumb Code   118  frexp.o(i.frexp)
    _get_lc_numeric                          0x0800cfad   Thumb Code    44  lc_numeric_c.o(locale$$code)
    _get_lc_ctype                            0x0800cfd9   Thumb Code    44  lc_ctype_c.o(locale$$code)
    __aeabi_d2f                              0x0800d005   Thumb Code     0  d2f.o(x$fpl$d2f)
    _d2f                                     0x0800d005   Thumb Code    98  d2f.o(x$fpl$d2f)
    __aeabi_dadd                             0x0800d069   Thumb Code     0  daddsub_clz.o(x$fpl$dadd)
    _dadd                                    0x0800d069   Thumb Code   332  daddsub_clz.o(x$fpl$dadd)
    __fpl_dcheck_NaN1                        0x0800d1b9   Thumb Code    10  dcheck1.o(x$fpl$dcheck1)
    __fpl_dcmp_Inf                           0x0800d1c9   Thumb Code    24  dcmpi.o(x$fpl$dcmpinf)
    __aeabi_ddiv                             0x0800d1e1   Thumb Code     0  ddiv.o(x$fpl$ddiv)
    _ddiv                                    0x0800d1e1   Thumb Code   552  ddiv.o(x$fpl$ddiv)
    __aeabi_cdcmpeq                          0x0800d491   Thumb Code     0  deqf.o(x$fpl$deqf)
    _dcmpeq                                  0x0800d491   Thumb Code   120  deqf.o(x$fpl$deqf)
    __aeabi_d2iz                             0x0800d509   Thumb Code     0  dfix.o(x$fpl$dfix)
    _dfix                                    0x0800d509   Thumb Code    94  dfix.o(x$fpl$dfix)
    __aeabi_d2uiz                            0x0800d569   Thumb Code     0  dfixu.o(x$fpl$dfixu)
    _dfixu                                   0x0800d569   Thumb Code    90  dfixu.o(x$fpl$dfixu)
    __aeabi_i2d                              0x0800d5c3   Thumb Code     0  dflt_clz.o(x$fpl$dflt)
    _dflt                                    0x0800d5c3   Thumb Code    46  dflt_clz.o(x$fpl$dflt)
    __aeabi_ui2d                             0x0800d5f1   Thumb Code     0  dflt_clz.o(x$fpl$dfltu)
    _dfltu                                   0x0800d5f1   Thumb Code    38  dflt_clz.o(x$fpl$dfltu)
    __aeabi_cdcmple                          0x0800d619   Thumb Code     0  dleqf.o(x$fpl$dleqf)
    _dcmple                                  0x0800d619   Thumb Code   120  dleqf.o(x$fpl$dleqf)
    __fpl_dcmple_InfNaN                      0x0800d67b   Thumb Code     0  dleqf.o(x$fpl$dleqf)
    __aeabi_dmul                             0x0800d691   Thumb Code     0  dmul.o(x$fpl$dmul)
    _dmul                                    0x0800d691   Thumb Code   332  dmul.o(x$fpl$dmul)
    __fpl_dnaninf                            0x0800d7e5   Thumb Code   156  dnaninf.o(x$fpl$dnaninf)
    __fpl_dretinf                            0x0800d881   Thumb Code    12  dretinf.o(x$fpl$dretinf)
    __aeabi_cdrcmple                         0x0800d88d   Thumb Code     0  drleqf.o(x$fpl$drleqf)
    _drcmple                                 0x0800d88d   Thumb Code   108  drleqf.o(x$fpl$drleqf)
    __aeabi_dsub                             0x0800d8f9   Thumb Code     0  daddsub_clz.o(x$fpl$dsub)
    _dsub                                    0x0800d8f9   Thumb Code   464  daddsub_clz.o(x$fpl$dsub)
    __aeabi_f2d                              0x0800dacd   Thumb Code     0  f2d.o(x$fpl$f2d)
    _f2d                                     0x0800dacd   Thumb Code    86  f2d.o(x$fpl$f2d)
    __fpl_fnaninf                            0x0800db23   Thumb Code   140  fnaninf.o(x$fpl$fnaninf)
    _fp_init                                 0x0800dbaf   Thumb Code    10  fpinit.o(x$fpl$fpinit)
    __fplib_config_fpu_vfp                   0x0800dbb7   Thumb Code     0  fpinit.o(x$fpl$fpinit)
    __fplib_config_pureend_doubles           0x0800dbb7   Thumb Code     0  fpinit.o(x$fpl$fpinit)
    _frem                                    0x0800dbb9   Thumb Code   240  frem_clz.o(x$fpl$frem)
    __fpl_fretinf                            0x0800dcad   Thumb Code    10  fretinf.o(x$fpl$fretinf)
    __fpl_return_NaN                         0x0800dcb7   Thumb Code   100  retnan.o(x$fpl$retnan)
    __ARM_scalbn                             0x0800dd1b   Thumb Code    92  scalbn.o(x$fpl$scalbn)
    _scanf_real                              0x0800dd77   Thumb Code     4  scanf1.o(x$fpl$scanf1)
    _scanf_hex_real                          0x0800dd7b   Thumb Code     4  scanf2.o(x$fpl$scanf2)
    _scanf_infnan                            0x0800dd7f   Thumb Code     4  scanf2.o(x$fpl$scanf2)
    __fpl_cmpreturn                          0x0800dd83   Thumb Code    48  trapv.o(x$fpl$trapveneer)
    LED_table                                0x0800ddb2   Data          18  led8.o(.constdata)
    __I$use$fp                               0x0800ddb2   Number         0  usenofp.o(x$fpl$usenofp)
    OSUnMapTbl                               0x0800ddc4   Data         256  os_core.o(.constdata)
    Region$$Table$$Base                      0x0800e0c8   Number         0  anon$$obj.o(Region$$Table)
    Region$$Table$$Limit                     0x0800e0e8   Number         0  anon$$obj.o(Region$$Table)
    __aeabi_HUGE_VAL                         0x0800e0e8   Data           0  fpconst.o(c$$dinf)
    __aeabi_HUGE_VALL                        0x0800e0e8   Data           0  fpconst.o(c$$dinf)
    __aeabi_INFINITY                         0x0800e0e8   Data           0  fpconst.o(c$$dinf)
    __dInf                                   0x0800e0e8   Data           0  fpconst.o(c$$dinf)
    __huge_val                               0x0800e0e8   Data           0  fpconst.o(c$$dinf)
    __ctype                                  0x0800e119   Data           0  lc_ctype_c.o(locale$$data)
    control_open                             0x20000000   Data           1  main.o(.data)
    interface                                0x20000001   Data           1  usart2.o(.data)
    USART2_RX_STA                            0x20000002   Data           1  usart2.o(.data)
    ELMOID                                   0x20000003   Data           1  usart2.o(.data)
    DJID                                     0x20000004   Data           1  usart2.o(.data)
    VESCID                                   0x20000005   Data           1  usart2.o(.data)
    buf                                      0x20000008   Data           4  can1.o(.data)
    speed                                    0x2000000c   Data           4  can1.o(.data)
    pos                                      0x20000010   Data           4  can1.o(.data)
    Error                                    0x20000014   Data           8  param.o(.data)
    MOTORAll                                 0x2000001c   Data           6  dianji.o(.data)
    VESCAll                                  0x20000024   Data           6  vesc.o(.data)
    dt                                       0x20000030   Data           4  vesc.o(.data)
    SystemCoreClock                          0x20000054   Data           4  system_stm32f4xx.o(.data)
    AHBPrescTable                            0x20000058   Data          16  system_stm32f4xx.o(.data)
    OSCtxSwCtr                               0x20000068   Data           4  os_core.o(.data)
    OSEventFreeList                          0x2000006c   Data           4  os_core.o(.data)
    OSFlagFreeList                           0x20000070   Data           4  os_core.o(.data)
    OSCPUUsage                               0x20000074   Data           1  os_core.o(.data)
    OSIdleCtrMax                             0x20000078   Data           4  os_core.o(.data)
    OSIdleCtrRun                             0x2000007c   Data           4  os_core.o(.data)
    OSStatRdy                                0x20000080   Data           1  os_core.o(.data)
    OSIntNesting                             0x20000081   Data           1  os_core.o(.data)
    OSLockNesting                            0x20000082   Data           1  os_core.o(.data)
    OSPrioCur                                0x20000083   Data           1  os_core.o(.data)
    OSPrioHighRdy                            0x20000084   Data           1  os_core.o(.data)
    OSRdyGrp                                 0x20000085   Data           1  os_core.o(.data)
    OSRdyTbl                                 0x20000086   Data           8  os_core.o(.data)
    OSRunning                                0x2000008e   Data           1  os_core.o(.data)
    OSTaskCtr                                0x2000008f   Data           1  os_core.o(.data)
    OSIdleCtr                                0x20000090   Data           4  os_core.o(.data)
    OSTCBCur                                 0x20000094   Data           4  os_core.o(.data)
    OSTCBFreeList                            0x20000098   Data           4  os_core.o(.data)
    OSTCBHighRdy                             0x2000009c   Data           4  os_core.o(.data)
    OSTCBList                                0x200000a0   Data           4  os_core.o(.data)
    OSTickStepState                          0x200000a4   Data           1  os_core.o(.data)
    OSMemFreeList                            0x200000a8   Data           4  os_core.o(.data)
    OSQFreeList                              0x200000ac   Data           4  os_core.o(.data)
    OSTime                                   0x200000b0   Data           4  os_core.o(.data)
    tick_ms                                  0x200000b4   Data           4  os_cpu_c.o(.data)
    START_TASK_STK                           0x200000b8   Data        1024  main.o(.bss)
    MOTOR_TASK_STK                           0x200004b8   Data        1024  main.o(.bss)
    VESC_TASK_STK                            0x200008b8   Data        1024  main.o(.bss)
    VESCSEND_TASK_STK                        0x20000cb8   Data        1024  main.o(.bss)
    last_update_time                         0x200010d8   Data          32  can2.o(.bss)
    now_update_time                          0x200010f8   Data          32  can2.o(.bss)
    err_update_time                          0x20001118   Data          32  can2.o(.bss)
    flag                                     0x20001138   Data          21  param.o(.bss)
    usart                                    0x2000114d   Data         640  param.o(.bss)
    Can_Senstruct                            0x200013d0   Data          16  queue.o(.bss)
    Can2_MesgSentList                        0x200013e0   Data        6592  queue.o(.bss)
    Can1_MesgSentList                        0x20002da0   Data        4944  queue.o(.bss)
    Can2_elmoMesgSentList                    0x200040f0   Data        6592  queue.o(.bss)
    Can_Sentqueue                            0x20005ab0   Data         804  queue.o(.bss)
    Can2_Sendqueue                           0x20005dd4   Data         804  queue.o(.bss)
    Can1_Sendqueue                           0x200060f8   Data         804  queue.o(.bss)
    VESC_Sendqueue                           0x2000641c   Data         804  queue.o(.bss)
    AK_Sendqueue                             0x20006740   Data         804  queue.o(.bss)
    motorargum                               0x20006a68   Data          32  dianji.o(.bss)
    motorlimit                               0x20006a88   Data          20  dianji.o(.bss)
    M3508instrin                             0x20006aa0   Data          24  dianji.o(.bss)
    M2006instrin                             0x20006ab8   Data          24  dianji.o(.bss)
    motor                                    0x20006ad0   Data        1728  dianji.o(.bss)
    SUNNYSKY                                 0x20007190   Data          12  vesc.o(.bss)
    VESC_U10                                 0x2000719c   Data          12  vesc.o(.bss)
    VESC_U8                                  0x200071a8   Data          12  vesc.o(.bss)
    VESClimit                                0x200071b4   Data          28  vesc.o(.bss)
    VESCargum                                0x200071d0   Data          36  vesc.o(.bss)
    VESCmotor                                0x200071f4   Data        1312  vesc.o(.bss)
    IIR_filt                                 0x20007714   Data          12  filter.o(.bss)
    kal_filter                               0x20007720   Data          52  filter.o(.bss)
    OSEventTbl                               0x20007754   Data         300  os_core.o(.bss)
    OSFlagTbl                                0x20007880   Data          80  os_core.o(.bss)
    OSTaskStatStk                            0x200078d0   Data         512  os_core.o(.bss)
    OSTaskIdleStk                            0x20007ad0   Data         512  os_core.o(.bss)
    OSTCBPrioTbl                             0x20007cd0   Data         256  os_core.o(.bss)
    OSTCBTbl                                 0x20007dd0   Data        5208  os_core.o(.bss)
    OSMemTbl                                 0x20009228   Data         120  os_core.o(.bss)
    OSQTbl                                   0x200092a0   Data          96  os_core.o(.bss)
    __libspace_start                         0x20009300   Data          96  libspace.o(.bss)
    __temporary_stack_top$libspace           0x20009360   Data           0  libspace.o(.bss)



==============================================================================

Memory Map of the image

  Image Entry point : 0x08000189

  Load Region LR_IROM1 (Base: 0x08000000, Size: 0x0000e2d4, Max: 0x00100000, ABSOLUTE)

    Execution Region ER_IROM1 (Base: 0x08000000, Size: 0x0000e21c, Max: 0x00100000, ABSOLUTE)

    Base Addr    Size         Type   Attr      Idx    E Section Name        Object

    0x08000000   0x00000188   Data   RO         1024    RESET               startup_stm32f4xx.o
    0x08000188   0x00000008   Code   RO         1309  * !!!main             c_w.l(__main.o)
    0x08000190   0x00000034   Code   RO         1772    !!!scatter          c_w.l(__scatter.o)
    0x080001c4   0x0000001a   Code   RO         1774    !!handler_copy      c_w.l(__scatter_copy.o)
    0x080001de   0x00000002   PAD
    0x080001e0   0x0000001c   Code   RO         1776    !!handler_zi        c_w.l(__scatter_zi.o)
    0x080001fc   0x00000000   Code   RO         1294    .ARM.Collect$$_printf_percent$$00000000  c_w.l(_printf_percent.o)
    0x080001fc   0x00000006   Code   RO         1293    .ARM.Collect$$_printf_percent$$00000009  c_w.l(_printf_d.o)
    0x08000202   0x00000004   Code   RO         1435    .ARM.Collect$$_printf_percent$$00000017  c_w.l(_printf_percent_end.o)
    0x08000206   0x00000002   Code   RO         1601    .ARM.Collect$$libinit$$00000000  c_w.l(libinit.o)
    0x08000208   0x00000004   Code   RO         1442    .ARM.Collect$$libinit$$00000001  c_w.l(libinit2.o)
    0x0800020c   0x00000000   Code   RO         1445    .ARM.Collect$$libinit$$00000004  c_w.l(libinit2.o)
    0x0800020c   0x00000008   Code   RO         1446    .ARM.Collect$$libinit$$00000005  c_w.l(libinit2.o)
    0x08000214   0x00000000   Code   RO         1448    .ARM.Collect$$libinit$$0000000A  c_w.l(libinit2.o)
    0x08000214   0x00000000   Code   RO         1450    .ARM.Collect$$libinit$$0000000C  c_w.l(libinit2.o)
    0x08000214   0x00000000   Code   RO         1452    .ARM.Collect$$libinit$$0000000E  c_w.l(libinit2.o)
    0x08000214   0x00000006   Code   RO         1453    .ARM.Collect$$libinit$$0000000F  c_w.l(libinit2.o)
    0x0800021a   0x00000000   Code   RO         1455    .ARM.Collect$$libinit$$00000011  c_w.l(libinit2.o)
    0x0800021a   0x0000000c   Code   RO         1456    .ARM.Collect$$libinit$$00000012  c_w.l(libinit2.o)
    0x08000226   0x00000000   Code   RO         1457    .ARM.Collect$$libinit$$00000013  c_w.l(libinit2.o)
    0x08000226   0x00000000   Code   RO         1459    .ARM.Collect$$libinit$$00000015  c_w.l(libinit2.o)
    0x08000226   0x0000000a   Code   RO         1460    .ARM.Collect$$libinit$$00000016  c_w.l(libinit2.o)
    0x08000230   0x00000000   Code   RO         1461    .ARM.Collect$$libinit$$00000017  c_w.l(libinit2.o)
    0x08000230   0x00000000   Code   RO         1463    .ARM.Collect$$libinit$$00000019  c_w.l(libinit2.o)
    0x08000230   0x00000000   Code   RO         1465    .ARM.Collect$$libinit$$0000001B  c_w.l(libinit2.o)
    0x08000230   0x00000000   Code   RO         1467    .ARM.Collect$$libinit$$0000001D  c_w.l(libinit2.o)
    0x08000230   0x00000000   Code   RO         1469    .ARM.Collect$$libinit$$0000001F  c_w.l(libinit2.o)
    0x08000230   0x00000000   Code   RO         1471    .ARM.Collect$$libinit$$00000021  c_w.l(libinit2.o)
    0x08000230   0x00000000   Code   RO         1473    .ARM.Collect$$libinit$$00000023  c_w.l(libinit2.o)
    0x08000230   0x00000000   Code   RO         1475    .ARM.Collect$$libinit$$00000025  c_w.l(libinit2.o)
    0x08000230   0x00000000   Code   RO         1479    .ARM.Collect$$libinit$$0000002C  c_w.l(libinit2.o)
    0x08000230   0x00000000   Code   RO         1481    .ARM.Collect$$libinit$$0000002E  c_w.l(libinit2.o)
    0x08000230   0x00000000   Code   RO         1483    .ARM.Collect$$libinit$$00000030  c_w.l(libinit2.o)
    0x08000230   0x00000000   Code   RO         1485    .ARM.Collect$$libinit$$00000032  c_w.l(libinit2.o)
    0x08000230   0x00000002   Code   RO         1486    .ARM.Collect$$libinit$$00000033  c_w.l(libinit2.o)
    0x08000232   0x00000002   Code   RO         1726    .ARM.Collect$$libshutdown$$00000000  c_w.l(libshutdown.o)
    0x08000234   0x00000000   Code   RO         1649    .ARM.Collect$$libshutdown$$00000003  c_w.l(libshutdown2.o)
    0x08000234   0x00000000   Code   RO         1652    .ARM.Collect$$libshutdown$$00000006  c_w.l(libshutdown2.o)
    0x08000234   0x00000000   Code   RO         1655    .ARM.Collect$$libshutdown$$00000009  c_w.l(libshutdown2.o)
    0x08000234   0x00000000   Code   RO         1657    .ARM.Collect$$libshutdown$$0000000B  c_w.l(libshutdown2.o)
    0x08000234   0x00000000   Code   RO         1660    .ARM.Collect$$libshutdown$$0000000E  c_w.l(libshutdown2.o)
    0x08000234   0x00000002   Code   RO         1661    .ARM.Collect$$libshutdown$$0000000F  c_w.l(libshutdown2.o)
    0x08000236   0x00000000   Code   RO         1401    .ARM.Collect$$rtentry$$00000000  c_w.l(__rtentry.o)
    0x08000236   0x00000000   Code   RO         1522    .ARM.Collect$$rtentry$$00000002  c_w.l(__rtentry2.o)
    0x08000236   0x00000006   Code   RO         1534    .ARM.Collect$$rtentry$$00000004  c_w.l(__rtentry4.o)
    0x0800023c   0x00000000   Code   RO         1524    .ARM.Collect$$rtentry$$00000009  c_w.l(__rtentry2.o)
    0x0800023c   0x00000004   Code   RO         1525    .ARM.Collect$$rtentry$$0000000A  c_w.l(__rtentry2.o)
    0x08000240   0x00000000   Code   RO         1527    .ARM.Collect$$rtentry$$0000000C  c_w.l(__rtentry2.o)
    0x08000240   0x00000008   Code   RO         1528    .ARM.Collect$$rtentry$$0000000D  c_w.l(__rtentry2.o)
    0x08000248   0x00000002   Code   RO         1604    .ARM.Collect$$rtexit$$00000000  c_w.l(rtexit.o)
    0x0800024a   0x00000000   Code   RO         1682    .ARM.Collect$$rtexit$$00000002  c_w.l(rtexit2.o)
    0x0800024a   0x00000004   Code   RO         1683    .ARM.Collect$$rtexit$$00000003  c_w.l(rtexit2.o)
    0x0800024e   0x00000006   Code   RO         1684    .ARM.Collect$$rtexit$$00000004  c_w.l(rtexit2.o)
    0x08000254   0x00000000   Code   RO         1543    .emb_text           c_w.l(maybetermalloc1.o)
    0x08000254   0x00000130   Code   RO            4    .text               main.o
    0x08000384   0x00000124   Code   RO          199    .text               tim2.o
    0x080004a8   0x00000ad0   Code   RO          227    .text               usart2.o
    0x08000f78   0x000006cc   Code   RO          255    .text               can1.o
    0x08001644   0x00000190   Code   RO          282    .text               tim5.o
    0x080017d4   0x00000620   Code   RO          306    .text               can2.o
    0x08001df4   0x000000ec   Code   RO          336    .text               param.o
    0x08001ee0   0x000000e6   Code   RO          367    .text               numchange.o
    0x08001fc6   0x00000002   PAD
    0x08001fc8   0x0000018c   Code   RO          391    .text               tim3.o
    0x08002154   0x00000140   Code   RO          445    .text               queue.o
    0x08002294   0x0000118c   Code   RO          479    .text               dianji.o
    0x08003420   0x000013c0   Code   RO          510    .text               vesc.o
    0x080047e0   0x00000344   Code   RO          549    .text               canctrollist.o
    0x08004b24   0x000001a0   Code   RO          579    .text               pid.o
    0x08004cc4   0x000000ac   Code   RO          603    .text               led.o
    0x08004d70   0x0000019c   Code   RO          627    .text               filter.o
    0x08004f0c   0x00000098   Code   RO          657    .text               led8.o
    0x08004fa4   0x00000024   Code   RO          684    .text               stm32f4xx_it.o
    0x08004fc8   0x00000044   Code   RO          711    .text               delay.o
    0x0800500c   0x00000adc   Code   RO          735    .text               utils.o
    0x08005ae8   0x00000068   Code   RO          764    .text               beep.o
    0x08005b50   0x000000e0   Code   RO          788    .text               misc.o
    0x08005c30   0x000009f0   Code   RO          812    .text               stm32f4xx_can.o
    0x08006620   0x000003a8   Code   RO          836    .text               stm32f4xx_dma.o
    0x080069c8   0x0000025c   Code   RO          887    .text               stm32f4xx_gpio.o
    0x08006c24   0x00000588   Code   RO          911    .text               stm32f4xx_rcc.o
    0x080071ac   0x00000ca2   Code   RO          937    .text               stm32f4xx_tim.o
    0x08007e4e   0x00000002   PAD
    0x08007e50   0x0000041a   Code   RO          961    .text               stm32f4xx_usart.o
    0x0800826a   0x00000002   PAD
    0x0800826c   0x00000210   Code   RO          985    .text               system_stm32f4xx.o
    0x0800847c   0x00000040   Code   RO         1025    .text               startup_stm32f4xx.o
    0x080084bc   0x000008c0   Code   RO         1029    .text               os_core.o
    0x08008d7c   0x0000080c   Code   RO         1049    .text               os_flag.o
    0x08009588   0x000001e4   Code   RO         1073    .text               os_mem.o
    0x0800976c   0x000005e8   Code   RO         1097    .text               os_q.o
    0x08009d54   0x000007c0   Code   RO         1121    .text               os_task.o
    0x0800a514   0x000001ac   Code   RO         1133    .text               os_time.o
    0x0800a6c0   0x000000b0   Code   RO         1151    .text               os_cpu_a.o
    0x0800a770   0x00000288   Code   RO         1157    .text               os_cpu_c.o
    0x0800a9f8   0x0000005e   Code   RO         1207    .text               c_w.l(h1_alloc.o)
    0x0800aa56   0x0000004e   Code   RO         1209    .text               c_w.l(h1_free.o)
    0x0800aaa4   0x00000028   Code   RO         1267    .text               c_w.l(noretval__2sprintf.o)
    0x0800aacc   0x00000068   Code   RO         1269    .text               c_w.l(__printf.o)
    0x0800ab34   0x00000078   Code   RO         1271    .text               c_w.l(_printf_dec.o)
    0x0800abac   0x00000048   Code   RO         1295    .text               c_w.l(strcpy.o)
    0x0800abf4   0x0000003e   Code   RO         1297    .text               c_w.l(strlen.o)
    0x0800ac32   0x00000018   Code   RO         1299    .text               c_w.l(strcat.o)
    0x0800ac4a   0x0000008a   Code   RO         1301    .text               c_w.l(rt_memcpy_v6.o)
    0x0800acd4   0x00000064   Code   RO         1303    .text               c_w.l(rt_memcpy_w.o)
    0x0800ad38   0x00000044   Code   RO         1305    .text               c_w.l(rt_memclr.o)
    0x0800ad7c   0x00000006   Code   RO         1307    .text               c_w.l(heapauxi.o)
    0x0800ad82   0x00000002   PAD
    0x0800ad84   0x00000008   Code   RO         1405    .text               c_w.l(rt_heap_descriptor_intlibspace.o)
    0x0800ad8c   0x00000004   Code   RO         1407    .text               c_w.l(hguard.o)
    0x0800ad90   0x0000008a   Code   RO         1409    .text               c_w.l(init_alloc.o)
    0x0800ae1a   0x0000000e   Code   RO         1413    .text               c_w.l(h1_init.o)
    0x0800ae28   0x00000016   Code   RO         1427    .text               c_w.l(_rserrno.o)
    0x0800ae3e   0x000000b2   Code   RO         1429    .text               c_w.l(_printf_intcommon.o)
    0x0800aef0   0x00000030   Code   RO         1431    .text               c_w.l(_printf_char_common.o)
    0x0800af20   0x0000000a   Code   RO         1433    .text               c_w.l(_sputc.o)
    0x0800af2a   0x00000002   PAD
    0x0800af2c   0x000000a0   Code   RO         1436    .text               c_w.l(strtod.o)
    0x0800afcc   0x0000004e   Code   RO         1438    .text               c_w.l(rt_memclr_w.o)
    0x0800b01a   0x00000002   PAD
    0x0800b01c   0x00000008   Code   RO         1518    .text               c_w.l(libspace.o)
    0x0800b024   0x00000008   Code   RO         1539    .text               c_w.l(rt_errno_addr_intlibspace.o)
    0x0800b02c   0x00000034   Code   RO         1545    .text               c_w.l(h1_extend.o)
    0x0800b060   0x00000012   Code   RO         1549    .text               c_w.l(isspace.o)
    0x0800b072   0x00000040   Code   RO         1553    .text               c_w.l(_sgetc.o)
    0x0800b0b2   0x0000000e   Code   RO         1558    .text               c_w.l(defsig_rtmem_outer.o)
    0x0800b0c0   0x00000002   Code   RO         1571    .text               c_w.l(use_no_semi.o)
    0x0800b0c2   0x00000000   Code   RO         1573    .text               c_w.l(indicate_semi.o)
    0x0800b0c2   0x0000004a   Code   RO         1574    .text               c_w.l(sys_stackheap_outer.o)
    0x0800b10c   0x00000010   Code   RO         1576    .text               c_w.l(rt_ctype_table.o)
    0x0800b11c   0x000004a4   Code   RO         1582    .text               c_w.l(scanf_fp.o)
    0x0800b5c0   0x0000000c   Code   RO         1584    .text               c_w.l(exit.o)
    0x0800b5cc   0x0000000a   Code   RO         1586    .text               c_w.l(defsig_exit.o)
    0x0800b5d6   0x00000002   PAD
    0x0800b5d8   0x00000050   Code   RO         1588    .text               c_w.l(defsig_rtmem_inner.o)
    0x0800b628   0x00000080   Code   RO         1590    .text               c_w.l(strcmpv7m.o)
    0x0800b6a8   0x0000000c   Code   RO         1602    .text               c_w.l(sys_exit.o)
    0x0800b6b4   0x00000008   Code   RO         1609    .text               c_w.l(rt_locale_intlibspace.o)
    0x0800b6bc   0x000000dc   Code   RO         1615    .text               c_w.l(bigflt0.o)
    0x0800b798   0x00000032   Code   RO         1645    .text               c_w.l(defsig_general.o)
    0x0800b7ca   0x0000000e   Code   RO         1679    .text               c_w.l(sys_wrch.o)
    0x0800b7d8   0x00000318   Code   RO         1688    .text               c_w.l(scanf_hexfp.o)
    0x0800baf0   0x00000134   Code   RO         1690    .text               c_w.l(scanf_infnan.o)
    0x0800bc24   0x00000026   Code   RO         1704    .text               c_w.l(llshl.o)
    0x0800bc4a   0x0000001c   Code   RO         1706    .text               c_w.l(_chval.o)
    0x0800bc66   0x00000338   Code   RO         1628    CL$$btod_div_common  c_w.l(btod.o)
    0x0800bf9e   0x00000002   PAD
    0x0800bfa0   0x00000054   Code   RO         1626    CL$$btod_e2d        c_w.l(btod.o)
    0x0800bff4   0x000000c6   Code   RO         1625    CL$$btod_e2e        c_w.l(btod.o)
    0x0800c0ba   0x00000028   Code   RO         1622    CL$$btod_ediv       c_w.l(btod.o)
    0x0800c0e2   0x00000028   Code   RO         1624    CL$$btod_edivd      c_w.l(btod.o)
    0x0800c10a   0x00000028   Code   RO         1621    CL$$btod_emul       c_w.l(btod.o)
    0x0800c132   0x00000028   Code   RO         1623    CL$$btod_emuld      c_w.l(btod.o)
    0x0800c15a   0x00000244   Code   RO         1627    CL$$btod_mult_common  c_w.l(btod.o)
    0x0800c39e   0x00000026   Code   RO         1500    i.__ARM_fpclassifyf  m_wm.l(fpclassifyf.o)
    0x0800c3c4   0x00000004   PAD
    0x0800c3c8   0x00000038   Code   RO         1341    i.__hardfp_atof     m_wm.l(atof.o)
    0x0800c400   0x000001e8   Code   RO         1347    i.__hardfp_expf     m_wm.l(expf.o)
    0x0800c5e8   0x000000b0   Code   RO         1361    i.__hardfp_fmodf    m_wm.l(fmodf.o)
    0x0800c698   0x000000d0   Code   RO         1731    i.__hardfp_ldexp    m_wm.l(ldexp.o)
    0x0800c768   0x0000060c   Code   RO         1373    i.__hardfp_powf     m_wm.l(powf.o)
    0x0800cd74   0x0000003a   Code   RO         1387    i.__hardfp_sqrtf    m_wm.l(sqrtf.o)
    0x0800cdae   0x00000002   PAD
    0x0800cdb0   0x00000020   Code   RO         1753    i.__mathlib_dbl_overflow  m_wm.l(dunder.o)
    0x0800cdd0   0x00000020   Code   RO         1755    i.__mathlib_dbl_underflow  m_wm.l(dunder.o)
    0x0800cdf0   0x00000014   Code   RO         1502    i.__mathlib_flt_divzero  m_wm.l(funder.o)
    0x0800ce04   0x00000006   Code   RO         1503    i.__mathlib_flt_infnan  m_wm.l(funder.o)
    0x0800ce0a   0x00000006   Code   RO         1504    i.__mathlib_flt_infnan2  m_wm.l(funder.o)
    0x0800ce10   0x00000010   Code   RO         1505    i.__mathlib_flt_invalid  m_wm.l(funder.o)
    0x0800ce20   0x00000010   Code   RO         1506    i.__mathlib_flt_overflow  m_wm.l(funder.o)
    0x0800ce30   0x00000010   Code   RO         1508    i.__mathlib_flt_underflow  m_wm.l(funder.o)
    0x0800ce40   0x000000b8   Code   RO         1672    i.__mathlib_narrow  m_wm.l(narrow.o)
    0x0800cef8   0x00000014   Code   RO         1733    i.__support_ldexp   m_wm.l(ldexp.o)
    0x0800cf0c   0x0000000e   Code   RO         1283    i._is_digit         c_w.l(__printf_wp.o)
    0x0800cf1a   0x00000006   PAD
    0x0800cf20   0x0000008c   Code   RO         1700    i.frexp             m_wm.l(frexp.o)
    0x0800cfac   0x0000002c   Code   RO         1556    locale$$code        c_w.l(lc_numeric_c.o)
    0x0800cfd8   0x0000002c   Code   RO         1641    locale$$code        c_w.l(lc_ctype_c.o)
    0x0800d004   0x00000062   Code   RO         1311    x$fpl$d2f           fz_wm.l(d2f.o)
    0x0800d066   0x00000002   PAD
    0x0800d068   0x00000150   Code   RO         1313    x$fpl$dadd          fz_wm.l(daddsub_clz.o)
    0x0800d1b8   0x00000010   Code   RO         1764    x$fpl$dcheck1       fz_wm.l(dcheck1.o)
    0x0800d1c8   0x00000018   Code   RO         1727    x$fpl$dcmpinf       fz_wm.l(dcmpi.o)
    0x0800d1e0   0x000002b0   Code   RO         1320    x$fpl$ddiv          fz_wm.l(ddiv.o)
    0x0800d490   0x00000078   Code   RO         1694    x$fpl$deqf          fz_wm.l(deqf.o)
    0x0800d508   0x0000005e   Code   RO         1323    x$fpl$dfix          fz_wm.l(dfix.o)
    0x0800d566   0x00000002   PAD
    0x0800d568   0x0000005a   Code   RO         1327    x$fpl$dfixu         fz_wm.l(dfixu.o)
    0x0800d5c2   0x0000002e   Code   RO         1332    x$fpl$dflt          fz_wm.l(dflt_clz.o)
    0x0800d5f0   0x00000026   Code   RO         1331    x$fpl$dfltu         fz_wm.l(dflt_clz.o)
    0x0800d616   0x00000002   PAD
    0x0800d618   0x00000078   Code   RO         1729    x$fpl$dleqf         fz_wm.l(dleqf.o)
    0x0800d690   0x00000154   Code   RO         1337    x$fpl$dmul          fz_wm.l(dmul.o)
    0x0800d7e4   0x0000009c   Code   RO         1487    x$fpl$dnaninf       fz_wm.l(dnaninf.o)
    0x0800d880   0x0000000c   Code   RO         1489    x$fpl$dretinf       fz_wm.l(dretinf.o)
    0x0800d88c   0x0000006c   Code   RO         1696    x$fpl$drleqf        fz_wm.l(drleqf.o)
    0x0800d8f8   0x000001d4   Code   RO         1315    x$fpl$dsub          fz_wm.l(daddsub_clz.o)
    0x0800dacc   0x00000056   Code   RO         1339    x$fpl$f2d           fz_wm.l(f2d.o)
    0x0800db22   0x0000008c   Code   RO         1491    x$fpl$fnaninf       fz_wm.l(fnaninf.o)
    0x0800dbae   0x0000000a   Code   RO         1567    x$fpl$fpinit        fz_wm.l(fpinit.o)
    0x0800dbb8   0x000000f4   Code   RO         1493    x$fpl$frem          fz_wm.l(frem_clz.o)
    0x0800dcac   0x0000000a   Code   RO         1495    x$fpl$fretinf       fz_wm.l(fretinf.o)
    0x0800dcb6   0x00000064   Code   RO         1766    x$fpl$retnan        fz_wm.l(retnan.o)
    0x0800dd1a   0x0000005c   Code   RO         1747    x$fpl$scalbn        fz_wm.l(scalbn.o)
    0x0800dd76   0x00000004   Code   RO         1569    x$fpl$scanf1        fz_wm.l(scanf1.o)
    0x0800dd7a   0x00000008   Code   RO         1665    x$fpl$scanf2        fz_wm.l(scanf2.o)
    0x0800dd82   0x00000030   Code   RO         1768    x$fpl$trapveneer    fz_wm.l(trapv.o)
    0x0800ddb2   0x00000000   Code   RO         1499    x$fpl$usenofp       fz_wm.l(usenofp.o)
    0x0800ddb2   0x00000012   Data   RO          658    .constdata          led8.o
    0x0800ddc4   0x00000100   Data   RO         1031    .constdata          os_core.o
    0x0800dec4   0x00000030   Data   RO         1350    .constdata          m_wm.l(expf.o)
    0x0800def4   0x00000140   Data   RO         1376    .constdata          m_wm.l(powf.o)
    0x0800e034   0x00000094   Data   RO         1616    .constdata          c_w.l(bigflt0.o)
    0x0800e0c8   0x00000020   Data   RO         1770    Region$$Table       anon$$obj.o
    0x0800e0e8   0x00000008   Data   RO         1662    c$$dinf             fz_wm.l(fpconst.o)
    0x0800e0f0   0x0000001c   Data   RO         1555    locale$$data        c_w.l(lc_numeric_c.o)
    0x0800e10c   0x00000110   Data   RO         1640    locale$$data        c_w.l(lc_ctype_c.o)


    Execution Region RW_IRAM1 (Base: 0x20000000, Size: 0x0000bf60, Max: 0x00020000, ABSOLUTE)

    Base Addr    Size         Type   Attr      Idx    E Section Name        Object

    0x20000000   0x00000001   Data   RW            6    .data               main.o
    0x20000001   0x00000005   Data   RW          229    .data               usart2.o
    0x20000006   0x00000002   PAD
    0x20000008   0x0000000c   Data   RW          256    .data               can1.o
    0x20000014   0x00000008   Data   RW          338    .data               param.o
    0x2000001c   0x00000006   Data   RW          481    .data               dianji.o
    0x20000022   0x00000002   PAD
    0x20000024   0x00000020   Data   RW          512    .data               vesc.o
    0x20000044   0x00000010   Data   RW          912    .data               stm32f4xx_rcc.o
    0x20000054   0x00000014   Data   RW          986    .data               system_stm32f4xx.o
    0x20000068   0x0000004c   Data   RW         1032    .data               os_core.o
    0x200000b4   0x00000004   Data   RW         1158    .data               os_cpu_c.o
    0x200000b8   0x00001000   Zero   RW            5    .bss                main.o
    0x200010b8   0x00000020   Zero   RW          228    .bss                usart2.o
    0x200010d8   0x00000060   Zero   RW          307    .bss                can2.o
    0x20001138   0x00000295   Zero   RW          337    .bss                param.o
    0x200013cd   0x00000003   PAD
    0x200013d0   0x00005694   Zero   RW          446    .bss                queue.o
    0x20006a64   0x00000004   PAD
    0x20006a68   0x00000728   Zero   RW          480    .bss                dianji.o
    0x20007190   0x00000584   Zero   RW          511    .bss                vesc.o
    0x20007714   0x00000040   Zero   RW          628    .bss                filter.o
    0x20007754   0x00001bac   Zero   RW         1030    .bss                os_core.o
    0x20009300   0x00000060   Zero   RW         1519    .bss                c_w.l(libspace.o)
    0x20009360   0x00002800   Zero   RW         1023    HEAP                startup_stm32f4xx.o
    0x2000bb60   0x00000400   Zero   RW         1022    STACK               startup_stm32f4xx.o


==============================================================================

Image component sizes


      Code (inc. data)   RO Data    RW Data    ZI Data      Debug   Object Name

       104          4          0          0          0        750   beep.o
      1740         44          0         12          0       2981   can1.o
      1568         36          0          0         96       2308   can2.o
       836          4          0          0          0       2023   canctrollist.o
        68          0          0          0          0       1026   delay.o
      4492        122          0          6       1832       5975   dianji.o
       412         32          0          0         64       2410   filter.o
       172          6          0          0          0        721   led.o
       152         10         18          0          0       1291   led8.o
       304         56          0          1       4096     321177   main.o
       224         20          0          0          0       1981   misc.o
       230          0          0          0          0       2409   numchange.o
      2240        216        256         76       7084      15530   os_core.o
       176         32          0          0          0        316   os_cpu_a.o
       648         16          0          4          0      38421   os_cpu_c.o
      2060         42          0          0          0       6904   os_flag.o
       484         16          0          0          0       3128   os_mem.o
      1512         30          0          0          0       5533   os_q.o
      1984         70          0          0          0       7565   os_task.o
       428         28          0          0          0       1806   os_time.o
       236         12          0          8        661       4146   param.o
       416         14          0          0          0       1898   pid.o
       320         32          0          0      22164       3822   queue.o
        64         26        392          0      11264        852   startup_stm32f4xx.o
      2544         38          0          0          0       8132   stm32f4xx_can.o
       936         32          0          0          0       6457   stm32f4xx_dma.o
       604         36          0          0          0       4221   stm32f4xx_gpio.o
        36          0          0          0          0       1179   stm32f4xx_it.o
      1416         48          0         16          0      11147   stm32f4xx_rcc.o
      3234         60          0          0          0      22464   stm32f4xx_tim.o
      1050         26          0          0          0       7936   stm32f4xx_usart.o
       528         46          0         20          0       1895   system_stm32f4xx.o
       292         20          0          0          0        844   tim2.o
       396         18          0          0          0        876   tim3.o
       400         18          0          0          0        832   tim5.o
      2768        110          0          5         32       3182   usart2.o
      2780         86          0          0          0       9714   utils.o
      5056        208          0         32       1412       8551   vesc.o

    ----------------------------------------------------------------------
     42916       1614        698        184      48712     522403   Object Totals
         0          0         32          0          0          0   (incl. Generated)
         6          0          0          4          7          0   (incl. Padding)

    ----------------------------------------------------------------------

      Code (inc. data)   RO Data    RW Data    ZI Data      Debug   Library Member Name

         8          0          0          0          0         68   __main.o
       104          0          0          0          0         84   __printf.o
        14          0          0          0          0         68   __printf_wp.o
         0          0          0          0          0          0   __rtentry.o
        12          0          0          0          0          0   __rtentry2.o
         6          0          0          0          0          0   __rtentry4.o
        52          8          0          0          0          0   __scatter.o
        26          0          0          0          0          0   __scatter_copy.o
        28          0          0          0          0          0   __scatter_zi.o
        28          0          0          0          0         68   _chval.o
        48          6          0          0          0         96   _printf_char_common.o
         6          0          0          0          0          0   _printf_d.o
       120         16          0          0          0         92   _printf_dec.o
       178          0          0          0          0         88   _printf_intcommon.o
         0          0          0          0          0          0   _printf_percent.o
         4          0          0          0          0          0   _printf_percent_end.o
        22          0          0          0          0        100   _rserrno.o
        64          0          0          0          0         84   _sgetc.o
        10          0          0          0          0         68   _sputc.o
       220          4        148          0          0         96   bigflt0.o
      1846        132          0          0          0        736   btod.o
        10          0          0          0          0         68   defsig_exit.o
        50          0          0          0          0         88   defsig_general.o
        80         58          0          0          0         76   defsig_rtmem_inner.o
        14          0          0          0          0         80   defsig_rtmem_outer.o
        12          0          0          0          0         72   exit.o
        94          0          0          0          0         80   h1_alloc.o
        52          0          0          0          0         68   h1_extend.o
        78          0          0          0          0         80   h1_free.o
        14          0          0          0          0         84   h1_init.o
         6          0          0          0          0        152   heapauxi.o
         4          0          0          0          0        136   hguard.o
         0          0          0          0          0          0   indicate_semi.o
       138          0          0          0          0        168   init_alloc.o
        18          0          0          0          0         76   isspace.o
        44         10        272          0          0         76   lc_ctype_c.o
        44         10         28          0          0         76   lc_numeric_c.o
         2          0          0          0          0          0   libinit.o
        42          0          0          0          0          0   libinit2.o
         2          0          0          0          0          0   libshutdown.o
         2          0          0          0          0          0   libshutdown2.o
         8          4          0          0         96         68   libspace.o
        38          0          0          0          0         68   llshl.o
         0          0          0          0          0          0   maybetermalloc1.o
        40          6          0          0          0         84   noretval__2sprintf.o
        16          4          0          0          0         76   rt_ctype_table.o
         8          4          0          0          0         68   rt_errno_addr_intlibspace.o
         8          4          0          0          0         68   rt_heap_descriptor_intlibspace.o
         8          4          0          0          0         68   rt_locale_intlibspace.o
        68          0          0          0          0         68   rt_memclr.o
        78          0          0          0          0         80   rt_memclr_w.o
       138          0          0          0          0         68   rt_memcpy_v6.o
       100          0          0          0          0         80   rt_memcpy_w.o
         2          0          0          0          0          0   rtexit.o
        10          0          0          0          0          0   rtexit2.o
      1188         12          0          0          0        148   scanf_fp.o
       792         14          0          0          0        100   scanf_hexfp.o
       308         16          0          0          0        100   scanf_infnan.o
        24          0          0          0          0         68   strcat.o
       128          0          0          0          0         68   strcmpv7m.o
        72          0          0          0          0         80   strcpy.o
        62          0          0          0          0         76   strlen.o
       160         12          0          0          0        120   strtod.o
        12          4          0          0          0         68   sys_exit.o
        74          0          0          0          0         80   sys_stackheap_outer.o
        14          0          0          0          0         76   sys_wrch.o
         2          0          0          0          0         68   use_no_semi.o
        98          4          0          0          0        140   d2f.o
       804         16          0          0          0        368   daddsub_clz.o
        16          4          0          0          0        116   dcheck1.o
        24          0          0          0          0        116   dcmpi.o
       688        140          0          0          0        256   ddiv.o
       120          4          0          0          0        140   deqf.o
        94          4          0          0          0        140   dfix.o
        90          4          0          0          0        140   dfixu.o
        84          0          0          0          0        232   dflt_clz.o
       120          4          0          0          0        140   dleqf.o
       340         12          0          0          0        152   dmul.o
       156          4          0          0          0        140   dnaninf.o
        12          0          0          0          0        116   dretinf.o
       108          0          0          0          0        128   drleqf.o
        86          4          0          0          0        132   f2d.o
       140          4          0          0          0        132   fnaninf.o
         0          0          8          0          0          0   fpconst.o
        10          0          0          0          0        116   fpinit.o
       244          8          0          0          0        132   frem_clz.o
        10          0          0          0          0        116   fretinf.o
       100          0          0          0          0        116   retnan.o
        92          0          0          0          0        116   scalbn.o
         4          0          0          0          0        116   scanf1.o
         8          0          0          0          0        132   scanf2.o
        48          0          0          0          0        116   trapv.o
         0          0          0          0          0          0   usenofp.o
        56         12          0          0          0        132   atof.o
        64         16          0          0          0        248   dunder.o
       488         62         48          0          0        236   expf.o
       176          0          0          0          0        168   fmodf.o
        38          0          0          0          0        116   fpclassifyf.o
       140         22          0          0          0        132   frexp.o
        80         24          0          0          0        696   funder.o
       228          8          0          0          0        308   ldexp.o
       184         18          0          0          0        152   narrow.o
      1548        110        320          0          0        268   powf.o
        58          0          0          0          0        136   sqrtf.o

    ----------------------------------------------------------------------
     13446        814        824          0         96      11016   Library Totals
        30          2          0          0          0          0   (incl. Padding)

    ----------------------------------------------------------------------

      Code (inc. data)   RO Data    RW Data    ZI Data      Debug   Library Name

      6860        328        448          0         96       4876   c_w.l
      3496        212          8          0          0       3548   fz_wm.l
      3060        272        368          0          0       2592   m_wm.l

    ----------------------------------------------------------------------
     13446        814        824          0         96      11016   Library Totals

    ----------------------------------------------------------------------

==============================================================================


      Code (inc. data)   RO Data    RW Data    ZI Data      Debug   

     56362       2428       1522        184      48808     518911   Grand Totals
     56362       2428       1522        184      48808     518911   ELF Image Totals
     56362       2428       1522        184          0          0   ROM Totals

==============================================================================

    Total RO  Size (Code + RO Data)                57884 (  56.53kB)
    Total RW  Size (RW Data + ZI Data)             48992 (  47.84kB)
    Total ROM Size (Code + RO Data + RW Data)      58068 (  56.71kB)

==============================================================================

