<html>
<body>
<pre>
<h1>µVision Build Log</h1>
<h2>Tool Versions:</h2>
IDE-Version: ¦ÌVision V5.14.0.0
Copyright (C) 2015 ARM Ltd and ARM Germany GmbH. All rights reserved.
License Information: 1 mountainlee_33, 1, LIC=EXJT4-F5YIB-KPEZY-I3Q4E-8UHXT-K3435
 
Tool Versions:
Toolchain:       MDK-ARM Standard  Version: 5.14.0.0
Toolchain Path:  D:\Keil\ARM\ARMCC\Bin
C Compiler:      Armcc.exe V5.05 update 1 (build 106)
Assembler:       Armasm.exe V5.05 update 1 (build 106)
Linker/Locator:  ArmLink.exe V5.05 update 1 (build 106)
Library Manager: ArmAr.exe V5.05 update 1 (build 106)
Hex Converter:   FromElf.exe V5.05 update 1 (build 106)
CPU DLL:         SARMCM3.DLL V5.14.0.0
Dialog DLL:      DCM.DLL V1.13.1.0
Target DLL:      Segger\JL2CM3.dll V2.99.13.0
Dialog DLL:      TCM.DLL V1.14.4.0
 
<h2>Project:</h2>
C:\Users\mountainlee_33\Desktop\robocon-lee\µ×ÅÌ´úÂë\project.uvprojx
Project File Date:  11/27/2021

<h2>Output:</h2>
Rebuild target 'Target 1'
compiling main.c...
USER\SRC\main.c(52): warning:  #177-D: function "Task_DataScope" was declared but never referenced
  static void Task_DataScope(void *pdata)
USER\SRC\main.c: 1 warning, 0 errors
compiling tim2.c...
compiling usart2.c...
compiling can1.c...
USER\SRC\can1.c(86): warning:  #177-D: function "answer_drivemotor" was declared but never referenced
  static void answer_drivemotor(CanRxMsg *rx_message, u8 motorid)
USER\SRC\can1.c(93): warning:  #177-D: function "answer_query" was declared but never referenced
  static void answer_query(CanRxMsg *rx_message, u8 motorid, u8 *buf)
USER\SRC\can1.c: 2 warnings, 0 errors
compiling tim5.c...
compiling can2.c...
USER\SRC\can2.c(163): warning:  #177-D: function "Elmo_Feedback_Deel" was declared but never referenced
  static void Elmo_Feedback_Deel(MesgControlGrpTypeDef* Can_MesgSentList)
USER\SRC\can2.c: 1 warning, 0 errors
compiling param.c...
compiling usart3.c...
compiling usart1.c...
compiling numchange.c...
compiling tim3.c...
compiling queue.c...
compiling dianji.c...
compiling canctrollist.c...
compiling pid.c...
compiling led.c...
compiling filter.c...
compiling DataScope_DP.C...
USER\SRC\DataScope_DP.C(59): warning:  #111-D: statement is unreachable
                 case 1:   DataScope_OutPut_Buffer[5]  =  5; return  6; break;   
USER\SRC\DataScope_DP.C(60): warning:  #111-D: statement is unreachable
                 case 2:   DataScope_OutPut_Buffer[9]  =  9; return 10; break;
USER\SRC\DataScope_DP.C(61): warning:  #111-D: statement is unreachable
                 case 3:   DataScope_OutPut_Buffer[13] = 13; return 14; break;
USER\SRC\DataScope_DP.C(62): warning:  #111-D: statement is unreachable
                 case 4:   DataScope_OutPut_Buffer[17] = 17; return 18; break;
USER\SRC\DataScope_DP.C(63): warning:  #111-D: statement is unreachable
                 case 5:   DataScope_OutPut_Buffer[21] = 21; return 22; break; 
USER\SRC\DataScope_DP.C(64): warning:  #111-D: statement is unreachable
                 case 6:   DataScope_OutPut_Buffer[25] = 25; return 26; break;
USER\SRC\DataScope_DP.C(65): warning:  #111-D: statement is unreachable
                 case 7:   DataScope_OutPut_Buffer[29] = 29; return 30; break;
USER\SRC\DataScope_DP.C(66): warning:  #111-D: statement is unreachable
                 case 8:   DataScope_OutPut_Buffer[33] = 33; return 34; break;
USER\SRC\DataScope_DP.C(67): warning:  #111-D: statement is unreachable
                 case 9:   DataScope_OutPut_Buffer[37] = 37; return 38; break;
USER\SRC\DataScope_DP.C(68): warning:  #111-D: statement is unreachable
                 case 10:  DataScope_OutPut_Buffer[41] = 41; return 42; break;
USER\SRC\DataScope_DP.C: 10 warnings, 0 errors
compiling led8.c...
compiling stm32f4xx_it.c...
compiling delay.c...
compiling utils.c...
compiling misc.c...
compiling stm32f4xx_can.c...
compiling stm32f4xx_dma.c...
compiling stm32f4xx_exti.c...
compiling stm32f4xx_gpio.c...
compiling stm32f4xx_rcc.c...
compiling stm32f4xx_tim.c...
compiling stm32f4xx_usart.c...
compiling system_stm32f4xx.c...
assembling startup_stm32f4xx.s...
compiling os_core.c...
compiling os_flag.c...
compiling os_mbox.c...
compiling os_mem.c...
compiling os_mutex.c...
compiling os_q.c...
compiling os_sem.c...
compiling os_task.c...
compiling os_time.c...
compiling os_tmr.c...
assembling os_cpu_a.asm...
compiling os_cpu_c.c...
compiling os_dbg.c...
linking...
Program Size: Code=40542 RO-data=1066 RW-data=136 ZI-data=45952  
FromELF: creating hex file...
".\Obj\project.axf" - 0 Error(s), 14 Warning(s).

<h2>Software Packages used:</h2>

Package Vendor: ARM
                http://www.keil.com/pack/ARM.CMSIS.4.2.0.pack
                ARM::CMSIS:CORE:3.40.0
                CMSIS (Cortex Microcontroller Software Interface Standard)
   * Component: CORE Version: 3.40.0

Package Vendor: Keil
                http://www.keil.com/pack/Keil.STM32F4xx_DFP.1.0.5.pack
                Keil::Device:Startup:1.0.0
                STMicroelectronics STM32F4 Series Device Support, Drivers and Examples
   * Component: Startup Version: 1.0.0

<h2>Collection of Component include folders:</h2>
  C:\Users\mountainlee_33\Desktop\robocon-lee\µ×ÅÌ´úÂë\RTE
  D:\Keil\ARM\PACK\ARM\CMSIS\4.2.0\CMSIS\Include
  D:\Keil\ARM\PACK\Keil\STM32F4xx_DFP\1.0.5\Device\Include

<h2>Collection of Component Files used:</h2>

   * Component: ARM::CMSIS:CORE:3.40.0
      Source file:   CMSIS\UserCodeTemplates\ARM\ITM_Retarget.c

   * Component: Keil::Device:Startup:1.0.0
      Source file:   Device\Source\system_stm32f4xx.c
      Source file:   Device\Source\ARM\startup_stm32f40xx.s
      Include file:  RTE_Driver\Config\RTE_Device.h
      Include file:  Device\Include\stm32f4xx.h
</pre>
</body>
</html>
