Component: ARM Compiler 5.05 update 1 (build 106) Tool: armlink [4d0efa]

==============================================================================

Section Cross References

    main.o(.text) refers to queue.o(.text) for Can_DeQueue
    main.o(.text) refers to os_time.o(.text) for OSTimeDly
    main.o(.text) refers to led.o(.text) for Led_Show
    main.o(.text) refers to cylinder.o(.text) for CYLINDE_CONTROL
    main.o(.text) refers to elmo.o(.text) for elmo_control
    main.o(.text) refers to os_cpu_c.o(.text) for OS_CPU_SysTickInit
    main.o(.text) refers to usart2.o(.text) for UsartLCDshow
    main.o(.text) refers to os_cpu_a.o(.text) for OS_CPU_SR_Save
    main.o(.text) refers to os_task.o(.text) for OSTaskCreate
    main.o(.text) refers to system_stm32f4xx.o(.text) for SystemInit
    main.o(.text) refers to tim2.o(.text) for TIM2_Int_Init
    main.o(.text) refers to tim5.o(.text) for TIM5_Init
    main.o(.text) refers to can1.o(.text) for CAN1_Mode_Init
    main.o(.text) refers to can2.o(.text) for CAN2_Mode_Init
    main.o(.text) refers to usart1.o(.text) for Usart1_Init
    main.o(.text) refers to usart3.o(.text) for USART3_Init
    main.o(.text) refers to canctrollist.o(.text) for InitCANControlList
    main.o(.text) refers to param.o(.text) for param_Init
    main.o(.text) refers to os_core.o(.text) for OSInit
    main.o(.text) refers to datascope_dp.o(.text) for DataScope_Get_Channel_Data
    main.o(.text) refers to queue.o(.bss) for VESC_Sendqueue
    main.o(.text) refers to main.o(.data) for VALVE_DATA
    main.o(.text) refers to main.o(.bss) for MOTOR_TASK_STK
    main.o(.text) refers to dianji.o(.bss) for motor
    pid.o(.text) refers to utils.o(.text) for utils_truncate_number
    can2.o(.text) refers to stm32f4xx_rcc.o(.text) for RCC_APB1PeriphClockCmd
    can2.o(.text) refers to stm32f4xx_gpio.o(.text) for GPIO_PinAFConfig
    can2.o(.text) refers to misc.o(.text) for NVIC_Init
    can2.o(.text) refers to stm32f4xx_can.o(.text) for CAN_DeInit
    can2.o(.text) refers to os_time.o(.text) for OSTimeGet
    can2.o(.text) refers to dianji.o(.text) for pulse_caculate
    can2.o(.text) refers to can2.o(.bss) for now_update_time
    can2.o(.text) refers to dianji.o(.bss) for motor
    can2.o(.text) refers to numchange.o(.text) for get_s32_from_buffer
    can2.o(.text) refers to param.o(.text) for ChangeData
    can2.o(.text) refers to queue.o(.bss) for Can2_MesgSentList
    can2.o(.text) refers to elmo.o(.bss) for ELMOmotor
    can2.o(.text) refers to elmo.o(.data) for Motor_Emer_Code
    can2.o(.text) refers to vesc.o(.bss) for VESCmotor
    can2.o(.text) refers to akmotor.o(.text) for reply_message
    tim2.o(.text) refers to stm32f4xx_rcc.o(.text) for RCC_APB1PeriphClockCmd
    tim2.o(.text) refers to stm32f4xx_tim.o(.text) for TIM_TimeBaseInit
    tim2.o(.text) refers to misc.o(.text) for NVIC_Init
    tim2.o(.text) refers to dianji.o(.text) for SetZero
    tim2.o(.text) refers to queue.o(.text) for Can_DeQueue
    tim2.o(.text) refers to canctrollist.o(.text) for TraversalControlList
    tim2.o(.text) refers to akmotor.o(.text) for AK_Transmit
    tim2.o(.text) refers to dianji.o(.bss) for motor
    tim2.o(.text) refers to queue.o(.bss) for Can2_Sendqueue
    tim2.o(.text) refers to param.o(.bss) for flag
    tim2.o(.text) refers to akmotor.o(.bss) for AKmotor
    usart1.o(.text) refers to stm32f4xx_rcc.o(.text) for RCC_AHB1PeriphClockCmd
    usart1.o(.text) refers to stm32f4xx_gpio.o(.text) for GPIO_PinAFConfig
    usart1.o(.text) refers to stm32f4xx_usart.o(.text) for USART_Init
    usart1.o(.text) refers to misc.o(.text) for NVIC_PriorityGroupConfig
    usart1.o(.text) refers to stm32f4xx_dma.o(.text) for DMA_DeInit
    usart1.o(.text) refers to param.o(.bss) for usart
    can1.o(.text) refers to stm32f4xx_rcc.o(.text) for RCC_APB1PeriphClockCmd
    can1.o(.text) refers to stm32f4xx_gpio.o(.text) for GPIO_PinAFConfig
    can1.o(.text) refers to stm32f4xx_can.o(.text) for CAN_Init
    can1.o(.text) refers to misc.o(.text) for NVIC_Init
    param.o(.text) refers to elmo.o(.text) for ELMO_motor_Init
    param.o(.text) refers to dianji.o(.text) for Motor_Init
    param.o(.text) refers to led.o(.text) for LED_Configuration
    param.o(.text) refers to led8.o(.text) for Led8_Configuration
    param.o(.text) refers to filter.o(.text) for IIR_Init
    param.o(.text) refers to vesc.o(.text) for VESC_Init
    param.o(.text) refers to akmotor.o(.text) for AK_motor_Init
    param.o(.text) refers to malloc.o(i.malloc) for malloc
    param.o(.text) refers to malloc.o(i.free) for free
    param.o(.text) refers to param.o(.bss) for flag
    param.o(.text) refers to filter.o(.bss) for IIR_filt
    param.o(.text) refers to param.o(.data) for Error
    tim5.o(.text) refers to stm32f4xx_rcc.o(.text) for RCC_APB1PeriphClockCmd
    tim5.o(.text) refers to stm32f4xx_tim.o(.text) for TIM_TimeBaseInit
    tim5.o(.text) refers to misc.o(.text) for NVIC_Init
[...]
    _printf_widthprec                        0x00000000   Number         0  stubs.o ABSOLUTE
    _printf_x                                0x00000000   Number         0  stubs.o ABSOLUTE
    __cpp_initialize__aeabi_                  - Undefined Weak Reference
    __cxa_finalize                            - Undefined Weak Reference
    __decompress                              - Undefined Weak Reference
    _clock_init                               - Undefined Weak Reference
    _microlib_exit                            - Undefined Weak Reference
    __Vectors_Size                           0x00000188   Number         0  startup_stm32f4xx.o ABSOLUTE
    __Vectors                                0x08000000   Data           4  startup_stm32f4xx.o(RESET)
    __Vectors_End                            0x08000188   Data           0  startup_stm32f4xx.o(RESET)
    __main                                   0x08000189   Thumb Code     0  entry.o(.ARM.Collect$$$$00000000)
    _main_stk                                0x08000189   Thumb Code     0  entry2.o(.ARM.Collect$$$$00000001)
    _main_scatterload                        0x0800018d   Thumb Code     0  entry5.o(.ARM.Collect$$$$00000004)
    __main_after_scatterload                 0x08000191   Thumb Code     0  entry5.o(.ARM.Collect$$$$00000004)
    _main_clock                              0x08000191   Thumb Code     0  entry7b.o(.ARM.Collect$$$$00000008)
    _main_cpp_init                           0x08000191   Thumb Code     0  entry8b.o(.ARM.Collect$$$$0000000A)
    _main_init                               0x08000191   Thumb Code     0  entry9a.o(.ARM.Collect$$$$0000000B)
    __rt_final_cpp                           0x08000199   Thumb Code     0  entry10a.o(.ARM.Collect$$$$0000000D)
    __rt_final_exit                          0x08000199   Thumb Code     0  entry11a.o(.ARM.Collect$$$$0000000F)
    main                                     0x0800028d   Thumb Code   116  main.o(.text)
    PID_Init                                 0x080003e9   Thumb Code    32  pid.o(.text)
    VESC_PID_Init                            0x08000409   Thumb Code    18  pid.o(.text)
    PID_Operation                            0x0800041b   Thumb Code    98  pid.o(.text)
    VESC_PID_Operation                       0x0800047d   Thumb Code   254  pid.o(.text)
    CAN2_Mode_Init                           0x08000589   Thumb Code   726  can2.o(.text)
    CAN2_RX0_IRQHandler                      0x0800085f   Thumb Code   334  can2.o(.text)
    CAN2_RX1_IRQHandler                      0x080009cf   Thumb Code  1462  can2.o(.text)
    CAN2_Send_Msg                            0x08000f85   Thumb Code   104  can2.o(.text)
    CAN2_Receive_Msg                         0x08000fed   Thumb Code    60  can2.o(.text)
    TIM2_Int_Init                            0x08001031   Thumb Code    86  tim2.o(.text)
    TIM2_IRQHandler                          0x08001087   Thumb Code   538  tim2.o(.text)
    Usart1_Init                              0x080012c1   Thumb Code   302  usart1.o(.text)
    SendChar                                 0x080013ef   Thumb Code    42  usart1.o(.text)
    CAN1_Mode_Init                           0x08001431   Thumb Code   222  can1.o(.text)
    CAN1_RX0_IRQHandler                      0x0800150f   Thumb Code     2  can1.o(.text)
    Flag_Init                                0x08001519   Thumb Code     8  param.o(.text)
    param_Init                               0x08001521   Thumb Code    44  param.o(.text)
    ChangeData                               0x0800154d   Thumb Code    12  param.o(.text)
    createError                              0x08001559   Thumb Code    18  param.o(.text)
    ErrorFind                                0x0800156b   Thumb Code    28  param.o(.text)
    deletError                               0x08001587   Thumb Code    44  param.o(.text)
    insertError                              0x080015b3   Thumb Code    80  param.o(.text)
    TIM5_Init                                0x08001615   Thumb Code    96  tim5.o(.text)
    TIM5_IRQHandler                          0x08001675   Thumb Code   276  tim5.o(.text)
    IIR_Init                                 0x08001791   Thumb Code    18  filter.o(.text)
    IIR_Filter                               0x080017a3   Thumb Code   146  filter.o(.text)
    KAL_Init                                 0x08001835   Thumb Code    50  filter.o(.text)
    KALMN_Filter                             0x08001867   Thumb Code   166  filter.o(.text)
    TIM3_Init                                0x0800192d   Thumb Code    90  tim3.o(.text)
    TIM3_IRQHandler                          0x08001987   Thumb Code   432  tim3.o(.text)
    USART2_Init                              0x08001b49   Thumb Code   310  usart2.o(.text)
    DMA1_Stream6_IRQHandler                  0x08001c7f   Thumb Code    38  usart2.o(.text)
    USART2_IRQHandler                        0x08001ca5   Thumb Code  1684  usart2.o(.text)
    UsartLCDshow                             0x0800234f   Thumb Code  1558  usart2.o(.text)
    USART3_Init                              0x08002971   Thumb Code   308  usart3.o(.text)
    DMA1_Stream3_IRQHandler                  0x08002aa5   Thumb Code    38  usart3.o(.text)
    USART3_sendData                          0x08002acb   Thumb Code    46  usart3.o(.text)
    USART3_IRQHandler                        0x08002af9   Thumb Code    34  usart3.o(.text)
    Motor_Init                               0x08002b35   Thumb Code  1266  dianji.o(.text)
    Speed_mode                               0x08003027   Thumb Code   184  dianji.o(.text)
    SetZero                                  0x080030df   Thumb Code    14  dianji.o(.text)
    Zero_mode                                0x080030ed   Thumb Code   430  dianji.o(.text)
    Position_mode                            0x0800329b   Thumb Code   778  dianji.o(.text)
    pulse_caculate                           0x080035a5   Thumb Code   748  dianji.o(.text)
    iftimeout                                0x08003891   Thumb Code   214  dianji.o(.text)
    SetM3508_1                               0x08003967   Thumb Code   184  dianji.o(.text)
    peakcurrent                              0x08003a1f   Thumb Code   162  dianji.o(.text)
    ELMO_motor_Init                          0x08003ad1   Thumb Code   638  elmo.o(.text)
    ELMO_Init                                0x08003d4f   Thumb Code    72  elmo.o(.text)
    ELMO_motor_UM                            0x08003d97   Thumb Code   200  elmo.o(.text)
    ELMO_motor_SV                            0x08003e5f   Thumb Code   196  elmo.o(.text)
    ELMO_motor_AC                            0x08003f23   Thumb Code   176  elmo.o(.text)
    ELMO_motor_DC                            0x08003fd3   Thumb Code   176  elmo.o(.text)
    ELMO_motor_Enable_OR_Disable             0x08004083   Thumb Code   212  elmo.o(.text)
    ELMO_motor_BG                            0x08004157   Thumb Code   160  elmo.o(.text)
    ELMO_motor_ST                            0x080041f7   Thumb Code   160  elmo.o(.text)
    ELMO_motor_SP                            0x08004297   Thumb Code   216  elmo.o(.text)
    ELMO_motor_PA                            0x0800436f   Thumb Code   260  elmo.o(.text)
    ELMO_motor_PR                            0x08004473   Thumb Code   242  elmo.o(.text)
    ELMO_motor_PX                            0x08004565   Thumb Code   174  elmo.o(.text)
    ELMO_motor_JV                            0x08004613   Thumb Code   250  elmo.o(.text)
    ELMO_motor_TC                            0x0800470d   Thumb Code   176  elmo.o(.text)
    ELMO_motor_RM                            0x080047bd   Thumb Code   176  elmo.o(.text)
    ELMO_motor_PV                            0x0800486d   Thumb Code   212  elmo.o(.text)
    ELMO_motor_MP                            0x08004941   Thumb Code   182  elmo.o(.text)
    ELMO_motor_QP                            0x080049f7   Thumb Code   182  elmo.o(.text)
    ELMO_motor_QT                            0x08004aad   Thumb Code   192  elmo.o(.text)
    ELMO_motor_QV                            0x08004b6d   Thumb Code   182  elmo.o(.text)
    ELMO_motor_PT                            0x08004c23   Thumb Code   212  elmo.o(.text)
    ELMO_motor_ASKvx                         0x08004cf7   Thumb Code   160  elmo.o(.text)
    ELMO_motor_ASKiq                         0x08004d97   Thumb Code   160  elmo.o(.text)
    ELMO_motor_ASKpa                         0x08004e37   Thumb Code   158  elmo.o(.text)
    ELMO_motor_ASKac                         0x08004ed5   Thumb Code   172  elmo.o(.text)
    ELMO_motor_ASKdc                         0x08004f81   Thumb Code   160  elmo.o(.text)
    ELMO_motor_ASKpx                         0x08005021   Thumb Code   160  elmo.o(.text)
    ELMO_motor_ASKsp                         0x080050c1   Thumb Code   160  elmo.o(.text)
    ELMO_motor_ASKmo                         0x08005161   Thumb Code   160  elmo.o(.text)
    ELMO_motor_ASKum                         0x08005201   Thumb Code   160  elmo.o(.text)
    elmo_control                             0x080052a1   Thumb Code   244  elmo.o(.text)
    VESC_Init                                0x0800539d   Thumb Code   404  vesc.o(.text)
    VESC_calculate                           0x08005531   Thumb Code    16  vesc.o(.text)
    VESC_Set_Pos                             0x08005541   Thumb Code   168  vesc.o(.text)
    VESC_position_mode_pos                   0x080055e9   Thumb Code   344  vesc.o(.text)
    VESC_Set_Current                         0x08005741   Thumb Code   270  vesc.o(.text)
    VESC_RPM_mode_I                          0x0800584f   Thumb Code   202  vesc.o(.text)
    VESC_position_mode_I                     0x08005919   Thumb Code   906  vesc.o(.text)
    VESC_Set_Speed                           0x08005ca3   Thumb Code   140  vesc.o(.text)
    VESC_position_mode_rpm                   0x08005d2f   Thumb Code   506  vesc.o(.text)
    VESC_Set_Ang                             0x08005f29   Thumb Code   168  vesc.o(.text)
    VESC_Set_Duty_Cycle                      0x08005fd1   Thumb Code   186  vesc.o(.text)
    VESC_Set_Brake_Current                   0x0800608b   Thumb Code   168  vesc.o(.text)
    VESC_Set_HandBrake_Current               0x08006133   Thumb Code   168  vesc.o(.text)
    InitCANControlList                       0x080061e9   Thumb Code   122  canctrollist.o(.text)
    TraversalControlList                     0x08006263   Thumb Code   340  canctrollist.o(.text)
    Can_MesgCtrlList                         0x080063b7   Thumb Code   370  canctrollist.o(.text)
    QueueEmpty                               0x0800652d   Thumb Code    18  queue.o(.text)
    QueueFull                                0x0800653f   Thumb Code    30  queue.o(.text)
    Can_SendqueueInit                        0x0800655d   Thumb Code    28  queue.o(.text)
    Can_DeQueue                              0x08006579   Thumb Code   366  queue.o(.text)
    AKTransmit                               0x08006709   Thumb Code    78  akmotor.o(.text)
    Enter_Motor_Control                      0x08006757   Thumb Code    78  akmotor.o(.text)
    AK_motor_Init                            0x080067a5   Thumb Code   392  akmotor.o(.text)
    AK_Transmit                              0x08006993   Thumb Code   334  akmotor.o(.text)
    TmotorCaculate                           0x08006ae1   Thumb Code   122  akmotor.o(.text)
    reply_message                            0x08006b5b   Thumb Code   218  akmotor.o(.text)
    CYLINDE_Configuration                    0x08006c39   Thumb Code    64  cylinder.o(.text)
    CYLINDE_CONTROL                          0x08006c79   Thumb Code    74  cylinder.o(.text)
    Float2Byte                               0x08006cc9   Thumb Code    28  datascope_dp.o(.text)
    DataScope_Get_Channel_Data               0x08006ce5   Thumb Code   162  datascope_dp.o(.text)
    DataScope_Data_Generate                  0x08006d87   Thumb Code   150  datascope_dp.o(.text)
    delay_ms                                 0x08006e21   Thumb Code    28  delay.o(.text)
    delay_us                                 0x08006e3d   Thumb Code    26  delay.o(.text)
    delay                                    0x08006e57   Thumb Code    14  delay.o(.text)
    LED_Configuration                        0x08006e65   Thumb Code    66  led.o(.text)
    Led_Show                                 0x08006ea7   Thumb Code   100  led.o(.text)
    Led8_Configuration                       0x08006f11   Thumb Code    64  led8.o(.text)
    Led8_show                                0x08006f51   Thumb Code    58  led8.o(.text)
    utils_step_towards                       0x08006f95   Thumb Code   104  utils.o(.text)
    utils_calc_ratio                         0x08006ffd   Thumb Code    18  utils.o(.text)
    utils_norm_angle                         0x0800700f   Thumb Code    56  utils.o(.text)
    utils_norm_angle_rad                     0x08007047   Thumb Code    74  utils.o(.text)
    utils_truncate_number                    0x08007091   Thumb Code    48  utils.o(.text)
    utils_truncate_number_int                0x080070c1   Thumb Code    30  utils.o(.text)
    utils_truncate_number_abs                0x080070df   Thumb Code    56  utils.o(.text)
    utils_truncate_number_abs_s32            0x08007117   Thumb Code    34  utils.o(.text)
    utils_map                                0x08007139   Thumb Code    30  utils.o(.text)
    utils_map_int                            0x08007157   Thumb Code    22  utils.o(.text)
    utils_deadband                           0x0800716d   Thumb Code   116  utils.o(.text)
    utils_angle_difference                   0x080071e1   Thumb Code    70  utils.o(.text)
    utils_angle_difference_rad               0x08007227   Thumb Code    70  utils.o(.text)
    utils_fast_atan2                         0x0800726d   Thumb Code   152  utils.o(.text)
    utils_fast_sincos_better                 0x08007305   Thumb Code   612  utils.o(.text)
    utils_avg_angles_rad_fast                0x08007569   Thumb Code   116  utils.o(.text)
    utils_middle_of_3                        0x080075dd   Thumb Code   122  utils.o(.text)
    utils_middle_of_3_int                    0x08007657   Thumb Code    62  utils.o(.text)
    utils_fast_inv_sqrt                      0x08007695   Thumb Code    70  utils.o(.text)
    utils_saturate_vector_2d                 0x080076db   Thumb Code   132  utils.o(.text)
    utils_fast_sincos                        0x0800775f   Thumb Code   216  utils.o(.text)
    utils_min_abs                            0x08007837   Thumb Code    48  utils.o(.text)
    utils_max_abs                            0x08007867   Thumb Code    34  utils.o(.text)
    utils_byte_to_binary                     0x08007889   Thumb Code    44  utils.o(.text)
    utils_throttle_curve                     0x080078b5   Thumb Code   432  utils.o(.text)
    EcodeFloatData_to_4byte                  0x08007a71   Thumb Code    40  numchange.o(.text)
    buffer_append_int32                      0x08007a99   Thumb Code    46  numchange.o(.text)
    get_s32_from_buffer                      0x08007ac7   Thumb Code    48  numchange.o(.text)
    get_s16_from_buffer                      0x08007af7   Thumb Code    28  numchange.o(.text)
    buffer_16_to_float                       0x08007b13   Thumb Code    32  numchange.o(.text)
    NVIC_PriorityGroupConfig                 0x08007b35   Thumb Code    10  misc.o(.text)
    NVIC_Init                                0x08007b3f   Thumb Code   106  misc.o(.text)
    NVIC_SetVectorTable                      0x08007ba9   Thumb Code    14  misc.o(.text)
    NVIC_SystemLPConfig                      0x08007bb7   Thumb Code    34  misc.o(.text)
    SysTick_CLKSourceConfig                  0x08007bd9   Thumb Code    40  misc.o(.text)
    NMI_Handler                              0x08007c15   Thumb Code     2  stm32f4xx_it.o(.text)
    HardFault_Handler                        0x08007c17   Thumb Code    18  stm32f4xx_it.o(.text)
    MemManage_Handler                        0x08007c29   Thumb Code     4  stm32f4xx_it.o(.text)
    BusFault_Handler                         0x08007c2d   Thumb Code     4  stm32f4xx_it.o(.text)
    UsageFault_Handler                       0x08007c31   Thumb Code     4  stm32f4xx_it.o(.text)
    SVC_Handler                              0x08007c35   Thumb Code     2  stm32f4xx_it.o(.text)
    DebugMon_Handler                         0x08007c37   Thumb Code     2  stm32f4xx_it.o(.text)
    RCC_DeInit                               0x08007c39   Thumb Code    60  stm32f4xx_rcc.o(.text)
    RCC_HSEConfig                            0x08007c75   Thumb Code    14  stm32f4xx_rcc.o(.text)
    RCC_GetFlagStatus                        0x08007c83   Thumb Code    60  stm32f4xx_rcc.o(.text)
    RCC_WaitForHSEStartUp                    0x08007cbf   Thumb Code    56  stm32f4xx_rcc.o(.text)
    RCC_AdjustHSICalibrationValue            0x08007cf7   Thumb Code    20  stm32f4xx_rcc.o(.text)
    RCC_HSICmd                               0x08007d0b   Thumb Code     6  stm32f4xx_rcc.o(.text)
    RCC_LSEConfig                            0x08007d11   Thumb Code    46  stm32f4xx_rcc.o(.text)
    RCC_LSICmd                               0x08007d3f   Thumb Code     6  stm32f4xx_rcc.o(.text)
    RCC_PLLConfig                            0x08007d45   Thumb Code    32  stm32f4xx_rcc.o(.text)
    RCC_PLLCmd                               0x08007d65   Thumb Code     6  stm32f4xx_rcc.o(.text)
    RCC_PLLI2SConfig                         0x08007d6b   Thumb Code    14  stm32f4xx_rcc.o(.text)
    RCC_PLLI2SCmd                            0x08007d79   Thumb Code     6  stm32f4xx_rcc.o(.text)
    RCC_ClockSecuritySystemCmd               0x08007d7f   Thumb Code     6  stm32f4xx_rcc.o(.text)
    RCC_MCO1Config                           0x08007d85   Thumb Code    28  stm32f4xx_rcc.o(.text)
    RCC_MCO2Config                           0x08007da1   Thumb Code    28  stm32f4xx_rcc.o(.text)
    RCC_SYSCLKConfig                         0x08007dbd   Thumb Code    20  stm32f4xx_rcc.o(.text)
    RCC_GetSYSCLKSource                      0x08007dd1   Thumb Code    12  stm32f4xx_rcc.o(.text)
    RCC_HCLKConfig                           0x08007ddd   Thumb Code    20  stm32f4xx_rcc.o(.text)
    RCC_PCLK1Config                          0x08007df1   Thumb Code    20  stm32f4xx_rcc.o(.text)
    RCC_PCLK2Config                          0x08007e05   Thumb Code    22  stm32f4xx_rcc.o(.text)
    RCC_GetClocksFreq                        0x08007e1b   Thumb Code   222  stm32f4xx_rcc.o(.text)
    RCC_RTCCLKConfig                         0x08007ef9   Thumb Code    54  stm32f4xx_rcc.o(.text)
    RCC_RTCCLKCmd                            0x08007f2f   Thumb Code     8  stm32f4xx_rcc.o(.text)
    RCC_BackupResetCmd                       0x08007f37   Thumb Code     8  stm32f4xx_rcc.o(.text)
    RCC_I2SCLKConfig                         0x08007f3f   Thumb Code     6  stm32f4xx_rcc.o(.text)
    RCC_AHB1PeriphClockCmd                   0x08007f45   Thumb Code    34  stm32f4xx_rcc.o(.text)
    RCC_AHB2PeriphClockCmd                   0x08007f67   Thumb Code    34  stm32f4xx_rcc.o(.text)
    RCC_AHB3PeriphClockCmd                   0x08007f89   Thumb Code    34  stm32f4xx_rcc.o(.text)
    RCC_APB1PeriphClockCmd                   0x08007fab   Thumb Code    34  stm32f4xx_rcc.o(.text)
    RCC_APB2PeriphClockCmd                   0x08007fcd   Thumb Code    34  stm32f4xx_rcc.o(.text)
    RCC_AHB1PeriphResetCmd                   0x08007fef   Thumb Code    34  stm32f4xx_rcc.o(.text)
    RCC_AHB2PeriphResetCmd                   0x08008011   Thumb Code    72  stm32f4xx_rcc.o(.text)
    RCC_AHB3PeriphResetCmd                   0x08008059   Thumb Code    34  stm32f4xx_rcc.o(.text)
    RCC_APB1PeriphResetCmd                   0x0800807b   Thumb Code    34  stm32f4xx_rcc.o(.text)
    RCC_APB2PeriphResetCmd                   0x0800809d   Thumb Code    34  stm32f4xx_rcc.o(.text)
    RCC_AHB1PeriphClockLPModeCmd             0x080080bf   Thumb Code    34  stm32f4xx_rcc.o(.text)
    RCC_AHB2PeriphClockLPModeCmd             0x080080e1   Thumb Code    34  stm32f4xx_rcc.o(.text)
    RCC_AHB3PeriphClockLPModeCmd             0x08008103   Thumb Code    34  stm32f4xx_rcc.o(.text)
    RCC_APB1PeriphClockLPModeCmd             0x08008125   Thumb Code    34  stm32f4xx_rcc.o(.text)
    RCC_APB2PeriphClockLPModeCmd             0x08008147   Thumb Code    34  stm32f4xx_rcc.o(.text)
    RCC_ITConfig                             0x08008169   Thumb Code    34  stm32f4xx_rcc.o(.text)
    RCC_ClearFlag                            0x0800818b   Thumb Code    18  stm32f4xx_rcc.o(.text)
    RCC_GetITStatus                          0x0800819d   Thumb Code    22  stm32f4xx_rcc.o(.text)
    RCC_ClearITPendingBit                    0x080081b3   Thumb Code     8  stm32f4xx_rcc.o(.text)
    TIM_DeInit                               0x080081c1   Thumb Code   346  stm32f4xx_tim.o(.text)
    TIM_TimeBaseInit                         0x0800831b   Thumb Code   104  stm32f4xx_tim.o(.text)
    TIM_TimeBaseStructInit                   0x08008383   Thumb Code    18  stm32f4xx_tim.o(.text)
    TIM_PrescalerConfig                      0x08008395   Thumb Code     6  stm32f4xx_tim.o(.text)
    TIM_CounterModeConfig                    0x0800839b   Thumb Code    18  stm32f4xx_tim.o(.text)
    TIM_SetCounter                           0x080083ad   Thumb Code     4  stm32f4xx_tim.o(.text)
    TIM_SetAutoreload                        0x080083b1   Thumb Code     4  stm32f4xx_tim.o(.text)
    TIM_GetCounter                           0x080083b5   Thumb Code     6  stm32f4xx_tim.o(.text)
    TIM_GetPrescaler                         0x080083bb   Thumb Code     6  stm32f4xx_tim.o(.text)
    TIM_UpdateDisableConfig                  0x080083c1   Thumb Code    24  stm32f4xx_tim.o(.text)
    TIM_UpdateRequestConfig                  0x080083d9   Thumb Code    24  stm32f4xx_tim.o(.text)
    TIM_ARRPreloadConfig                     0x080083f1   Thumb Code    24  stm32f4xx_tim.o(.text)
    TIM_SelectOnePulseMode                   0x08008409   Thumb Code    18  stm32f4xx_tim.o(.text)
    TIM_SetClockDivision                     0x0800841b   Thumb Code    18  stm32f4xx_tim.o(.text)
    TIM_Cmd                                  0x0800842d   Thumb Code    24  stm32f4xx_tim.o(.text)
    TIM_OC1Init                              0x08008445   Thumb Code   114  stm32f4xx_tim.o(.text)
    TIM_OC2Init                              0x080084b7   Thumb Code   154  stm32f4xx_tim.o(.text)
    TIM_OC3Init                              0x08008551   Thumb Code   204  stm32f4xx_tim.o(.text)
    TIM_OC4Init                              0x0800861d   Thumb Code   112  stm32f4xx_tim.o(.text)
    TIM_OCStructInit                         0x0800868d   Thumb Code    20  stm32f4xx_tim.o(.text)
    TIM_SelectOCxM                           0x080086a1   Thumb Code    86  stm32f4xx_tim.o(.text)
    TIM_SetCompare1                          0x080086f7   Thumb Code     4  stm32f4xx_tim.o(.text)
    TIM_SetCompare2                          0x080086fb   Thumb Code     4  stm32f4xx_tim.o(.text)
    TIM_SetCompare3                          0x080086ff   Thumb Code     4  stm32f4xx_tim.o(.text)
    TIM_SetCompare4                          0x08008703   Thumb Code     4  stm32f4xx_tim.o(.text)
    TIM_ForcedOC1Config                      0x08008707   Thumb Code    18  stm32f4xx_tim.o(.text)
    TIM_ForcedOC2Config                      0x08008719   Thumb Code    26  stm32f4xx_tim.o(.text)
    TIM_ForcedOC3Config                      0x08008733   Thumb Code    18  stm32f4xx_tim.o(.text)
    TIM_ForcedOC4Config                      0x08008745   Thumb Code    26  stm32f4xx_tim.o(.text)
    TIM_OC1PreloadConfig                     0x0800875f   Thumb Code    18  stm32f4xx_tim.o(.text)
    TIM_OC2PreloadConfig                     0x08008771   Thumb Code    26  stm32f4xx_tim.o(.text)
    TIM_OC3PreloadConfig                     0x0800878b   Thumb Code    18  stm32f4xx_tim.o(.text)
    TIM_OC4PreloadConfig                     0x0800879d   Thumb Code    26  stm32f4xx_tim.o(.text)
    TIM_OC1FastConfig                        0x080087b7   Thumb Code    18  stm32f4xx_tim.o(.text)
    TIM_OC2FastConfig                        0x080087c9   Thumb Code    26  stm32f4xx_tim.o(.text)
    TIM_OC3FastConfig                        0x080087e3   Thumb Code    18  stm32f4xx_tim.o(.text)
    TIM_OC4FastConfig                        0x080087f5   Thumb Code    26  stm32f4xx_tim.o(.text)
    TIM_ClearOC1Ref                          0x0800880f   Thumb Code    18  stm32f4xx_tim.o(.text)
    TIM_ClearOC2Ref                          0x08008821   Thumb Code    24  stm32f4xx_tim.o(.text)
    TIM_ClearOC3Ref                          0x08008839   Thumb Code    18  stm32f4xx_tim.o(.text)
    TIM_ClearOC4Ref                          0x0800884b   Thumb Code    24  stm32f4xx_tim.o(.text)
    TIM_OC1PolarityConfig                    0x08008863   Thumb Code    18  stm32f4xx_tim.o(.text)
    TIM_OC1NPolarityConfig                   0x08008875   Thumb Code    18  stm32f4xx_tim.o(.text)
    TIM_OC2PolarityConfig                    0x08008887   Thumb Code    26  stm32f4xx_tim.o(.text)
    TIM_OC2NPolarityConfig                   0x080088a1   Thumb Code    26  stm32f4xx_tim.o(.text)
    TIM_OC3PolarityConfig                    0x080088bb   Thumb Code    26  stm32f4xx_tim.o(.text)
    TIM_OC3NPolarityConfig                   0x080088d5   Thumb Code    26  stm32f4xx_tim.o(.text)
    TIM_OC4PolarityConfig                    0x080088ef   Thumb Code    26  stm32f4xx_tim.o(.text)
    TIM_CCxCmd                               0x08008909   Thumb Code    30  stm32f4xx_tim.o(.text)
    TIM_CCxNCmd                              0x08008927   Thumb Code    30  stm32f4xx_tim.o(.text)
    TIM_SetIC4Prescaler                      0x08008945   Thumb Code    26  stm32f4xx_tim.o(.text)
    TIM_SetIC3Prescaler                      0x080089af   Thumb Code    18  stm32f4xx_tim.o(.text)
    TIM_SetIC2Prescaler                      0x08008a09   Thumb Code    26  stm32f4xx_tim.o(.text)
    TIM_SetIC1Prescaler                      0x08008a7d   Thumb Code    18  stm32f4xx_tim.o(.text)
    TIM_ICInit                               0x08008ac9   Thumb Code   110  stm32f4xx_tim.o(.text)
    TIM_ICStructInit                         0x08008b37   Thumb Code    18  stm32f4xx_tim.o(.text)
    TIM_PWMIConfig                           0x08008b49   Thumb Code   124  stm32f4xx_tim.o(.text)
    TIM_GetCapture1                          0x08008bc5   Thumb Code     6  stm32f4xx_tim.o(.text)
    TIM_GetCapture2                          0x08008bcb   Thumb Code     6  stm32f4xx_tim.o(.text)
    TIM_GetCapture3                          0x08008bd1   Thumb Code     6  stm32f4xx_tim.o(.text)
    TIM_GetCapture4                          0x08008bd7   Thumb Code     6  stm32f4xx_tim.o(.text)
    TIM_BDTRConfig                           0x08008bdd   Thumb Code    32  stm32f4xx_tim.o(.text)
    TIM_BDTRStructInit                       0x08008bfd   Thumb Code    18  stm32f4xx_tim.o(.text)
    TIM_CtrlPWMOutputs                       0x08008c0f   Thumb Code    30  stm32f4xx_tim.o(.text)
    TIM_SelectCOM                            0x08008c2d   Thumb Code    24  stm32f4xx_tim.o(.text)
    TIM_CCPreloadControl                     0x08008c45   Thumb Code    24  stm32f4xx_tim.o(.text)
    TIM_ITConfig                             0x08008c5d   Thumb Code    18  stm32f4xx_tim.o(.text)
    TIM_GenerateEvent                        0x08008c6f   Thumb Code     4  stm32f4xx_tim.o(.text)
    TIM_GetFlagStatus                        0x08008c73   Thumb Code    18  stm32f4xx_tim.o(.text)
    TIM_ClearFlag                            0x08008c85   Thumb Code     6  stm32f4xx_tim.o(.text)
    TIM_GetITStatus                          0x08008c8b   Thumb Code    34  stm32f4xx_tim.o(.text)
    TIM_ClearITPendingBit                    0x08008cad   Thumb Code     6  stm32f4xx_tim.o(.text)
    TIM_DMAConfig                            0x08008cb3   Thumb Code    10  stm32f4xx_tim.o(.text)
    TIM_DMACmd                               0x08008cbd   Thumb Code    18  stm32f4xx_tim.o(.text)
    TIM_SelectCCDMA                          0x08008ccf   Thumb Code    24  stm32f4xx_tim.o(.text)
    TIM_InternalClockConfig                  0x08008ce7   Thumb Code    12  stm32f4xx_tim.o(.text)
    TIM_SelectInputTrigger                   0x08008cf3   Thumb Code    18  stm32f4xx_tim.o(.text)
    TIM_ITRxExternalClockConfig              0x08008d05   Thumb Code    24  stm32f4xx_tim.o(.text)
    TIM_TIxExternalClockConfig               0x08008d1d   Thumb Code    62  stm32f4xx_tim.o(.text)
    TIM_ETRConfig                            0x08008d5b   Thumb Code    28  stm32f4xx_tim.o(.text)
    TIM_ETRClockMode1Config                  0x08008d77   Thumb Code    54  stm32f4xx_tim.o(.text)
    TIM_ETRClockMode2Config                  0x08008dad   Thumb Code    32  stm32f4xx_tim.o(.text)
    TIM_SelectOutputTrigger                  0x08008dcd   Thumb Code    18  stm32f4xx_tim.o(.text)
    TIM_SelectSlaveMode                      0x08008ddf   Thumb Code    18  stm32f4xx_tim.o(.text)
    TIM_SelectMasterSlaveMode                0x08008df1   Thumb Code    18  stm32f4xx_tim.o(.text)
    TIM_EncoderInterfaceConfig               0x08008e03   Thumb Code    66  stm32f4xx_tim.o(.text)
    TIM_SelectHallSensor                     0x08008e45   Thumb Code    24  stm32f4xx_tim.o(.text)
    TIM_RemapConfig                          0x08008e5d   Thumb Code     6  stm32f4xx_tim.o(.text)
    GPIO_DeInit                              0x08008e65   Thumb Code   220  stm32f4xx_gpio.o(.text)
    GPIO_Init                                0x08008f41   Thumb Code   144  stm32f4xx_gpio.o(.text)
    GPIO_StructInit                          0x08008fd1   Thumb Code    18  stm32f4xx_gpio.o(.text)
    GPIO_PinLockConfig                       0x08008fe3   Thumb Code    34  stm32f4xx_gpio.o(.text)
    GPIO_ReadInputDataBit                    0x08009005   Thumb Code    18  stm32f4xx_gpio.o(.text)
    GPIO_ReadInputData                       0x08009017   Thumb Code     8  stm32f4xx_gpio.o(.text)
    GPIO_ReadOutputDataBit                   0x0800901f   Thumb Code    18  stm32f4xx_gpio.o(.text)
    GPIO_ReadOutputData                      0x08009031   Thumb Code     8  stm32f4xx_gpio.o(.text)
    GPIO_SetBits                             0x08009039   Thumb Code     4  stm32f4xx_gpio.o(.text)
    GPIO_ResetBits                           0x0800903d   Thumb Code     4  stm32f4xx_gpio.o(.text)
    GPIO_WriteBit                            0x08009041   Thumb Code    10  stm32f4xx_gpio.o(.text)
    GPIO_Write                               0x0800904b   Thumb Code     4  stm32f4xx_gpio.o(.text)
    GPIO_ToggleBits                          0x0800904f   Thumb Code     8  stm32f4xx_gpio.o(.text)
    GPIO_PinAFConfig                         0x08009057   Thumb Code    70  stm32f4xx_gpio.o(.text)
    USART_DeInit                             0x080090c1   Thumb Code   156  stm32f4xx_usart.o(.text)
    USART_Init                               0x0800915d   Thumb Code   204  stm32f4xx_usart.o(.text)
    USART_StructInit                         0x08009229   Thumb Code    24  stm32f4xx_usart.o(.text)
    USART_ClockInit                          0x08009241   Thumb Code    32  stm32f4xx_usart.o(.text)
    USART_ClockStructInit                    0x08009261   Thumb Code    12  stm32f4xx_usart.o(.text)
    USART_Cmd                                0x0800926d   Thumb Code    24  stm32f4xx_usart.o(.text)
    USART_SetPrescaler                       0x08009285   Thumb Code    16  stm32f4xx_usart.o(.text)
    USART_OverSampling8Cmd                   0x08009295   Thumb Code    22  stm32f4xx_usart.o(.text)
    USART_OneBitMethodCmd                    0x080092ab   Thumb Code    24  stm32f4xx_usart.o(.text)
    USART_SendData                           0x080092c3   Thumb Code     8  stm32f4xx_usart.o(.text)
    USART_ReceiveData                        0x080092cb   Thumb Code    10  stm32f4xx_usart.o(.text)
    USART_SetAddress                         0x080092d5   Thumb Code    18  stm32f4xx_usart.o(.text)
    USART_ReceiverWakeUpCmd                  0x080092e7   Thumb Code    24  stm32f4xx_usart.o(.text)
    USART_WakeUpConfig                       0x080092ff   Thumb Code    18  stm32f4xx_usart.o(.text)
    USART_LINBreakDetectLengthConfig         0x08009311   Thumb Code    18  stm32f4xx_usart.o(.text)
    USART_LINCmd                             0x08009323   Thumb Code    24  stm32f4xx_usart.o(.text)
    USART_SendBreak                          0x0800933b   Thumb Code    10  stm32f4xx_usart.o(.text)
    USART_HalfDuplexCmd                      0x08009345   Thumb Code    24  stm32f4xx_usart.o(.text)
    USART_SetGuardTime                       0x0800935d   Thumb Code    16  stm32f4xx_usart.o(.text)
    USART_SmartCardCmd                       0x0800936d   Thumb Code    24  stm32f4xx_usart.o(.text)
    USART_SmartCardNACKCmd                   0x08009385   Thumb Code    24  stm32f4xx_usart.o(.text)
    USART_IrDAConfig                         0x0800939d   Thumb Code    18  stm32f4xx_usart.o(.text)
    USART_IrDACmd                            0x080093af   Thumb Code    24  stm32f4xx_usart.o(.text)
    USART_DMACmd                             0x080093c7   Thumb Code    18  stm32f4xx_usart.o(.text)
    USART_ITConfig                           0x080093d9   Thumb Code    74  stm32f4xx_usart.o(.text)
    USART_GetFlagStatus                      0x08009423   Thumb Code    26  stm32f4xx_usart.o(.text)
    USART_ClearFlag                          0x0800943d   Thumb Code    18  stm32f4xx_usart.o(.text)
    USART_GetITStatus                        0x0800944f   Thumb Code   110  stm32f4xx_usart.o(.text)
    USART_ClearITPendingBit                  0x080094bd   Thumb Code    30  stm32f4xx_usart.o(.text)
    CAN_DeInit                               0x080094dd   Thumb Code    50  stm32f4xx_can.o(.text)
    CAN_Init                                 0x0800950f   Thumb Code   276  stm32f4xx_can.o(.text)
    CAN_FilterInit                           0x08009623   Thumb Code   258  stm32f4xx_can.o(.text)
    CAN_StructInit                           0x08009725   Thumb Code    32  stm32f4xx_can.o(.text)
    CAN_SlaveStartBank                       0x08009745   Thumb Code    48  stm32f4xx_can.o(.text)
    CAN_DBGFreeze                            0x08009775   Thumb Code    22  stm32f4xx_can.o(.text)
    CAN_TTComModeCmd                         0x0800978b   Thumb Code   118  stm32f4xx_can.o(.text)
    CAN_Transmit                             0x08009801   Thumb Code   304  stm32f4xx_can.o(.text)
    CAN_TransmitStatus                       0x08009931   Thumb Code   138  stm32f4xx_can.o(.text)
    CAN_CancelTransmit                       0x080099bb   Thumb Code    48  stm32f4xx_can.o(.text)
    CAN_Receive                              0x080099eb   Thumb Code   240  stm32f4xx_can.o(.text)
    CAN_FIFORelease                          0x08009adb   Thumb Code    22  stm32f4xx_can.o(.text)
    CAN_MessagePending                       0x08009af1   Thumb Code    30  stm32f4xx_can.o(.text)
    CAN_OperatingModeRequest                 0x08009b0f   Thumb Code   162  stm32f4xx_can.o(.text)
    CAN_Sleep                                0x08009bb1   Thumb Code    30  stm32f4xx_can.o(.text)
    CAN_WakeUp                               0x08009bcf   Thumb Code    48  stm32f4xx_can.o(.text)
    CAN_GetLastErrorCode                     0x08009bff   Thumb Code    12  stm32f4xx_can.o(.text)
    CAN_GetReceiveErrorCounter               0x08009c0b   Thumb Code    10  stm32f4xx_can.o(.text)
    CAN_GetLSBTransmitErrorCounter           0x08009c15   Thumb Code    12  stm32f4xx_can.o(.text)
    CAN_ITConfig                             0x08009c21   Thumb Code    18  stm32f4xx_can.o(.text)
    CAN_GetFlagStatus                        0x08009c33   Thumb Code   120  stm32f4xx_can.o(.text)
    CAN_ClearFlag                            0x08009cab   Thumb Code    52  stm32f4xx_can.o(.text)
    CAN_GetITStatus                          0x08009cf1   Thumb Code   310  stm32f4xx_can.o(.text)
    CAN_ClearITPendingBit                    0x08009e27   Thumb Code   162  stm32f4xx_can.o(.text)
    DMA_DeInit                               0x08009ecd   Thumb Code   324  stm32f4xx_dma.o(.text)
    DMA_Init                                 0x0800a011   Thumb Code    82  stm32f4xx_dma.o(.text)
    DMA_StructInit                           0x0800a063   Thumb Code    34  stm32f4xx_dma.o(.text)
    DMA_Cmd                                  0x0800a085   Thumb Code    22  stm32f4xx_dma.o(.text)
    DMA_PeriphIncOffsetSizeConfig            0x0800a09b   Thumb Code    22  stm32f4xx_dma.o(.text)
    DMA_FlowControllerConfig                 0x0800a0b1   Thumb Code    22  stm32f4xx_dma.o(.text)
    DMA_SetCurrDataCounter                   0x0800a0c7   Thumb Code     4  stm32f4xx_dma.o(.text)
    DMA_GetCurrDataCounter                   0x0800a0cb   Thumb Code     8  stm32f4xx_dma.o(.text)
    DMA_DoubleBufferModeConfig               0x0800a0d3   Thumb Code    24  stm32f4xx_dma.o(.text)
    DMA_DoubleBufferModeCmd                  0x0800a0eb   Thumb Code    22  stm32f4xx_dma.o(.text)
    DMA_MemoryTargetConfig                   0x0800a101   Thumb Code    10  stm32f4xx_dma.o(.text)
    DMA_GetCurrentMemoryTarget               0x0800a10b   Thumb Code    20  stm32f4xx_dma.o(.text)
    DMA_GetCmdStatus                         0x0800a11f   Thumb Code    20  stm32f4xx_dma.o(.text)
    DMA_GetFIFOStatus                        0x0800a133   Thumb Code    12  stm32f4xx_dma.o(.text)
    DMA_GetFlagStatus                        0x0800a13f   Thumb Code    56  stm32f4xx_dma.o(.text)
    DMA_ClearFlag                            0x0800a177   Thumb Code    40  stm32f4xx_dma.o(.text)
    DMA_ITConfig                             0x0800a19f   Thumb Code    58  stm32f4xx_dma.o(.text)
    DMA_GetITStatus                          0x0800a1d9   Thumb Code    84  stm32f4xx_dma.o(.text)
    DMA_ClearITPendingBit                    0x0800a22d   Thumb Code    40  stm32f4xx_dma.o(.text)
    SystemInit                               0x0800a351   Thumb Code    88  system_stm32f4xx.o(.text)
    SystemCoreClockUpdate                    0x0800a3a9   Thumb Code   174  system_stm32f4xx.o(.text)
    Reset_Handler                            0x0800a485   Thumb Code     8  startup_stm32f4xx.o(.text)
    ADC_IRQHandler                           0x0800a49f   Thumb Code     0  startup_stm32f4xx.o(.text)
    CAN1_RX1_IRQHandler                      0x0800a49f   Thumb Code     0  startup_stm32f4xx.o(.text)
    CAN1_SCE_IRQHandler                      0x0800a49f   Thumb Code     0  startup_stm32f4xx.o(.text)
    CAN1_TX_IRQHandler                       0x0800a49f   Thumb Code     0  startup_stm32f4xx.o(.text)
    CAN2_SCE_IRQHandler                      0x0800a49f   Thumb Code     0  startup_stm32f4xx.o(.text)
    CAN2_TX_IRQHandler                       0x0800a49f   Thumb Code     0  startup_stm32f4xx.o(.text)
    CRYP_IRQHandler                          0x0800a49f   Thumb Code     0  startup_stm32f4xx.o(.text)
    DCMI_IRQHandler                          0x0800a49f   Thumb Code     0  startup_stm32f4xx.o(.text)
    DMA1_Stream0_IRQHandler                  0x0800a49f   Thumb Code     0  startup_stm32f4xx.o(.text)
    DMA1_Stream1_IRQHandler                  0x0800a49f   Thumb Code     0  startup_stm32f4xx.o(.text)
    DMA1_Stream2_IRQHandler                  0x0800a49f   Thumb Code     0  startup_stm32f4xx.o(.text)
    DMA1_Stream4_IRQHandler                  0x0800a49f   Thumb Code     0  startup_stm32f4xx.o(.text)
    DMA1_Stream5_IRQHandler                  0x0800a49f   Thumb Code     0  startup_stm32f4xx.o(.text)
    DMA1_Stream7_IRQHandler                  0x0800a49f   Thumb Code     0  startup_stm32f4xx.o(.text)
    DMA2_Stream0_IRQHandler                  0x0800a49f   Thumb Code     0  startup_stm32f4xx.o(.text)
    DMA2_Stream1_IRQHandler                  0x0800a49f   Thumb Code     0  startup_stm32f4xx.o(.text)
    DMA2_Stream2_IRQHandler                  0x0800a49f   Thumb Code     0  startup_stm32f4xx.o(.text)
    DMA2_Stream3_IRQHandler                  0x0800a49f   Thumb Code     0  startup_stm32f4xx.o(.text)
    DMA2_Stream4_IRQHandler                  0x0800a49f   Thumb Code     0  startup_stm32f4xx.o(.text)
    DMA2_Stream5_IRQHandler                  0x0800a49f   Thumb Code     0  startup_stm32f4xx.o(.text)
    DMA2_Stream6_IRQHandler                  0x0800a49f   Thumb Code     0  startup_stm32f4xx.o(.text)
    DMA2_Stream7_IRQHandler                  0x0800a49f   Thumb Code     0  startup_stm32f4xx.o(.text)
    ETH_IRQHandler                           0x0800a49f   Thumb Code     0  startup_stm32f4xx.o(.text)
    ETH_WKUP_IRQHandler                      0x0800a49f   Thumb Code     0  startup_stm32f4xx.o(.text)
    EXTI0_IRQHandler                         0x0800a49f   Thumb Code     0  startup_stm32f4xx.o(.text)
    EXTI15_10_IRQHandler                     0x0800a49f   Thumb Code     0  startup_stm32f4xx.o(.text)
    EXTI1_IRQHandler                         0x0800a49f   Thumb Code     0  startup_stm32f4xx.o(.text)
    EXTI2_IRQHandler                         0x0800a49f   Thumb Code     0  startup_stm32f4xx.o(.text)
    EXTI3_IRQHandler                         0x0800a49f   Thumb Code     0  startup_stm32f4xx.o(.text)
    EXTI4_IRQHandler                         0x0800a49f   Thumb Code     0  startup_stm32f4xx.o(.text)
    EXTI9_5_IRQHandler                       0x0800a49f   Thumb Code     0  startup_stm32f4xx.o(.text)
    FLASH_IRQHandler                         0x0800a49f   Thumb Code     0  startup_stm32f4xx.o(.text)
    FPU_IRQHandler                           0x0800a49f   Thumb Code     0  startup_stm32f4xx.o(.text)
    FSMC_IRQHandler                          0x0800a49f   Thumb Code     0  startup_stm32f4xx.o(.text)
    HASH_RNG_IRQHandler                      0x0800a49f   Thumb Code     0  startup_stm32f4xx.o(.text)
    I2C1_ER_IRQHandler                       0x0800a49f   Thumb Code     0  startup_stm32f4xx.o(.text)
    I2C1_EV_IRQHandler                       0x0800a49f   Thumb Code     0  startup_stm32f4xx.o(.text)
    I2C2_ER_IRQHandler                       0x0800a49f   Thumb Code     0  startup_stm32f4xx.o(.text)
    I2C2_EV_IRQHandler                       0x0800a49f   Thumb Code     0  startup_stm32f4xx.o(.text)
    I2C3_ER_IRQHandler                       0x0800a49f   Thumb Code     0  startup_stm32f4xx.o(.text)
    I2C3_EV_IRQHandler                       0x0800a49f   Thumb Code     0  startup_stm32f4xx.o(.text)
    OTG_FS_IRQHandler                        0x0800a49f   Thumb Code     0  startup_stm32f4xx.o(.text)
    OTG_FS_WKUP_IRQHandler                   0x0800a49f   Thumb Code     0  startup_stm32f4xx.o(.text)
    OTG_HS_EP1_IN_IRQHandler                 0x0800a49f   Thumb Code     0  startup_stm32f4xx.o(.text)
    OTG_HS_EP1_OUT_IRQHandler                0x0800a49f   Thumb Code     0  startup_stm32f4xx.o(.text)
    OTG_HS_IRQHandler                        0x0800a49f   Thumb Code     0  startup_stm32f4xx.o(.text)
    OTG_HS_WKUP_IRQHandler                   0x0800a49f   Thumb Code     0  startup_stm32f4xx.o(.text)
    PVD_IRQHandler                           0x0800a49f   Thumb Code     0  startup_stm32f4xx.o(.text)
    RCC_IRQHandler                           0x0800a49f   Thumb Code     0  startup_stm32f4xx.o(.text)
    RTC_Alarm_IRQHandler                     0x0800a49f   Thumb Code     0  startup_stm32f4xx.o(.text)
    RTC_WKUP_IRQHandler                      0x0800a49f   Thumb Code     0  startup_stm32f4xx.o(.text)
    SDIO_IRQHandler                          0x0800a49f   Thumb Code     0  startup_stm32f4xx.o(.text)
    SPI1_IRQHandler                          0x0800a49f   Thumb Code     0  startup_stm32f4xx.o(.text)
    SPI2_IRQHandler                          0x0800a49f   Thumb Code     0  startup_stm32f4xx.o(.text)
    SPI3_IRQHandler                          0x0800a49f   Thumb Code     0  startup_stm32f4xx.o(.text)
    TAMP_STAMP_IRQHandler                    0x0800a49f   Thumb Code     0  startup_stm32f4xx.o(.text)
    TIM1_BRK_TIM9_IRQHandler                 0x0800a49f   Thumb Code     0  startup_stm32f4xx.o(.text)
    TIM1_CC_IRQHandler                       0x0800a49f   Thumb Code     0  startup_stm32f4xx.o(.text)
    TIM1_TRG_COM_TIM11_IRQHandler            0x0800a49f   Thumb Code     0  startup_stm32f4xx.o(.text)
    TIM1_UP_TIM10_IRQHandler                 0x0800a49f   Thumb Code     0  startup_stm32f4xx.o(.text)
    TIM4_IRQHandler                          0x0800a49f   Thumb Code     0  startup_stm32f4xx.o(.text)
    TIM6_DAC_IRQHandler                      0x0800a49f   Thumb Code     0  startup_stm32f4xx.o(.text)
    TIM7_IRQHandler                          0x0800a49f   Thumb Code     0  startup_stm32f4xx.o(.text)
    TIM8_BRK_TIM12_IRQHandler                0x0800a49f   Thumb Code     0  startup_stm32f4xx.o(.text)
    TIM8_CC_IRQHandler                       0x0800a49f   Thumb Code     0  startup_stm32f4xx.o(.text)
    TIM8_TRG_COM_TIM14_IRQHandler            0x0800a49f   Thumb Code     0  startup_stm32f4xx.o(.text)
    TIM8_UP_TIM13_IRQHandler                 0x0800a49f   Thumb Code     0  startup_stm32f4xx.o(.text)
    UART4_IRQHandler                         0x0800a49f   Thumb Code     0  startup_stm32f4xx.o(.text)
    UART5_IRQHandler                         0x0800a49f   Thumb Code     0  startup_stm32f4xx.o(.text)
    USART1_IRQHandler                        0x0800a49f   Thumb Code     0  startup_stm32f4xx.o(.text)
    USART6_IRQHandler                        0x0800a49f   Thumb Code     0  startup_stm32f4xx.o(.text)
    WWDG_IRQHandler                          0x0800a49f   Thumb Code     0  startup_stm32f4xx.o(.text)
    OSInitHookBegin                          0x0800a4a9   Thumb Code     2  os_cpu_c.o(.text)
    OSTaskReturnHook                         0x0800a4ab   Thumb Code     2  os_cpu_c.o(.text)
    OSInitHookEnd                            0x0800a4ad   Thumb Code     2  os_cpu_c.o(.text)
    OSTaskCreateHook                         0x0800a4af   Thumb Code     2  os_cpu_c.o(.text)
    OSTaskDelHook                            0x0800a4b1   Thumb Code     2  os_cpu_c.o(.text)
    OSTaskIdleHook                           0x0800a4b3   Thumb Code     2  os_cpu_c.o(.text)
    OSTaskStatHook                           0x0800a4b5   Thumb Code     2  os_cpu_c.o(.text)
    OSTaskStkInit                            0x0800a4b7   Thumb Code   482  os_cpu_c.o(.text)
    OSTaskSwHook                             0x0800a699   Thumb Code     2  os_cpu_c.o(.text)
    OSTCBInitHook                            0x0800a69b   Thumb Code     2  os_cpu_c.o(.text)
    OSTimeTickHook                           0x0800a69d   Thumb Code     2  os_cpu_c.o(.text)
    SysTick_Handler                          0x0800a69f   Thumb Code    44  os_cpu_c.o(.text)
    OS_CPU_SysTickInit                       0x0800a6cb   Thumb Code    86  os_cpu_c.o(.text)
    OS_CPU_SR_Save                           0x0800a731   Thumb Code     0  os_cpu_a.o(.text)
    OS_CPU_SR_Restore                        0x0800a739   Thumb Code     0  os_cpu_a.o(.text)
    OSStartHighRdy                           0x0800a73f   Thumb Code     0  os_cpu_a.o(.text)
    OSCtxSw                                  0x0800a75f   Thumb Code     0  os_cpu_a.o(.text)
    OSIntCtxSw                               0x0800a769   Thumb Code     0  os_cpu_a.o(.text)
    PendSV_Handler                           0x0800a773   Thumb Code     0  os_cpu_a.o(.text)
    OS_TaskStatStkChk                        0x0800a7e1   Thumb Code    54  os_core.o(.text)
    OS_TaskStat                              0x0800a817   Thumb Code   144  os_core.o(.text)
    OS_TaskIdle                              0x0800a8db   Thumb Code    34  os_core.o(.text)
    OS_MemClr                                0x0800a931   Thumb Code    18  os_core.o(.text)
    OSInit                                   0x0800aa51   Thumb Code    48  os_core.o(.text)
    OSIntEnter                               0x0800aa81   Thumb Code    28  os_core.o(.text)
    OSIntExit                                0x0800aab7   Thumb Code   112  os_core.o(.text)
    OSSchedLock                              0x0800ab27   Thumb Code    50  os_core.o(.text)
    OS_Sched                                 0x0800ab59   Thumb Code    88  os_core.o(.text)
    OSSchedUnlock                            0x0800abb1   Thumb Code   238  os_core.o(.text)
    OSStart                                  0x0800ac9f   Thumb Code    48  os_core.o(.text)
    OSStatInit                               0x0800accf   Thumb Code    64  os_core.o(.text)
    OSTimeTick                               0x0800ad0f   Thumb Code   210  os_core.o(.text)
    OSVersion                                0x0800ade1   Thumb Code     6  os_core.o(.text)
    OS_Dummy                                 0x0800ade7   Thumb Code     2  os_core.o(.text)
    OS_EventTaskRemove                       0x0800ade9   Thumb Code    42  os_core.o(.text)
    OS_EventTaskRdy                          0x0800ae13   Thumb Code   114  os_core.o(.text)
    OS_EventTaskWait                         0x0800ae85   Thumb Code   112  os_core.o(.text)
    OS_EventWaitListInit                     0x0800aef5   Thumb Code    28  os_core.o(.text)
    OS_MemCopy                               0x0800af11   Thumb Code    20  os_core.o(.text)
    OS_StrLen                                0x0800af25   Thumb Code    20  os_core.o(.text)
    OS_TCBInit                               0x0800af39   Thumb Code   292  os_core.o(.text)
    OSFlagAccept                             0x0800b0a1   Thumb Code   252  os_flag.o(.text)
    OSFlagCreate                             0x0800b19d   Thumb Code    86  os_flag.o(.text)
    OS_FlagUnlink                            0x0800b1f3   Thumb Code    36  os_flag.o(.text)
    OSFlagDel                                0x0800b269   Thumb Code   214  os_flag.o(.text)
    OSFlagNameGet                            0x0800b33f   Thumb Code    80  os_flag.o(.text)
    OSFlagNameSet                            0x0800b38f   Thumb Code    66  os_flag.o(.text)
    OSFlagPend                               0x0800b469   Thumb Code   614  os_flag.o(.text)
    OSFlagPendGetFlagsRdy                    0x0800b6cf   Thumb Code    26  os_flag.o(.text)
    OSFlagPost                               0x0800b6e9   Thumb Code   312  os_flag.o(.text)
    OSFlagQuery                              0x0800b821   Thumb Code    48  os_flag.o(.text)
    OS_FlagInit                              0x0800b851   Thumb Code    78  os_flag.o(.text)
    OSMemCreate                              0x0800b8ad   Thumb Code   118  os_mem.o(.text)
    OSMemGet                                 0x0800b923   Thumb Code    62  os_mem.o(.text)
    OSMemNameGet                             0x0800b961   Thumb Code    60  os_mem.o(.text)
    OSMemNameSet                             0x0800b99d   Thumb Code    48  os_mem.o(.text)
    OSMemPut                                 0x0800b9cd   Thumb Code    54  os_mem.o(.text)
    OSMemQuery                               0x0800ba03   Thumb Code    52  os_mem.o(.text)
    OS_MemInit                               0x0800ba37   Thumb Code    74  os_mem.o(.text)
    OSQAccept                                0x0800ba91   Thumb Code    88  os_q.o(.text)
    OSQCreate                                0x0800bae9   Thumb Code   140  os_q.o(.text)
    OSQDel                                   0x0800bb75   Thumb Code   236  os_q.o(.text)
    OSQFlush                                 0x0800bc61   Thumb Code    36  os_q.o(.text)
    OSQPend                                  0x0800bc85   Thumb Code   272  os_q.o(.text)
    OSQPendAbort                             0x0800bd95   Thumb Code   128  os_q.o(.text)
    OSQPost                                  0x0800be15   Thumb Code   114  os_q.o(.text)
    OSQPostFront                             0x0800be87   Thumb Code   136  os_q.o(.text)
    OSQPostOpt                               0x0800bf0f   Thumb Code   182  os_q.o(.text)
    OSQQuery                                 0x0800bfc5   Thumb Code    98  os_q.o(.text)
    OS_QInit                                 0x0800c027   Thumb Code    72  os_q.o(.text)
    OSTaskChangePrio                         0x0800c079   Thumb Code   308  os_task.o(.text)
    OSTaskCreate                             0x0800c1ad   Thumb Code   148  os_task.o(.text)
    OS_TaskStkClr                            0x0800c241   Thumb Code    26  os_task.o(.text)
    OSTaskCreateExt                          0x0800c25b   Thumb Code   170  os_task.o(.text)
    OSTaskDel                                0x0800c305   Thumb Code   294  os_task.o(.text)
    OSTaskDelReq                             0x0800c42b   Thumb Code   144  os_task.o(.text)
    OSTaskNameGet                            0x0800c4bb   Thumb Code   114  os_task.o(.text)
    OSTaskNameSet                            0x0800c52d   Thumb Code    98  os_task.o(.text)
    OSTaskResume                             0x0800c58f   Thumb Code   154  os_task.o(.text)
    OSTaskStkChk                             0x0800c629   Thumb Code   128  os_task.o(.text)
    OSTaskSuspend                            0x0800c6a9   Thumb Code   152  os_task.o(.text)
    OSTaskQuery                              0x0800c741   Thumb Code    82  os_task.o(.text)
    OSTaskRegGet                             0x0800c793   Thumb Code    60  os_task.o(.text)
    OSTaskRegSet                             0x0800c7cf   Thumb Code    62  os_task.o(.text)
    OS_TaskReturn                            0x0800c80d   Thumb Code    18  os_task.o(.text)
    OSTimeDly                                0x0800c839   Thumb Code   100  os_time.o(.text)
    OSTimeDlyHMSM                            0x0800c89d   Thumb Code    84  os_time.o(.text)
    OSTimeDlyResume                          0x0800c8f1   Thumb Code   168  os_time.o(.text)
    OSTimeGet                                0x0800c999   Thumb Code    24  os_time.o(.text)
    OSTimeSet                                0x0800c9b1   Thumb Code    24  os_time.o(.text)
    __aeabi_memcpy                           0x0800c9e5   Thumb Code    36  memcpya.o(.text)
    __aeabi_memcpy4                          0x0800c9e5   Thumb Code     0  memcpya.o(.text)
    __aeabi_memcpy8                          0x0800c9e5   Thumb Code     0  memcpya.o(.text)
    __aeabi_memset                           0x0800ca09   Thumb Code    14  memseta.o(.text)
    __aeabi_memset4                          0x0800ca09   Thumb Code     0  memseta.o(.text)
    __aeabi_memset8                          0x0800ca09   Thumb Code     0  memseta.o(.text)
    __aeabi_memclr                           0x0800ca17   Thumb Code     4  memseta.o(.text)
    __aeabi_memclr4                          0x0800ca17   Thumb Code     0  memseta.o(.text)
    __aeabi_memclr8                          0x0800ca17   Thumb Code     0  memseta.o(.text)
    _memset$wrapper                          0x0800ca1b   Thumb Code    18  memseta.o(.text)
    strcat                                   0x0800ca2d   Thumb Code    24  strcat.o(.text)
    strlen                                   0x0800ca45   Thumb Code    14  strlen.o(.text)
    strcpy                                   0x0800ca53   Thumb Code    18  strcpy.o(.text)
    __aeabi_dadd                             0x0800ca65   Thumb Code   322  dadd.o(.text)
    __aeabi_dsub                             0x0800cba7   Thumb Code     6  dadd.o(.text)
    __aeabi_drsub                            0x0800cbad   Thumb Code     6  dadd.o(.text)
    __aeabi_dmul                             0x0800cbb3   Thumb Code   228  dmul.o(.text)
    __aeabi_ddiv                             0x0800cc97   Thumb Code   222  ddiv.o(.text)
    __aeabi_i2d                              0x0800cd75   Thumb Code    34  dflti.o(.text)
    __aeabi_ui2d                             0x0800cd97   Thumb Code    26  dfltui.o(.text)
    __aeabi_d2iz                             0x0800cdb1   Thumb Code    62  dfixi.o(.text)
    __aeabi_d2uiz                            0x0800cdef   Thumb Code    50  dfixui.o(.text)
    __aeabi_f2d                              0x0800ce21   Thumb Code    38  f2d.o(.text)
    __aeabi_d2f                              0x0800ce47   Thumb Code    56  d2f.o(.text)
    __aeabi_uidiv                            0x0800ce7f   Thumb Code     0  uidiv.o(.text)
    __aeabi_uidivmod                         0x0800ce7f   Thumb Code    44  uidiv.o(.text)
    __aeabi_llsl                             0x0800ceab   Thumb Code    30  llshl.o(.text)
    _ll_shift_l                              0x0800ceab   Thumb Code     0  llshl.o(.text)
    __aeabi_llsr                             0x0800cec9   Thumb Code    32  llushr.o(.text)
    _ll_ushift_r                             0x0800cec9   Thumb Code     0  llushr.o(.text)
    __aeabi_lasr                             0x0800cee9   Thumb Code    36  llsshr.o(.text)
    _ll_sshift_r                             0x0800cee9   Thumb Code     0  llsshr.o(.text)
    __strtod_int                             0x0800cf43   Thumb Code    88  strtod.o(.text)
    __I$use$fp                               0x0800cfa9   Thumb Code     0  iusefp.o(.text)
    _float_round                             0x0800cfa9   Thumb Code    18  fepilogue.o(.text)
    _float_epilogue                          0x0800cfbb   Thumb Code    92  fepilogue.o(.text)
    _frem                                    0x0800d017   Thumb Code    82  frem.o(.text)
    _double_round                            0x0800d069   Thumb Code    30  depilogue.o(.text)
    _double_epilogue                         0x0800d087   Thumb Code   156  depilogue.o(.text)
    __ARM_fcmp4                              0x0800d123   Thumb Code    54  fcmp4.o(.text)
    _fcmp4                                   0x0800d123   Thumb Code     0  fcmp4.o(.text)
    __scatterload                            0x0800d159   Thumb Code    28  init.o(.text)
    __scatterload_rt2                        0x0800d159   Thumb Code     0  init.o(.text)
    isspace                                  0x0800d17d   Thumb Code    10  isspace_c.o(.text)
    _scanf_real                              0x0800d289   Thumb Code     0  scanf_fp.o(.text)
    _scanf_really_real                       0x0800d289   Thumb Code   556  scanf_fp.o(.text)
    _sgetc                                   0x0800d4c1   Thumb Code    30  _sgetc.o(.text)
    _sbackspace                              0x0800d4df   Thumb Code    34  _sgetc.o(.text)
    __ctype_lookup                           0x0800d501   Thumb Code    34  ctype_c.o(.text)
    __aeabi_ul2d                             0x0800d529   Thumb Code    24  dfltul.o(.text)
    __0sprintf$1                             0x0800d541   Thumb Code    34  printf1.o(i.__0sprintf$1)
    __1sprintf$1                             0x0800d541   Thumb Code     0  printf1.o(i.__0sprintf$1)
    __2sprintf                               0x0800d541   Thumb Code     0  printf1.o(i.__0sprintf$1)
    __ARM_fpclassifyf                        0x0800d569   Thumb Code    38  fpclassifyf.o(i.__ARM_fpclassifyf)
    __hardfp_atof                            0x0800d591   Thumb Code    44  atof.o(i.__hardfp_atof)
    __hardfp_expf                            0x0800d5c9   Thumb Code   426  expf.o(i.__hardfp_expf)
    __mathlib_expf                           0x0800d5c9   Thumb Code     0  expf.o(i.__hardfp_expf)
    __hardfp_fmaxf                           0x0800d7b1   Thumb Code    72  fmaxf.o(i.__hardfp_fmaxf)
    __hardfp_fminf                           0x0800d7f9   Thumb Code    72  fminf.o(i.__hardfp_fminf)
    __hardfp_fmodf                           0x0800d841   Thumb Code   176  fmodf.o(i.__hardfp_fmodf)
    __hardfp_powf                            0x0800d8f1   Thumb Code  1518  powf.o(i.__hardfp_powf)
    __mathlib_powf                           0x0800d8f1   Thumb Code     0  powf.o(i.__hardfp_powf)
    __hardfp_sqrtf                           0x0800defd   Thumb Code    58  sqrtf.o(i.__hardfp_sqrtf)
    __mathlib_flt_divzero                    0x0800df39   Thumb Code    14  funder.o(i.__mathlib_flt_divzero)
    __mathlib_flt_infnan                     0x0800df4d   Thumb Code     6  funder.o(i.__mathlib_flt_infnan)
    __mathlib_flt_infnan2                    0x0800df53   Thumb Code     6  funder.o(i.__mathlib_flt_infnan2)
    __mathlib_flt_invalid                    0x0800df59   Thumb Code    10  funder.o(i.__mathlib_flt_invalid)
    __mathlib_flt_overflow                   0x0800df69   Thumb Code    10  funder.o(i.__mathlib_flt_overflow)
    __mathlib_flt_underflow                  0x0800df79   Thumb Code    10  funder.o(i.__mathlib_flt_underflow)
    __read_errno                             0x0800df89   Thumb Code     6  errno.o(i.__read_errno)
    __scatterload_copy                       0x0800df95   Thumb Code    14  handlers.o(i.__scatterload_copy)
    __scatterload_null                       0x0800dfa3   Thumb Code     2  handlers.o(i.__scatterload_null)
    __scatterload_zeroinit                   0x0800dfa5   Thumb Code    14  handlers.o(i.__scatterload_zeroinit)
    __set_errno                              0x0800dfb5   Thumb Code     6  errno.o(i.__set_errno)
    _is_digit                                0x0800dfc1   Thumb Code    14  scanf_fp.o(i._is_digit)
    free                                     0x0800e131   Thumb Code    76  malloc.o(i.free)
    malloc                                   0x0800e181   Thumb Code    92  malloc.o(i.malloc)
    LED_table                                0x0800e1ec   Data          18  led8.o(.constdata)
    OSUnMapTbl                               0x0800e1fe   Data         256  os_core.o(.constdata)
    __ctype_categories                       0x0800e470   Data          64  ctype_c.o(.constdata)
    Region$$Table$$Base                      0x0800e4b0   Number         0  anon$$obj.o(Region$$Table)
    Region$$Table$$Limit                     0x0800e4d0   Number         0  anon$$obj.o(Region$$Table)
    ELMOid                                   0x20000000   Data           1  main.o(.data)
    VALVE_DATA                               0x20000001   Data           1  main.o(.data)
    Error                                    0x20000004   Data           8  param.o(.data)
    interface                                0x2000000c   Data           1  usart2.o(.data)
    USART2_RX_STA                            0x2000000d   Data           1  usart2.o(.data)
    ELMOID                                   0x2000000e   Data           1  usart2.o(.data)
    DJID                                     0x2000000f   Data           1  usart2.o(.data)
    VESCID                                   0x20000010   Data           1  usart2.o(.data)
    Djflag                                   0x20000011   Data           5  dianji.o(.data)
    speed                                    0x20000018   Data           4  elmo.o(.data)
    Um                                       0x2000001c   Data           1  elmo.o(.data)
    enable_or_disable                        0x2000001d   Data           1  elmo.o(.data)
    Pa                                       0x20000020   Data           4  elmo.o(.data)
    Jv                                       0x20000024   Data           4  elmo.o(.data)
    Px                                       0x20000028   Data           4  elmo.o(.data)
    Motor_Emer_Code                          0x2000002c   Data           4  elmo.o(.data)
    dt                                       0x20000034   Data           4  vesc.o(.data)
    buf                                      0x20000048   Data           8  akmotor.o(.data)
    SystemCoreClock                          0x20000060   Data           4  system_stm32f4xx.o(.data)
    AHBPrescTable                            0x20000064   Data          16  system_stm32f4xx.o(.data)
    tick_ms                                  0x20000074   Data           4  os_cpu_c.o(.data)
    OSCtxSwCtr                               0x20000078   Data           4  os_core.o(.data)
    OSEventFreeList                          0x2000007c   Data           4  os_core.o(.data)
    OSFlagFreeList                           0x20000080   Data           4  os_core.o(.data)
    OSCPUUsage                               0x20000084   Data           1  os_core.o(.data)
    OSIdleCtrMax                             0x20000088   Data           4  os_core.o(.data)
    OSIdleCtrRun                             0x2000008c   Data           4  os_core.o(.data)
    OSStatRdy                                0x20000090   Data           1  os_core.o(.data)
    OSIntNesting                             0x20000091   Data           1  os_core.o(.data)
    OSLockNesting                            0x20000092   Data           1  os_core.o(.data)
    OSPrioCur                                0x20000093   Data           1  os_core.o(.data)
    OSPrioHighRdy                            0x20000094   Data           1  os_core.o(.data)
    OSRdyGrp                                 0x20000095   Data           1  os_core.o(.data)
    OSRdyTbl                                 0x20000096   Data           8  os_core.o(.data)
    OSRunning                                0x2000009e   Data           1  os_core.o(.data)
    OSTaskCtr                                0x2000009f   Data           1  os_core.o(.data)
    OSIdleCtr                                0x200000a0   Data           4  os_core.o(.data)
    OSTCBCur                                 0x200000a4   Data           4  os_core.o(.data)
    OSTCBFreeList                            0x200000a8   Data           4  os_core.o(.data)
    OSTCBHighRdy                             0x200000ac   Data           4  os_core.o(.data)
    OSTCBList                                0x200000b0   Data           4  os_core.o(.data)
    OSTickStepState                          0x200000b4   Data           1  os_core.o(.data)
    OSMemFreeList                            0x200000b8   Data           4  os_core.o(.data)
    OSQFreeList                              0x200000bc   Data           4  os_core.o(.data)
    OSTime                                   0x200000c0   Data           4  os_core.o(.data)
    __microlib_freelist                      0x200000c4   Data           4  mvars.o(.data)
    __microlib_freelist_initialised          0x200000c8   Data           4  mvars.o(.data)
    START_TASK_STK                           0x200000d0   Data        1024  main.o(.bss)
    MOTOR_TASK_STK                           0x200004d0   Data        1024  main.o(.bss)
    DataSCOPE_TASK_STK                       0x200008d0   Data         512  main.o(.bss)
    ELMO_TASK_STK                            0x20000ad0   Data        1024  main.o(.bss)
    VESC_TASK_STK                            0x20000ed0   Data        1024  main.o(.bss)
    VALVE_TASK_STK                           0x200012d0   Data        1024  main.o(.bss)
    last_update_time                         0x200016d0   Data          32  can2.o(.bss)
    now_update_time                          0x200016f0   Data          32  can2.o(.bss)
    err_update_time                          0x20001710   Data          32  can2.o(.bss)
    flag                                     0x20001730   Data          21  param.o(.bss)
    usart                                    0x20001745   Data         640  param.o(.bss)
    IIR_filt                                 0x200019c8   Data          12  filter.o(.bss)
    kal_filter                               0x200019d4   Data          52  filter.o(.bss)
    motorargum                               0x20001a28   Data          32  dianji.o(.bss)
    motorlimit                               0x20001a48   Data          20  dianji.o(.bss)
    M3508instrin                             0x20001a60   Data          24  dianji.o(.bss)
    M2006instrin                             0x20001a78   Data          24  dianji.o(.bss)
    motor                                    0x20001a90   Data        1728  dianji.o(.bss)
    U10                                      0x20002150   Data          12  elmo.o(.bss)
    EC_4P_30                                 0x2000215c   Data          12  elmo.o(.bss)
    ELMOlimit                                0x20002168   Data          20  elmo.o(.bss)
    ELMOargum                                0x2000217c   Data          20  elmo.o(.bss)
    ELMOmotor                                0x20002190   Data        1056  elmo.o(.bss)
    ELMOFlag                                 0x200025b0   Data          13  elmo.o(.bss)
    SUNNYSKY                                 0x200025c0   Data          12  vesc.o(.bss)
    VESC_U10                                 0x200025cc   Data          12  vesc.o(.bss)
    VESC_U8                                  0x200025d8   Data          12  vesc.o(.bss)
    VESClimit                                0x200025e4   Data          24  vesc.o(.bss)
    VESCargum                                0x200025fc   Data          32  vesc.o(.bss)
    VESCmotor                                0x2000261c   Data        1280  vesc.o(.bss)
    Can_Senstruct                            0x20002b1c   Data          16  queue.o(.bss)
    Can2_MesgSentList                        0x20002b2c   Data        6592  queue.o(.bss)
    Can1_MesgSentList                        0x200044ec   Data        4944  queue.o(.bss)
    Can2_elmoMesgSentList                    0x2000583c   Data        6592  queue.o(.bss)
    Can_Sentqueue                            0x200071fc   Data         804  queue.o(.bss)
    Can2_Sendqueue                           0x20007520   Data         804  queue.o(.bss)
    Can1_Sendqueue                           0x20007844   Data         804  queue.o(.bss)
    VESC_Sendqueue                           0x20007b68   Data         804  queue.o(.bss)
    AK_Sendqueue                             0x20007e8c   Data         804  queue.o(.bss)
    AK80                                     0x200081b0   Data          12  akmotor.o(.bss)
    AKmotor                                  0x200081bc   Data         300  akmotor.o(.bss)
    DataScope_OutPut_Buffer                  0x200082e8   Data          42  datascope_dp.o(.bss)
    OSEventTbl                               0x20008314   Data         300  os_core.o(.bss)
    OSFlagTbl                                0x20008440   Data          80  os_core.o(.bss)
    OSTaskStatStk                            0x20008490   Data         512  os_core.o(.bss)
    OSTaskIdleStk                            0x20008690   Data         512  os_core.o(.bss)
    OSTCBPrioTbl                             0x20008890   Data         256  os_core.o(.bss)
    OSTCBTbl                                 0x20008990   Data        5208  os_core.o(.bss)
    OSMemTbl                                 0x20009de8   Data         120  os_core.o(.bss)
    OSQTbl                                   0x20009e60   Data          96  os_core.o(.bss)
    __heap_base                              0x20009ec0   Data           0  startup_stm32f4xx.o(HEAP)
    __heap_limit                             0x2000c6c0   Data           0  startup_stm32f4xx.o(HEAP)
    __initial_sp                             0x2000cac0   Data           0  startup_stm32f4xx.o(STACK)



==============================================================================

Memory Map of the image

  Image Entry point : 0x08000189

  Load Region LR_IROM1 (Base: 0x08000000, Size: 0x0000e5a0, Max: 0x00100000, ABSOLUTE)

    Execution Region ER_IROM1 (Base: 0x08000000, Size: 0x0000e4d0, Max: 0x00100000, ABSOLUTE)

    Base Addr    Size         Type   Attr      Idx    E Section Name        Object

    0x08000000   0x00000188   Data   RO         1229    RESET               startup_stm32f4xx.o
    0x08000188   0x00000000   Code   RO         1472  * .ARM.Collect$$$$00000000  mc_w.l(entry.o)
    0x08000188   0x00000004   Code   RO         1810    .ARM.Collect$$$$00000001  mc_w.l(entry2.o)
    0x0800018c   0x00000004   Code   RO         1813    .ARM.Collect$$$$00000004  mc_w.l(entry5.o)
    0x08000190   0x00000000   Code   RO         1815    .ARM.Collect$$$$00000008  mc_w.l(entry7b.o)
    0x08000190   0x00000000   Code   RO         1817    .ARM.Collect$$$$0000000A  mc_w.l(entry8b.o)
    0x08000190   0x00000008   Code   RO         1818    .ARM.Collect$$$$0000000B  mc_w.l(entry9a.o)
    0x08000198   0x00000000   Code   RO         1820    .ARM.Collect$$$$0000000D  mc_w.l(entry10a.o)
    0x08000198   0x00000000   Code   RO         1822    .ARM.Collect$$$$0000000F  mc_w.l(entry11a.o)
    0x08000198   0x00000004   Code   RO         1811    .ARM.Collect$$$$00002712  mc_w.l(entry2.o)
    0x0800019c   0x0000024c   Code   RO            4    .text               main.o
    0x080003e8   0x000001a0   Code   RO          206    .text               pid.o
    0x08000588   0x00000aa8   Code   RO          234    .text               can2.o
    0x08001030   0x00000290   Code   RO          264    .text               tim2.o
    0x080012c0   0x00000170   Code   RO          288    .text               usart1.o
    0x08001430   0x000000e8   Code   RO          315    .text               can1.o
    0x08001518   0x000000fc   Code   RO          339    .text               param.o
    0x08001614   0x0000017c   Code   RO          370    .text               tim5.o
    0x08001790   0x0000019c   Code   RO          394    .text               filter.o
    0x0800192c   0x0000021c   Code   RO          424    .text               tim3.o
    0x08001b48   0x00000e28   Code   RO          451    .text               usart2.o
    0x08002970   0x000001c4   Code   RO          479    .text               usart3.o
    0x08002b34   0x00000f9c   Code   RO          506    .text               dianji.o
    0x08003ad0   0x000018cc   Code   RO          537    .text               elmo.o
    0x0800539c   0x00000e4c   Code   RO          568    .text               vesc.o
    0x080061e8   0x00000344   Code   RO          606    .text               canctrollist.o
    0x0800652c   0x000001dc   Code   RO          636    .text               queue.o
    0x08006708   0x00000530   Code   RO          694    .text               akmotor.o
    0x08006c38   0x00000090   Code   RO          725    .text               cylinder.o
    0x08006cc8   0x00000158   Code   RO          749    .text               datascope_dp.o
    0x08006e20   0x00000044   Code   RO          770    .text               delay.o
    0x08006e64   0x000000ac   Code   RO          794    .text               led.o
    0x08006f10   0x00000084   Code   RO          818    .text               led8.o
    0x08006f94   0x00000adc   Code   RO          845    .text               utils.o
    0x08007a70   0x000000c2   Code   RO          871    .text               numchange.o
    0x08007b32   0x00000002   PAD
    0x08007b34   0x000000e0   Code   RO          895    .text               misc.o
    0x08007c14   0x00000024   Code   RO          919    .text               stm32f4xx_it.o
    0x08007c38   0x00000588   Code   RO          973    .text               stm32f4xx_rcc.o
    0x080081c0   0x00000ca2   Code   RO          999    .text               stm32f4xx_tim.o
    0x08008e62   0x00000002   PAD
    0x08008e64   0x0000025c   Code   RO         1023    .text               stm32f4xx_gpio.o
    0x080090c0   0x0000041a   Code   RO         1047    .text               stm32f4xx_usart.o
    0x080094da   0x00000002   PAD
    0x080094dc   0x000009f0   Code   RO         1071    .text               stm32f4xx_can.o
    0x08009ecc   0x000003a8   Code   RO         1095    .text               stm32f4xx_dma.o
    0x0800a274   0x00000210   Code   RO         1200    .text               system_stm32f4xx.o
    0x0800a484   0x00000024   Code   RO         1230    .text               startup_stm32f4xx.o
    0x0800a4a8   0x00000288   Code   RO         1237    .text               os_cpu_c.o
    0x0800a730   0x000000b0   Code   RO         1281    .text               os_cpu_a.o
    0x0800a7e0   0x000008c0   Code   RO         1284    .text               os_core.o
    0x0800b0a0   0x0000080c   Code   RO         1304    .text               os_flag.o
    0x0800b8ac   0x000001e4   Code   RO         1328    .text               os_mem.o
    0x0800ba90   0x000005e8   Code   RO         1352    .text               os_q.o
    0x0800c078   0x000007c0   Code   RO         1376    .text               os_task.o
    0x0800c838   0x000001ac   Code   RO         1388    .text               os_time.o
    0x0800c9e4   0x00000024   Code   RO         1475    .text               mc_w.l(memcpya.o)
    0x0800ca08   0x00000024   Code   RO         1477    .text               mc_w.l(memseta.o)
    0x0800ca2c   0x00000018   Code   RO         1479    .text               mc_w.l(strcat.o)
    0x0800ca44   0x0000000e   Code   RO         1481    .text               mc_w.l(strlen.o)
    0x0800ca52   0x00000012   Code   RO         1483    .text               mc_w.l(strcpy.o)
    0x0800ca64   0x0000014e   Code   RO         1776    .text               mf_w.l(dadd.o)
    0x0800cbb2   0x000000e4   Code   RO         1778    .text               mf_w.l(dmul.o)
    0x0800cc96   0x000000de   Code   RO         1780    .text               mf_w.l(ddiv.o)
    0x0800cd74   0x00000022   Code   RO         1782    .text               mf_w.l(dflti.o)
    0x0800cd96   0x0000001a   Code   RO         1784    .text               mf_w.l(dfltui.o)
    0x0800cdb0   0x0000003e   Code   RO         1786    .text               mf_w.l(dfixi.o)
    0x0800cdee   0x00000032   Code   RO         1788    .text               mf_w.l(dfixui.o)
    0x0800ce20   0x00000026   Code   RO         1790    .text               mf_w.l(f2d.o)
    0x0800ce46   0x00000038   Code   RO         1792    .text               mf_w.l(d2f.o)
    0x0800ce7e   0x0000002c   Code   RO         1827    .text               mc_w.l(uidiv.o)
    0x0800ceaa   0x0000001e   Code   RO         1831    .text               mc_w.l(llshl.o)
    0x0800cec8   0x00000020   Code   RO         1833    .text               mc_w.l(llushr.o)
    0x0800cee8   0x00000024   Code   RO         1835    .text               mc_w.l(llsshr.o)
    0x0800cf0c   0x0000009c   Code   RO         1846    .text               mc_w.l(strtod.o)
    0x0800cfa8   0x00000000   Code   RO         1848    .text               mc_w.l(iusefp.o)
    0x0800cfa8   0x0000006e   Code   RO         1849    .text               mf_w.l(fepilogue.o)
    0x0800d016   0x00000052   Code   RO         1851    .text               mf_w.l(frem.o)
    0x0800d068   0x000000ba   Code   RO         1853    .text               mf_w.l(depilogue.o)
    0x0800d122   0x00000036   Code   RO         1859    .text               mf_w.l(fcmp4.o)
    0x0800d158   0x00000024   Code   RO         1863    .text               mc_w.l(init.o)
    0x0800d17c   0x0000000a   Code   RO         1866    .text               mc_w.l(isspace_c.o)
    0x0800d186   0x00000002   PAD
    0x0800d188   0x00000338   Code   RO         1868    .text               mc_w.l(scanf_fp.o)
    0x0800d4c0   0x00000040   Code   RO         1872    .text               mc_w.l(_sgetc.o)
    0x0800d500   0x00000028   Code   RO         1875    .text               mc_w.l(ctype_c.o)
    0x0800d528   0x00000018   Code   RO         1878    .text               mf_w.l(dfltul.o)
    0x0800d540   0x00000028   Code   RO         1534    i.__0sprintf$1      mc_w.l(printf1.o)
    0x0800d568   0x00000026   Code   RO         1794    i.__ARM_fpclassifyf  m_wm.l(fpclassifyf.o)
    0x0800d58e   0x00000002   PAD
    0x0800d590   0x00000038   Code   RO         1406    i.__hardfp_atof     m_wm.l(atof.o)
    0x0800d5c8   0x000001e8   Code   RO         1412    i.__hardfp_expf     m_wm.l(expf.o)
    0x0800d7b0   0x00000048   Code   RO         1464    i.__hardfp_fmaxf    m_wm.l(fmaxf.o)
    0x0800d7f8   0x00000048   Code   RO         1468    i.__hardfp_fminf    m_wm.l(fminf.o)
    0x0800d840   0x000000b0   Code   RO         1426    i.__hardfp_fmodf    m_wm.l(fmodf.o)
    0x0800d8f0   0x0000060c   Code   RO         1438    i.__hardfp_powf     m_wm.l(powf.o)
    0x0800defc   0x0000003a   Code   RO         1452    i.__hardfp_sqrtf    m_wm.l(sqrtf.o)
    0x0800df36   0x00000002   PAD
    0x0800df38   0x00000014   Code   RO         1796    i.__mathlib_flt_divzero  m_wm.l(funder.o)
    0x0800df4c   0x00000006   Code   RO         1797    i.__mathlib_flt_infnan  m_wm.l(funder.o)
    0x0800df52   0x00000006   Code   RO         1798    i.__mathlib_flt_infnan2  m_wm.l(funder.o)
    0x0800df58   0x00000010   Code   RO         1799    i.__mathlib_flt_invalid  m_wm.l(funder.o)
    0x0800df68   0x00000010   Code   RO         1800    i.__mathlib_flt_overflow  m_wm.l(funder.o)
    0x0800df78   0x00000010   Code   RO         1802    i.__mathlib_flt_underflow  m_wm.l(funder.o)
    0x0800df88   0x0000000c   Code   RO         1840    i.__read_errno      mc_w.l(errno.o)
    0x0800df94   0x0000000e   Code   RO         1882    i.__scatterload_copy  mc_w.l(handlers.o)
    0x0800dfa2   0x00000002   Code   RO         1883    i.__scatterload_null  mc_w.l(handlers.o)
    0x0800dfa4   0x0000000e   Code   RO         1884    i.__scatterload_zeroinit  mc_w.l(handlers.o)
    0x0800dfb2   0x00000002   PAD
    0x0800dfb4   0x0000000c   Code   RO         1841    i.__set_errno       mc_w.l(errno.o)
    0x0800dfc0   0x0000000e   Code   RO         1870    i._is_digit         mc_w.l(scanf_fp.o)
    0x0800dfce   0x00000002   PAD
    0x0800dfd0   0x00000154   Code   RO         1539    i._printf_core      mc_w.l(printf1.o)
    0x0800e124   0x0000000a   Code   RO         1541    i._sputc            mc_w.l(printf1.o)
    0x0800e12e   0x00000002   PAD
    0x0800e130   0x00000050   Code   RO         1748    i.free              mc_w.l(malloc.o)
    0x0800e180   0x0000006c   Code   RO         1749    i.malloc            mc_w.l(malloc.o)
    0x0800e1ec   0x00000012   Data   RO          819    .constdata          led8.o
    0x0800e1fe   0x00000100   Data   RO         1286    .constdata          os_core.o
    0x0800e2fe   0x00000002   PAD
    0x0800e300   0x00000030   Data   RO         1415    .constdata          m_wm.l(expf.o)
    0x0800e330   0x00000140   Data   RO         1441    .constdata          m_wm.l(powf.o)
    0x0800e470   0x00000040   Data   RO         1876    .constdata          mc_w.l(ctype_c.o)
    0x0800e4b0   0x00000020   Data   RO         1880    Region$$Table       anon$$obj.o


    Execution Region RW_IRAM1 (Base: 0x20000000, Size: 0x0000cac0, Max: 0x00020000, ABSOLUTE)

    Base Addr    Size         Type   Attr      Idx    E Section Name        Object

    0x20000000   0x00000002   Data   RW            6    .data               main.o
    0x20000002   0x00000002   PAD
    0x20000004   0x00000008   Data   RW          341    .data               param.o
    0x2000000c   0x00000005   Data   RW          453    .data               usart2.o
    0x20000011   0x00000005   Data   RW          508    .data               dianji.o
    0x20000016   0x00000002   PAD
    0x20000018   0x00000018   Data   RW          539    .data               elmo.o
    0x20000030   0x00000018   Data   RW          570    .data               vesc.o
    0x20000048   0x00000008   Data   RW          696    .data               akmotor.o
    0x20000050   0x00000010   Data   RW          974    .data               stm32f4xx_rcc.o
    0x20000060   0x00000014   Data   RW         1201    .data               system_stm32f4xx.o
    0x20000074   0x00000004   Data   RW         1238    .data               os_cpu_c.o
    0x20000078   0x0000004c   Data   RW         1287    .data               os_core.o
    0x200000c4   0x00000004   Data   RW         1837    .data               mc_w.l(mvars.o)
    0x200000c8   0x00000004   Data   RW         1838    .data               mc_w.l(mvars.o)
    0x200000cc   0x00000004   Data   RW         1842    .data               mc_w.l(errno.o)
    0x200000d0   0x00001600   Zero   RW            5    .bss                main.o
    0x200016d0   0x00000060   Zero   RW          235    .bss                can2.o
    0x20001730   0x00000295   Zero   RW          340    .bss                param.o
    0x200019c5   0x00000003   PAD
    0x200019c8   0x00000040   Zero   RW          395    .bss                filter.o
    0x20001a08   0x00000020   Zero   RW          452    .bss                usart2.o
    0x20001a28   0x00000728   Zero   RW          507    .bss                dianji.o
    0x20002150   0x0000046d   Zero   RW          538    .bss                elmo.o
    0x200025bd   0x00000003   PAD
    0x200025c0   0x0000055c   Zero   RW          569    .bss                vesc.o
    0x20002b1c   0x00005694   Zero   RW          637    .bss                queue.o
    0x200081b0   0x00000138   Zero   RW          695    .bss                akmotor.o
    0x200082e8   0x0000002a   Zero   RW          750    .bss                datascope_dp.o
    0x20008312   0x00000002   PAD
    0x20008314   0x00001bac   Zero   RW         1285    .bss                os_core.o
    0x20009ec0   0x00002800   Zero   RW         1228    HEAP                startup_stm32f4xx.o
    0x2000c6c0   0x00000400   Zero   RW         1227    STACK               startup_stm32f4xx.o


==============================================================================

Image component sizes


      Code (inc. data)   RO Data    RW Data    ZI Data      Debug   Object Name

      1328         48          0          8        312       4667   akmotor.o
       232          8          0          0          0        981   can1.o
      2728         56          0          0         96       3911   can2.o
       836          4          0          0          0       2019   canctrollist.o
       144          6          0          0          0        796   cylinder.o
       344         28          0          0         42       2098   datascope_dp.o
        68          0          0          0          0       1022   delay.o
      3996        110          0          5       1832       5559   dianji.o
      6348        116          0         24       1133      12091   elmo.o
       412         32          0          0         64       2390   filter.o
       172          6          0          0          0        717   led.o
       132         10         18          0          0       1275   led8.o
       588         74          0          2       5632     319937   main.o
       224         20          0          0          0       1977   misc.o
       194          0          0          0          0       2157   numchange.o
      2240        216        256         76       7084      15518   os_core.o
       176         32          0          0          0        316   os_cpu_a.o
       648         16          0          4          0      38405   os_cpu_c.o
      2060         42          0          0          0       6904   os_flag.o
       484         16          0          0          0       3128   os_mem.o
      1512         30          0          0          0       5533   os_q.o
      1984         70          0          0          0       7557   os_task.o
       428         28          0          0          0       1806   os_time.o
       252         18          0          8        661       4026   param.o
       416         14          0          0          0       1894   pid.o
       476         34          0          0      22164       3854   queue.o
        36          8        392          0      11264        844   startup_stm32f4xx.o
      2544         38          0          0          0       8128   stm32f4xx_can.o
       936         32          0          0          0       6457   stm32f4xx_dma.o
       604         36          0          0          0       4221   stm32f4xx_gpio.o
        36          0          0          0          0       1175   stm32f4xx_it.o
      1416         48          0         16          0      11135   stm32f4xx_rcc.o
      3234         60          0          0          0      22456   stm32f4xx_tim.o
      1050         26          0          0          0       7932   stm32f4xx_usart.o
       528         46          0         20          0       1887   system_stm32f4xx.o
       656         32          0          0          0       1024   tim2.o
       540         18          0          0          0        980   tim3.o
       380         18          0          0          0        832   tim5.o
       368         24          0          0          0        975   usart1.o
      3624        128          0          5         32       3586   usart2.o
       452         26          0          0          0       1580   usart3.o
      2780         86          0          0          0       9702   utils.o
      3660        168          0         24       1372       7463   vesc.o

    ----------------------------------------------------------------------
     51272       1828        700        196      51696     540915   Object Totals
         0          0         32          0          0          0   (incl. Generated)
         6          0          2          4          8          0   (incl. Padding)

    ----------------------------------------------------------------------

      Code (inc. data)   RO Data    RW Data    ZI Data      Debug   Library Member Name

        56         12          0          0          0        132   atof.o
       488         62         48          0          0        236   expf.o
        72          0          0          0          0        148   fmaxf.o
        72          0          0          0          0        148   fminf.o
       176          0          0          0          0        168   fmodf.o
        38          0          0          0          0        116   fpclassifyf.o
        80         24          0          0          0        696   funder.o
      1548        110        320          0          0        268   powf.o
        58          0          0          0          0        136   sqrtf.o
        64          0          0          0          0         84   _sgetc.o
        40          6         64          0          0         68   ctype_c.o
         0          0          0          0          0          0   entry.o
         0          0          0          0          0          0   entry10a.o
         0          0          0          0          0          0   entry11a.o
         8          4          0          0          0          0   entry2.o
         4          0          0          0          0          0   entry5.o
         0          0          0          0          0          0   entry7b.o
         0          0          0          0          0          0   entry8b.o
         8          4          0          0          0          0   entry9a.o
        24         12          0          4          0        136   errno.o
        30          0          0          0          0          0   handlers.o
        36          8          0          0          0         68   init.o
        10          0          0          0          0         68   isspace_c.o
         0          0          0          0          0          0   iusefp.o
        30          0          0          0          0         68   llshl.o
        36          0          0          0          0         68   llsshr.o
        32          0          0          0          0         68   llushr.o
       188         20          0          0          0        160   malloc.o
        36          0          0          0          0         68   memcpya.o
        36          0          0          0          0        108   memseta.o
         0          0          0          8          0          0   mvars.o
       390         10          0          0          0        252   printf1.o
       838         12          0          0          0        216   scanf_fp.o
        24          0          0          0          0         68   strcat.o
        18          0          0          0          0         68   strcpy.o
        14          0          0          0          0         68   strlen.o
       156         14          0          0          0        120   strtod.o
        44          0          0          0          0         80   uidiv.o
        56          0          0          0          0         88   d2f.o
       334          0          0          0          0        148   dadd.o
       222          0          0          0          0        100   ddiv.o
       186          0          0          0          0        176   depilogue.o
        62          0          0          0          0         80   dfixi.o
        50          0          0          0          0         76   dfixui.o
        34          0          0          0          0         76   dflti.o
        26          0          0          0          0         76   dfltui.o
        24          0          0          0          0         76   dfltul.o
       228          0          0          0          0         96   dmul.o
        38          0          0          0          0         68   f2d.o
        54          0          0          0          0         68   fcmp4.o
       110          0          0          0          0        168   fepilogue.o
        82          0          0          0          0         96   frem.o

    ----------------------------------------------------------------------
      6172        298        432         12          0       5276   Library Totals
        12          0          0          0          0          0   (incl. Padding)

    ----------------------------------------------------------------------

      Code (inc. data)   RO Data    RW Data    ZI Data      Debug   Library Name

      2588        208        368          0          0       2048   m_wm.l
      2066         90         64         12          0       1836   mc_w.l
      1506          0          0          0          0       1392   mf_w.l

    ----------------------------------------------------------------------
      6172        298        432         12          0       5276   Library Totals

    ----------------------------------------------------------------------

==============================================================================


      Code (inc. data)   RO Data    RW Data    ZI Data      Debug   

     57444       2126       1132        208      51696     534879   Grand Totals
     57444       2126       1132        208      51696     534879   ELF Image Totals
     57444       2126       1132        208          0          0   ROM Totals

==============================================================================

    Total RO  Size (Code + RO Data)                58576 (  57.20kB)
    Total RW  Size (RW Data + ZI Data)             51904 (  50.69kB)
    Total ROM Size (Code + RO Data + RW Data)      58784 (  57.41kB)

==============================================================================

