<html>
<body>
<pre>
<h1>礦ision Build Log</h1>
<h2>Tool Versions:</h2>
IDE-Version: μVision V5.14.0.0
Copyright (C) 2015 ARM Ltd and ARM Germany GmbH. All rights reserved.
License Information: 1 mountainlee_33, 1, LIC=EXJT4-F5YIB-KPEZY-I3Q4E-8UHXT-K3435
 
Tool Versions:
Toolchain:       MDK-ARM Standard  Version: 5.14.0.0
Toolchain Path:  D:\Keil\ARM\ARMCC\Bin
C Compiler:      Armcc.exe V5.05 update 1 (build 106)
Assembler:       Armasm.exe V5.05 update 1 (build 106)
Linker/Locator:  ArmLink.exe V5.05 update 1 (build 106)
Library Manager: ArmAr.exe V5.05 update 1 (build 106)
Hex Converter:   FromElf.exe V5.05 update 1 (build 106)
CPU DLL:         SARMCM3.DLL V5.14.0.0
Dialog DLL:      DCM.DLL V1.13.1.0
Target DLL:      Segger\JL2CM3.dll V2.99.13.0
Dialog DLL:      TCM.DLL V1.14.4.0
 
<h2>Project:</h2>
C:\Users\mountainlee_33\Desktop\robocon-lee\电机配置模板\project.uvprojx
Project File Date:  01/03/2022

<h2>Output:</h2>
Build target 'Target 1'
compiling main.c...
compiling tim2.c...
compiling usart2.c...
USER\SRC\usart2.c(597): warning:  #181-D: argument is incompatible with corresponding format string conversion
                                sprintf(str_temp, "%d", VESCmotor[m].ValReal.angle); //发送格式化输出到 str 所指向的字符串
USER\SRC\usart2.c: 1 warning, 0 errors
compiling can1.c...
USER\SRC\can1.c(169): warning:  #167-D: argument of type "volatile float *" is incompatible with parameter of type "float *"
            EcodeFloatData_to_4byte(&VESCmotor[i].ValReal.current, &buf[0]);
USER\SRC\can1.c: 1 warning, 0 errors
compiling tim5.c...
compiling can2.c...
USER\SRC\can2.c(316): warning:  #167-D: argument of type "vs32 *" is incompatible with parameter of type "void *restrict"
                                memcpy(&odrv_motor[id-1].Argum.Motor_Error, &numchange, sizeof(s32));   
USER\SRC\can2.c(321): warning:  #167-D: argument of type "vs32 *" is incompatible with parameter of type "void *restrict"
                                memcpy(&odrv_motor[id-1].Argum.Encoder_Error, &numchange, sizeof(s32)); 
USER\SRC\can2.c(326): warning:  #167-D: argument of type "volatile float *" is incompatible with parameter of type "void *restrict"
                                memcpy(&odrv_motor[id-1].Value_Real.round, &numchange, sizeof(s32));
USER\SRC\can2.c(328): warning:  #167-D: argument of type "volatile float *" is incompatible with parameter of type "void *restrict"
                                memcpy(&odrv_motor[id-1].Value_Real.velocity, &numchange, sizeof(s32));         
USER\SRC\can2.c(333): warning:  #167-D: argument of type "volatile float *" is incompatible with parameter of type "void *restrict"
                                memcpy(&odrv_motor[id-1].Value_Real.current, &numchange, sizeof(s32));  
USER\SRC\can2.c: 5 warnings, 0 errors
compiling param.c...
compiling usart3.c...
compiling usart1.c...
compiling tim3.c...
compiling dianji.c...
compiling vesc.c...
compiling canctrollist.c...
compiling odrive.c...
USER\SRC\odrive.c(225): warning:  #167-D: argument of type "volatile float *" is incompatible with parameter of type "float *"
                EcodeFloatData_to_4byte(&odrv_motor[id - 1].Value_Set.round,&Odrv_Sendqueue.Can_DataSend[Odrv_Sendqueue.Rear].Data[0]);
USER\SRC\odrive.c(241): warning:  #167-D: argument of type "volatile float *" is incompatible with parameter of type "float *"
      EcodeFloatData_to_4byte(&odrv_motor[id - 1].Value_Set.velocity, &Odrv_Sendqueue.Can_DataSend[Odrv_Sendqueue.Rear].Data[0]);
USER\SRC\odrive.c: 2 warnings, 0 errors
compiling akmotor.c...
compiling elmo.c...
compiling filter.c...
linking...
Program Size: Code=70046 RO-data=1522 RW-data=212 ZI-data=55204  
FromELF: creating hex file...
".\Obj\project.axf" - 0 Error(s), 9 Warning(s).

<h2>Software Packages used:</h2>

Package Vendor: ARM
                http://www.keil.com/pack/ARM.CMSIS.4.2.0.pack
                ARM::CMSIS:CORE:3.40.0
                CMSIS (Cortex Microcontroller Software Interface Standard)
   * Component: CORE Version: 3.40.0

Package Vendor: Keil
                http://www.keil.com/pack/Keil.STM32F4xx_DFP.2.13.0.pack
                Keil::Device:Startup:2.6.2
                STMicroelectronics STM32F4 Series Device Support, Drivers and Examples
   * Component: Startup Version: 2.6.2

<h2>Collection of Component include folders:</h2>
  C:\Users\mountainlee_33\Desktop\robocon-lee\电机配置模板\RTE
  D:\Keil\ARM\PACK\ARM\CMSIS\4.2.0\CMSIS\Include
  D:\Keil\ARM\PACK\Keil\STM32F4xx_DFP\2.13.0

<h2>Collection of Component Files used:</h2>

   * Component: ARM::CMSIS:CORE:3.40.0
      Source file:   CMSIS\UserCodeTemplates\ARM\ITM_Retarget.c

   * Component: Keil::Device:Startup:2.6.2
      Include file:  Drivers\CMSIS\Device\ST\STM32F4xx\Include\stm32f4xx.h
      Source file:   MDK\Device\Source\ARM\STM32F40xxx_41xxx_OPT.s
      Source file:   MDK\Device\Source\ARM\STM32F4xx_OTP.s
      Source file:   Drivers\CMSIS\Device\ST\STM32F4xx\Source\Templates\arm\startup_stm32f405xx.s
      Source file:   Drivers\CMSIS\Device\ST\STM32F4xx\Source\Templates\system_stm32f4xx.c
</pre>
</body>
</html>
