Component: ARM Compiler 5.05 update 1 (build 106) Tool: armlink [4d0efa]

==============================================================================

Section Cross References

    main.o(.text) refers to led.o(.text) for Led_Show
    main.o(.text) refers to cylinder.o(.text) for CYLINDE_CONTROL
    main.o(.text) refers to os_time.o(.text) for OSTimeDly
    main.o(.text) refers to datascope_dp.o(.text) for DataScope_Get_Channel_Data
    main.o(.text) refers to elmo.o(.text) for elmo_control
    main.o(.text) refers to os_cpu_c.o(.text) for OS_CPU_SysTickInit
    main.o(.text) refers to usart2.o(.text) for UsartLCDshow
    main.o(.text) refers to os_cpu_a.o(.text) for OS_CPU_SR_Save
    main.o(.text) refers to os_task.o(.text) for OSTaskCreate
    main.o(.text) refers to system_stm32f4xx.o(.text) for SystemInit
    main.o(.text) refers to tim2.o(.text) for TIM2_Int_Init
    main.o(.text) refers to tim5.o(.text) for TIM5_Init
    main.o(.text) refers to can1.o(.text) for CAN1_Mode_Init
    main.o(.text) refers to can2.o(.text) for CAN2_Mode_Init
    main.o(.text) refers to usart1.o(.text) for Usart1_Init
    main.o(.text) refers to usart3.o(.text) for USART3_Init
    main.o(.text) refers to queue.o(.text) for Can_SendqueueInit
    main.o(.text) refers to canctrollist.o(.text) for InitCANControlList
    main.o(.text) refers to param.o(.text) for param_Init
    main.o(.text) refers to os_core.o(.text) for OSInit
    main.o(.text) refers to main.o(.data) for VALVE_DATA
    main.o(.text) refers to dianji.o(.bss) for motor
    main.o(.text) refers to main.o(.bss) for MOTOR_TASK_STK
    main.o(.text) refers to queue.o(.bss) for Can2_MesgSentList
    tim2.o(.text) refers to stm32f4xx_rcc.o(.text) for RCC_APB1PeriphClockCmd
    tim2.o(.text) refers to stm32f4xx_tim.o(.text) for TIM_TimeBaseInit
    tim2.o(.text) refers to misc.o(.text) for NVIC_Init
    tim2.o(.text) refers to dianji.o(.text) for Speed_mode
    tim2.o(.text) refers to queue.o(.text) for Can_DeQueue
    tim2.o(.text) refers to canctrollist.o(.text) for TraversalControlList
    tim2.o(.text) refers to dianji.o(.bss) for motor
    tim2.o(.text) refers to queue.o(.bss) for Can2_Sendqueue
    tim2.o(.text) refers to param.o(.bss) for flag
    usart2.o(.text) refers to _printf_percent.o(.ARM.Collect$$_printf_percent$$00000000) for _printf_percent
    usart2.o(.text) refers to _printf_d.o(.ARM.Collect$$_printf_percent$$00000009) for _printf_d
    usart2.o(.text) refers to _printf_dec.o(.text) for _printf_int_dec
    usart2.o(.text) refers to stm32f4xx_rcc.o(.text) for RCC_AHB1PeriphClockCmd
    usart2.o(.text) refers to stm32f4xx_gpio.o(.text) for GPIO_PinAFConfig
    usart2.o(.text) refers to stm32f4xx_usart.o(.text) for USART_Init
    usart2.o(.text) refers to misc.o(.text) for NVIC_Init
    usart2.o(.text) refers to stm32f4xx_dma.o(.text) for DMA_DeInit
    usart2.o(.text) refers to rt_memclr.o(.text) for __aeabi_memclr
    usart2.o(.text) refers to atof.o(i.__hardfp_atof) for __hardfp_atof
    usart2.o(.text) refers to dfix.o(x$fpl$dfix) for __aeabi_d2iz
    usart2.o(.text) refers to param.o(.bss) for usart
    usart2.o(.text) refers to usart2.o(.data) for USART2_RX_STA
    usart2.o(.text) refers to dianji.o(.bss) for motor
    usart2.o(.text) refers to elmo.o(.text) for ELMO_motor_UM
    usart2.o(.text) refers to dfixu.o(x$fpl$dfixu) for __aeabi_d2uiz
    usart2.o(.text) refers to noretval__2sprintf.o(.text) for __2sprintf
    usart2.o(.text) refers to strlen.o(.text) for strlen
    usart2.o(.text) refers to strcpy.o(.text) for strcpy
    usart2.o(.text) refers to elmo.o(.bss) for ELMOmotor
    usart2.o(.text) refers to usart2.o(.bss) for str_temp
    can1.o(.text) refers to stm32f4xx_rcc.o(.text) for RCC_APB1PeriphClockCmd
    can1.o(.text) refers to stm32f4xx_gpio.o(.text) for GPIO_PinAFConfig
    can1.o(.text) refers to stm32f4xx_can.o(.text) for CAN_Init
    can1.o(.text) refers to misc.o(.text) for NVIC_Init
    can1.o(.text) refers to queue.o(.bss) for Can2_Sendqueue
    tim5.o(.text) refers to stm32f4xx_rcc.o(.text) for RCC_APB1PeriphClockCmd
    tim5.o(.text) refers to stm32f4xx_tim.o(.text) for TIM_TimeBaseInit
    tim5.o(.text) refers to misc.o(.text) for NVIC_Init
    can2.o(.text) refers to stm32f4xx_rcc.o(.text) for RCC_APB1PeriphClockCmd
    can2.o(.text) refers to stm32f4xx_gpio.o(.text) for GPIO_PinAFConfig
    can2.o(.text) refers to misc.o(.text) for NVIC_Init
    can2.o(.text) refers to stm32f4xx_can.o(.text) for CAN_DeInit
    can2.o(.text) refers to os_time.o(.text) for OSTimeGet
    can2.o(.text) refers to can2.o(.bss) for now_update_time
    can2.o(.text) refers to dianji.o(.bss) for motor
    can2.o(.text) refers to dianji.o(.text) for pulse_caculate
    can2.o(.text) refers to queue.o(.bss) for Can2_MesgSentList
    can2.o(.text) refers to elmo.o(.bss) for ELMOmotor
    can2.o(.text) refers to elmo.o(.data) for Motor_Emer_Code
    param.o(.text) refers to elmo.o(.text) for ELMO_motor_Init
[...]
    GPIO_ToggleBits                          0x0800789f   Thumb Code     8  stm32f4xx_gpio.o(.text)
    GPIO_PinAFConfig                         0x080078a7   Thumb Code    70  stm32f4xx_gpio.o(.text)
    RCC_DeInit                               0x08007911   Thumb Code    60  stm32f4xx_rcc.o(.text)
    RCC_HSEConfig                            0x0800794d   Thumb Code    14  stm32f4xx_rcc.o(.text)
    RCC_GetFlagStatus                        0x0800795b   Thumb Code    60  stm32f4xx_rcc.o(.text)
    RCC_WaitForHSEStartUp                    0x08007997   Thumb Code    56  stm32f4xx_rcc.o(.text)
    RCC_AdjustHSICalibrationValue            0x080079cf   Thumb Code    20  stm32f4xx_rcc.o(.text)
    RCC_HSICmd                               0x080079e3   Thumb Code     6  stm32f4xx_rcc.o(.text)
    RCC_LSEConfig                            0x080079e9   Thumb Code    46  stm32f4xx_rcc.o(.text)
    RCC_LSICmd                               0x08007a17   Thumb Code     6  stm32f4xx_rcc.o(.text)
    RCC_PLLConfig                            0x08007a1d   Thumb Code    32  stm32f4xx_rcc.o(.text)
    RCC_PLLCmd                               0x08007a3d   Thumb Code     6  stm32f4xx_rcc.o(.text)
    RCC_PLLI2SConfig                         0x08007a43   Thumb Code    14  stm32f4xx_rcc.o(.text)
    RCC_PLLI2SCmd                            0x08007a51   Thumb Code     6  stm32f4xx_rcc.o(.text)
    RCC_ClockSecuritySystemCmd               0x08007a57   Thumb Code     6  stm32f4xx_rcc.o(.text)
    RCC_MCO1Config                           0x08007a5d   Thumb Code    28  stm32f4xx_rcc.o(.text)
    RCC_MCO2Config                           0x08007a79   Thumb Code    28  stm32f4xx_rcc.o(.text)
    RCC_SYSCLKConfig                         0x08007a95   Thumb Code    20  stm32f4xx_rcc.o(.text)
    RCC_GetSYSCLKSource                      0x08007aa9   Thumb Code    12  stm32f4xx_rcc.o(.text)
    RCC_HCLKConfig                           0x08007ab5   Thumb Code    20  stm32f4xx_rcc.o(.text)
    RCC_PCLK1Config                          0x08007ac9   Thumb Code    20  stm32f4xx_rcc.o(.text)
    RCC_PCLK2Config                          0x08007add   Thumb Code    22  stm32f4xx_rcc.o(.text)
    RCC_GetClocksFreq                        0x08007af3   Thumb Code   222  stm32f4xx_rcc.o(.text)
    RCC_RTCCLKConfig                         0x08007bd1   Thumb Code    54  stm32f4xx_rcc.o(.text)
    RCC_RTCCLKCmd                            0x08007c07   Thumb Code     8  stm32f4xx_rcc.o(.text)
    RCC_BackupResetCmd                       0x08007c0f   Thumb Code     8  stm32f4xx_rcc.o(.text)
    RCC_I2SCLKConfig                         0x08007c17   Thumb Code     6  stm32f4xx_rcc.o(.text)
    RCC_AHB1PeriphClockCmd                   0x08007c1d   Thumb Code    34  stm32f4xx_rcc.o(.text)
    RCC_AHB2PeriphClockCmd                   0x08007c3f   Thumb Code    34  stm32f4xx_rcc.o(.text)
    RCC_AHB3PeriphClockCmd                   0x08007c61   Thumb Code    34  stm32f4xx_rcc.o(.text)
    RCC_APB1PeriphClockCmd                   0x08007c83   Thumb Code    34  stm32f4xx_rcc.o(.text)
    RCC_APB2PeriphClockCmd                   0x08007ca5   Thumb Code    34  stm32f4xx_rcc.o(.text)
    RCC_AHB1PeriphResetCmd                   0x08007cc7   Thumb Code    34  stm32f4xx_rcc.o(.text)
    RCC_AHB2PeriphResetCmd                   0x08007ce9   Thumb Code    72  stm32f4xx_rcc.o(.text)
    RCC_AHB3PeriphResetCmd                   0x08007d31   Thumb Code    34  stm32f4xx_rcc.o(.text)
    RCC_APB1PeriphResetCmd                   0x08007d53   Thumb Code    34  stm32f4xx_rcc.o(.text)
    RCC_APB2PeriphResetCmd                   0x08007d75   Thumb Code    34  stm32f4xx_rcc.o(.text)
    RCC_AHB1PeriphClockLPModeCmd             0x08007d97   Thumb Code    34  stm32f4xx_rcc.o(.text)
    RCC_AHB2PeriphClockLPModeCmd             0x08007db9   Thumb Code    34  stm32f4xx_rcc.o(.text)
    RCC_AHB3PeriphClockLPModeCmd             0x08007ddb   Thumb Code    34  stm32f4xx_rcc.o(.text)
    RCC_APB1PeriphClockLPModeCmd             0x08007dfd   Thumb Code    34  stm32f4xx_rcc.o(.text)
    RCC_APB2PeriphClockLPModeCmd             0x08007e1f   Thumb Code    34  stm32f4xx_rcc.o(.text)
    RCC_ITConfig                             0x08007e41   Thumb Code    34  stm32f4xx_rcc.o(.text)
    RCC_ClearFlag                            0x08007e63   Thumb Code    18  stm32f4xx_rcc.o(.text)
    RCC_GetITStatus                          0x08007e75   Thumb Code    22  stm32f4xx_rcc.o(.text)
    RCC_ClearITPendingBit                    0x08007e8b   Thumb Code     8  stm32f4xx_rcc.o(.text)
    TIM_DeInit                               0x08007e99   Thumb Code   346  stm32f4xx_tim.o(.text)
    TIM_TimeBaseInit                         0x08007ff3   Thumb Code   104  stm32f4xx_tim.o(.text)
    TIM_TimeBaseStructInit                   0x0800805b   Thumb Code    18  stm32f4xx_tim.o(.text)
    TIM_PrescalerConfig                      0x0800806d   Thumb Code     6  stm32f4xx_tim.o(.text)
    TIM_CounterModeConfig                    0x08008073   Thumb Code    18  stm32f4xx_tim.o(.text)
    TIM_SetCounter                           0x08008085   Thumb Code     4  stm32f4xx_tim.o(.text)
    TIM_SetAutoreload                        0x08008089   Thumb Code     4  stm32f4xx_tim.o(.text)
    TIM_GetCounter                           0x0800808d   Thumb Code     6  stm32f4xx_tim.o(.text)
    TIM_GetPrescaler                         0x08008093   Thumb Code     6  stm32f4xx_tim.o(.text)
    TIM_UpdateDisableConfig                  0x08008099   Thumb Code    24  stm32f4xx_tim.o(.text)
    TIM_UpdateRequestConfig                  0x080080b1   Thumb Code    24  stm32f4xx_tim.o(.text)
    TIM_ARRPreloadConfig                     0x080080c9   Thumb Code    24  stm32f4xx_tim.o(.text)
    TIM_SelectOnePulseMode                   0x080080e1   Thumb Code    18  stm32f4xx_tim.o(.text)
    TIM_SetClockDivision                     0x080080f3   Thumb Code    18  stm32f4xx_tim.o(.text)
    TIM_Cmd                                  0x08008105   Thumb Code    24  stm32f4xx_tim.o(.text)
    TIM_OC1Init                              0x0800811d   Thumb Code   114  stm32f4xx_tim.o(.text)
    TIM_OC2Init                              0x0800818f   Thumb Code   154  stm32f4xx_tim.o(.text)
    TIM_OC3Init                              0x08008229   Thumb Code   204  stm32f4xx_tim.o(.text)
    TIM_OC4Init                              0x080082f5   Thumb Code   112  stm32f4xx_tim.o(.text)
    TIM_OCStructInit                         0x08008365   Thumb Code    20  stm32f4xx_tim.o(.text)
    TIM_SelectOCxM                           0x08008379   Thumb Code    86  stm32f4xx_tim.o(.text)
    TIM_SetCompare1                          0x080083cf   Thumb Code     4  stm32f4xx_tim.o(.text)
    TIM_SetCompare2                          0x080083d3   Thumb Code     4  stm32f4xx_tim.o(.text)
    TIM_SetCompare3                          0x080083d7   Thumb Code     4  stm32f4xx_tim.o(.text)
    TIM_SetCompare4                          0x080083db   Thumb Code     4  stm32f4xx_tim.o(.text)
    TIM_ForcedOC1Config                      0x080083df   Thumb Code    18  stm32f4xx_tim.o(.text)
    TIM_ForcedOC2Config                      0x080083f1   Thumb Code    26  stm32f4xx_tim.o(.text)
    TIM_ForcedOC3Config                      0x0800840b   Thumb Code    18  stm32f4xx_tim.o(.text)
    TIM_ForcedOC4Config                      0x0800841d   Thumb Code    26  stm32f4xx_tim.o(.text)
    TIM_OC1PreloadConfig                     0x08008437   Thumb Code    18  stm32f4xx_tim.o(.text)
    TIM_OC2PreloadConfig                     0x08008449   Thumb Code    26  stm32f4xx_tim.o(.text)
    TIM_OC3PreloadConfig                     0x08008463   Thumb Code    18  stm32f4xx_tim.o(.text)
    TIM_OC4PreloadConfig                     0x08008475   Thumb Code    26  stm32f4xx_tim.o(.text)
    TIM_OC1FastConfig                        0x0800848f   Thumb Code    18  stm32f4xx_tim.o(.text)
    TIM_OC2FastConfig                        0x080084a1   Thumb Code    26  stm32f4xx_tim.o(.text)
    TIM_OC3FastConfig                        0x080084bb   Thumb Code    18  stm32f4xx_tim.o(.text)
    TIM_OC4FastConfig                        0x080084cd   Thumb Code    26  stm32f4xx_tim.o(.text)
    TIM_ClearOC1Ref                          0x080084e7   Thumb Code    18  stm32f4xx_tim.o(.text)
    TIM_ClearOC2Ref                          0x080084f9   Thumb Code    24  stm32f4xx_tim.o(.text)
    TIM_ClearOC3Ref                          0x08008511   Thumb Code    18  stm32f4xx_tim.o(.text)
    TIM_ClearOC4Ref                          0x08008523   Thumb Code    24  stm32f4xx_tim.o(.text)
    TIM_OC1PolarityConfig                    0x0800853b   Thumb Code    18  stm32f4xx_tim.o(.text)
    TIM_OC1NPolarityConfig                   0x0800854d   Thumb Code    18  stm32f4xx_tim.o(.text)
    TIM_OC2PolarityConfig                    0x0800855f   Thumb Code    26  stm32f4xx_tim.o(.text)
    TIM_OC2NPolarityConfig                   0x08008579   Thumb Code    26  stm32f4xx_tim.o(.text)
    TIM_OC3PolarityConfig                    0x08008593   Thumb Code    26  stm32f4xx_tim.o(.text)
    TIM_OC3NPolarityConfig                   0x080085ad   Thumb Code    26  stm32f4xx_tim.o(.text)
    TIM_OC4PolarityConfig                    0x080085c7   Thumb Code    26  stm32f4xx_tim.o(.text)
    TIM_CCxCmd                               0x080085e1   Thumb Code    30  stm32f4xx_tim.o(.text)
    TIM_CCxNCmd                              0x080085ff   Thumb Code    30  stm32f4xx_tim.o(.text)
    TIM_SetIC4Prescaler                      0x0800861d   Thumb Code    26  stm32f4xx_tim.o(.text)
    TIM_SetIC3Prescaler                      0x08008687   Thumb Code    18  stm32f4xx_tim.o(.text)
    TIM_SetIC2Prescaler                      0x080086e1   Thumb Code    26  stm32f4xx_tim.o(.text)
    TIM_SetIC1Prescaler                      0x08008755   Thumb Code    18  stm32f4xx_tim.o(.text)
    TIM_ICInit                               0x080087a1   Thumb Code   110  stm32f4xx_tim.o(.text)
    TIM_ICStructInit                         0x0800880f   Thumb Code    18  stm32f4xx_tim.o(.text)
    TIM_PWMIConfig                           0x08008821   Thumb Code   124  stm32f4xx_tim.o(.text)
    TIM_GetCapture1                          0x0800889d   Thumb Code     6  stm32f4xx_tim.o(.text)
    TIM_GetCapture2                          0x080088a3   Thumb Code     6  stm32f4xx_tim.o(.text)
    TIM_GetCapture3                          0x080088a9   Thumb Code     6  stm32f4xx_tim.o(.text)
    TIM_GetCapture4                          0x080088af   Thumb Code     6  stm32f4xx_tim.o(.text)
    TIM_BDTRConfig                           0x080088b5   Thumb Code    32  stm32f4xx_tim.o(.text)
    TIM_BDTRStructInit                       0x080088d5   Thumb Code    18  stm32f4xx_tim.o(.text)
    TIM_CtrlPWMOutputs                       0x080088e7   Thumb Code    30  stm32f4xx_tim.o(.text)
    TIM_SelectCOM                            0x08008905   Thumb Code    24  stm32f4xx_tim.o(.text)
    TIM_CCPreloadControl                     0x0800891d   Thumb Code    24  stm32f4xx_tim.o(.text)
    TIM_ITConfig                             0x08008935   Thumb Code    18  stm32f4xx_tim.o(.text)
    TIM_GenerateEvent                        0x08008947   Thumb Code     4  stm32f4xx_tim.o(.text)
    TIM_GetFlagStatus                        0x0800894b   Thumb Code    18  stm32f4xx_tim.o(.text)
    TIM_ClearFlag                            0x0800895d   Thumb Code     6  stm32f4xx_tim.o(.text)
    TIM_GetITStatus                          0x08008963   Thumb Code    34  stm32f4xx_tim.o(.text)
    TIM_ClearITPendingBit                    0x08008985   Thumb Code     6  stm32f4xx_tim.o(.text)
    TIM_DMAConfig                            0x0800898b   Thumb Code    10  stm32f4xx_tim.o(.text)
    TIM_DMACmd                               0x08008995   Thumb Code    18  stm32f4xx_tim.o(.text)
    TIM_SelectCCDMA                          0x080089a7   Thumb Code    24  stm32f4xx_tim.o(.text)
    TIM_InternalClockConfig                  0x080089bf   Thumb Code    12  stm32f4xx_tim.o(.text)
    TIM_SelectInputTrigger                   0x080089cb   Thumb Code    18  stm32f4xx_tim.o(.text)
    TIM_ITRxExternalClockConfig              0x080089dd   Thumb Code    24  stm32f4xx_tim.o(.text)
    TIM_TIxExternalClockConfig               0x080089f5   Thumb Code    62  stm32f4xx_tim.o(.text)
    TIM_ETRConfig                            0x08008a33   Thumb Code    28  stm32f4xx_tim.o(.text)
    TIM_ETRClockMode1Config                  0x08008a4f   Thumb Code    54  stm32f4xx_tim.o(.text)
    TIM_ETRClockMode2Config                  0x08008a85   Thumb Code    32  stm32f4xx_tim.o(.text)
    TIM_SelectOutputTrigger                  0x08008aa5   Thumb Code    18  stm32f4xx_tim.o(.text)
    TIM_SelectSlaveMode                      0x08008ab7   Thumb Code    18  stm32f4xx_tim.o(.text)
    TIM_SelectMasterSlaveMode                0x08008ac9   Thumb Code    18  stm32f4xx_tim.o(.text)
    TIM_EncoderInterfaceConfig               0x08008adb   Thumb Code    66  stm32f4xx_tim.o(.text)
    TIM_SelectHallSensor                     0x08008b1d   Thumb Code    24  stm32f4xx_tim.o(.text)
    TIM_RemapConfig                          0x08008b35   Thumb Code     6  stm32f4xx_tim.o(.text)
    USART_DeInit                             0x08008b3d   Thumb Code   156  stm32f4xx_usart.o(.text)
    USART_Init                               0x08008bd9   Thumb Code   204  stm32f4xx_usart.o(.text)
    USART_StructInit                         0x08008ca5   Thumb Code    24  stm32f4xx_usart.o(.text)
    USART_ClockInit                          0x08008cbd   Thumb Code    32  stm32f4xx_usart.o(.text)
    USART_ClockStructInit                    0x08008cdd   Thumb Code    12  stm32f4xx_usart.o(.text)
    USART_Cmd                                0x08008ce9   Thumb Code    24  stm32f4xx_usart.o(.text)
    USART_SetPrescaler                       0x08008d01   Thumb Code    16  stm32f4xx_usart.o(.text)
    USART_OverSampling8Cmd                   0x08008d11   Thumb Code    22  stm32f4xx_usart.o(.text)
    USART_OneBitMethodCmd                    0x08008d27   Thumb Code    24  stm32f4xx_usart.o(.text)
    USART_SendData                           0x08008d3f   Thumb Code     8  stm32f4xx_usart.o(.text)
    USART_ReceiveData                        0x08008d47   Thumb Code    10  stm32f4xx_usart.o(.text)
    USART_SetAddress                         0x08008d51   Thumb Code    18  stm32f4xx_usart.o(.text)
    USART_ReceiverWakeUpCmd                  0x08008d63   Thumb Code    24  stm32f4xx_usart.o(.text)
    USART_WakeUpConfig                       0x08008d7b   Thumb Code    18  stm32f4xx_usart.o(.text)
    USART_LINBreakDetectLengthConfig         0x08008d8d   Thumb Code    18  stm32f4xx_usart.o(.text)
    USART_LINCmd                             0x08008d9f   Thumb Code    24  stm32f4xx_usart.o(.text)
    USART_SendBreak                          0x08008db7   Thumb Code    10  stm32f4xx_usart.o(.text)
    USART_HalfDuplexCmd                      0x08008dc1   Thumb Code    24  stm32f4xx_usart.o(.text)
    USART_SetGuardTime                       0x08008dd9   Thumb Code    16  stm32f4xx_usart.o(.text)
    USART_SmartCardCmd                       0x08008de9   Thumb Code    24  stm32f4xx_usart.o(.text)
    USART_SmartCardNACKCmd                   0x08008e01   Thumb Code    24  stm32f4xx_usart.o(.text)
    USART_IrDAConfig                         0x08008e19   Thumb Code    18  stm32f4xx_usart.o(.text)
    USART_IrDACmd                            0x08008e2b   Thumb Code    24  stm32f4xx_usart.o(.text)
    USART_DMACmd                             0x08008e43   Thumb Code    18  stm32f4xx_usart.o(.text)
    USART_ITConfig                           0x08008e55   Thumb Code    74  stm32f4xx_usart.o(.text)
    USART_GetFlagStatus                      0x08008e9f   Thumb Code    26  stm32f4xx_usart.o(.text)
    USART_ClearFlag                          0x08008eb9   Thumb Code    18  stm32f4xx_usart.o(.text)
    USART_GetITStatus                        0x08008ecb   Thumb Code   110  stm32f4xx_usart.o(.text)
    USART_ClearITPendingBit                  0x08008f39   Thumb Code    30  stm32f4xx_usart.o(.text)
    SystemInit                               0x08009035   Thumb Code    88  system_stm32f4xx.o(.text)
    SystemCoreClockUpdate                    0x0800908d   Thumb Code   174  system_stm32f4xx.o(.text)
    Reset_Handler                            0x08009169   Thumb Code     8  startup_stm32f4xx.o(.text)
    ADC_IRQHandler                           0x08009183   Thumb Code     0  startup_stm32f4xx.o(.text)
    CAN1_RX1_IRQHandler                      0x08009183   Thumb Code     0  startup_stm32f4xx.o(.text)
    CAN1_SCE_IRQHandler                      0x08009183   Thumb Code     0  startup_stm32f4xx.o(.text)
    CAN1_TX_IRQHandler                       0x08009183   Thumb Code     0  startup_stm32f4xx.o(.text)
    CAN2_SCE_IRQHandler                      0x08009183   Thumb Code     0  startup_stm32f4xx.o(.text)
    CAN2_TX_IRQHandler                       0x08009183   Thumb Code     0  startup_stm32f4xx.o(.text)
    CRYP_IRQHandler                          0x08009183   Thumb Code     0  startup_stm32f4xx.o(.text)
    DCMI_IRQHandler                          0x08009183   Thumb Code     0  startup_stm32f4xx.o(.text)
    DMA1_Stream0_IRQHandler                  0x08009183   Thumb Code     0  startup_stm32f4xx.o(.text)
    DMA1_Stream1_IRQHandler                  0x08009183   Thumb Code     0  startup_stm32f4xx.o(.text)
    DMA1_Stream2_IRQHandler                  0x08009183   Thumb Code     0  startup_stm32f4xx.o(.text)
    DMA1_Stream4_IRQHandler                  0x08009183   Thumb Code     0  startup_stm32f4xx.o(.text)
    DMA1_Stream5_IRQHandler                  0x08009183   Thumb Code     0  startup_stm32f4xx.o(.text)
    DMA1_Stream7_IRQHandler                  0x08009183   Thumb Code     0  startup_stm32f4xx.o(.text)
    DMA2_Stream0_IRQHandler                  0x08009183   Thumb Code     0  startup_stm32f4xx.o(.text)
    DMA2_Stream1_IRQHandler                  0x08009183   Thumb Code     0  startup_stm32f4xx.o(.text)
    DMA2_Stream2_IRQHandler                  0x08009183   Thumb Code     0  startup_stm32f4xx.o(.text)
    DMA2_Stream3_IRQHandler                  0x08009183   Thumb Code     0  startup_stm32f4xx.o(.text)
    DMA2_Stream4_IRQHandler                  0x08009183   Thumb Code     0  startup_stm32f4xx.o(.text)
    DMA2_Stream5_IRQHandler                  0x08009183   Thumb Code     0  startup_stm32f4xx.o(.text)
    DMA2_Stream6_IRQHandler                  0x08009183   Thumb Code     0  startup_stm32f4xx.o(.text)
    ETH_IRQHandler                           0x08009183   Thumb Code     0  startup_stm32f4xx.o(.text)
    ETH_WKUP_IRQHandler                      0x08009183   Thumb Code     0  startup_stm32f4xx.o(.text)
    EXTI0_IRQHandler                         0x08009183   Thumb Code     0  startup_stm32f4xx.o(.text)
    EXTI15_10_IRQHandler                     0x08009183   Thumb Code     0  startup_stm32f4xx.o(.text)
    EXTI1_IRQHandler                         0x08009183   Thumb Code     0  startup_stm32f4xx.o(.text)
    EXTI2_IRQHandler                         0x08009183   Thumb Code     0  startup_stm32f4xx.o(.text)
    EXTI3_IRQHandler                         0x08009183   Thumb Code     0  startup_stm32f4xx.o(.text)
    EXTI4_IRQHandler                         0x08009183   Thumb Code     0  startup_stm32f4xx.o(.text)
    EXTI9_5_IRQHandler                       0x08009183   Thumb Code     0  startup_stm32f4xx.o(.text)
    FLASH_IRQHandler                         0x08009183   Thumb Code     0  startup_stm32f4xx.o(.text)
    FPU_IRQHandler                           0x08009183   Thumb Code     0  startup_stm32f4xx.o(.text)
    FSMC_IRQHandler                          0x08009183   Thumb Code     0  startup_stm32f4xx.o(.text)
    HASH_RNG_IRQHandler                      0x08009183   Thumb Code     0  startup_stm32f4xx.o(.text)
    I2C1_ER_IRQHandler                       0x08009183   Thumb Code     0  startup_stm32f4xx.o(.text)
    I2C1_EV_IRQHandler                       0x08009183   Thumb Code     0  startup_stm32f4xx.o(.text)
    I2C2_ER_IRQHandler                       0x08009183   Thumb Code     0  startup_stm32f4xx.o(.text)
    I2C2_EV_IRQHandler                       0x08009183   Thumb Code     0  startup_stm32f4xx.o(.text)
    I2C3_ER_IRQHandler                       0x08009183   Thumb Code     0  startup_stm32f4xx.o(.text)
    I2C3_EV_IRQHandler                       0x08009183   Thumb Code     0  startup_stm32f4xx.o(.text)
    OTG_FS_IRQHandler                        0x08009183   Thumb Code     0  startup_stm32f4xx.o(.text)
    OTG_FS_WKUP_IRQHandler                   0x08009183   Thumb Code     0  startup_stm32f4xx.o(.text)
    OTG_HS_EP1_IN_IRQHandler                 0x08009183   Thumb Code     0  startup_stm32f4xx.o(.text)
    OTG_HS_EP1_OUT_IRQHandler                0x08009183   Thumb Code     0  startup_stm32f4xx.o(.text)
    OTG_HS_IRQHandler                        0x08009183   Thumb Code     0  startup_stm32f4xx.o(.text)
    OTG_HS_WKUP_IRQHandler                   0x08009183   Thumb Code     0  startup_stm32f4xx.o(.text)
    PVD_IRQHandler                           0x08009183   Thumb Code     0  startup_stm32f4xx.o(.text)
    RCC_IRQHandler                           0x08009183   Thumb Code     0  startup_stm32f4xx.o(.text)
    RTC_Alarm_IRQHandler                     0x08009183   Thumb Code     0  startup_stm32f4xx.o(.text)
    RTC_WKUP_IRQHandler                      0x08009183   Thumb Code     0  startup_stm32f4xx.o(.text)
    SDIO_IRQHandler                          0x08009183   Thumb Code     0  startup_stm32f4xx.o(.text)
    SPI1_IRQHandler                          0x08009183   Thumb Code     0  startup_stm32f4xx.o(.text)
    SPI2_IRQHandler                          0x08009183   Thumb Code     0  startup_stm32f4xx.o(.text)
    SPI3_IRQHandler                          0x08009183   Thumb Code     0  startup_stm32f4xx.o(.text)
    TAMP_STAMP_IRQHandler                    0x08009183   Thumb Code     0  startup_stm32f4xx.o(.text)
    TIM1_BRK_TIM9_IRQHandler                 0x08009183   Thumb Code     0  startup_stm32f4xx.o(.text)
    TIM1_CC_IRQHandler                       0x08009183   Thumb Code     0  startup_stm32f4xx.o(.text)
    TIM1_TRG_COM_TIM11_IRQHandler            0x08009183   Thumb Code     0  startup_stm32f4xx.o(.text)
    TIM1_UP_TIM10_IRQHandler                 0x08009183   Thumb Code     0  startup_stm32f4xx.o(.text)
    TIM4_IRQHandler                          0x08009183   Thumb Code     0  startup_stm32f4xx.o(.text)
    TIM6_DAC_IRQHandler                      0x08009183   Thumb Code     0  startup_stm32f4xx.o(.text)
    TIM7_IRQHandler                          0x08009183   Thumb Code     0  startup_stm32f4xx.o(.text)
    TIM8_BRK_TIM12_IRQHandler                0x08009183   Thumb Code     0  startup_stm32f4xx.o(.text)
    TIM8_CC_IRQHandler                       0x08009183   Thumb Code     0  startup_stm32f4xx.o(.text)
    TIM8_TRG_COM_TIM14_IRQHandler            0x08009183   Thumb Code     0  startup_stm32f4xx.o(.text)
    TIM8_UP_TIM13_IRQHandler                 0x08009183   Thumb Code     0  startup_stm32f4xx.o(.text)
    UART4_IRQHandler                         0x08009183   Thumb Code     0  startup_stm32f4xx.o(.text)
    UART5_IRQHandler                         0x08009183   Thumb Code     0  startup_stm32f4xx.o(.text)
    USART6_IRQHandler                        0x08009183   Thumb Code     0  startup_stm32f4xx.o(.text)
    WWDG_IRQHandler                          0x08009183   Thumb Code     0  startup_stm32f4xx.o(.text)
    __user_initial_stackheap                 0x08009185   Thumb Code     0  startup_stm32f4xx.o(.text)
    OS_TaskStatStkChk                        0x080091a9   Thumb Code    54  os_core.o(.text)
    OS_TaskStat                              0x080091df   Thumb Code   144  os_core.o(.text)
    OS_TaskIdle                              0x080092a3   Thumb Code    34  os_core.o(.text)
    OS_MemClr                                0x080092f9   Thumb Code    18  os_core.o(.text)
    OSInit                                   0x08009419   Thumb Code    48  os_core.o(.text)
    OSIntEnter                               0x08009449   Thumb Code    28  os_core.o(.text)
    OSIntExit                                0x0800947f   Thumb Code   112  os_core.o(.text)
    OSSchedLock                              0x080094ef   Thumb Code    50  os_core.o(.text)
    OS_Sched                                 0x08009521   Thumb Code    88  os_core.o(.text)
    OSSchedUnlock                            0x08009579   Thumb Code   238  os_core.o(.text)
    OSStart                                  0x08009667   Thumb Code    48  os_core.o(.text)
    OSStatInit                               0x08009697   Thumb Code    64  os_core.o(.text)
    OSTimeTick                               0x080096d7   Thumb Code   210  os_core.o(.text)
    OSVersion                                0x080097a9   Thumb Code     6  os_core.o(.text)
    OS_Dummy                                 0x080097af   Thumb Code     2  os_core.o(.text)
    OS_EventTaskRemove                       0x080097b1   Thumb Code    42  os_core.o(.text)
    OS_EventTaskRdy                          0x080097db   Thumb Code   114  os_core.o(.text)
    OS_EventTaskWait                         0x0800984d   Thumb Code   112  os_core.o(.text)
    OS_EventWaitListInit                     0x080098bd   Thumb Code    28  os_core.o(.text)
    OS_MemCopy                               0x080098d9   Thumb Code    20  os_core.o(.text)
    OS_StrLen                                0x080098ed   Thumb Code    20  os_core.o(.text)
    OS_TCBInit                               0x08009901   Thumb Code   292  os_core.o(.text)
    OSFlagAccept                             0x08009a69   Thumb Code   252  os_flag.o(.text)
    OSFlagCreate                             0x08009b65   Thumb Code    86  os_flag.o(.text)
    OS_FlagUnlink                            0x08009bbb   Thumb Code    36  os_flag.o(.text)
    OSFlagDel                                0x08009c31   Thumb Code   214  os_flag.o(.text)
    OSFlagNameGet                            0x08009d07   Thumb Code    80  os_flag.o(.text)
    OSFlagNameSet                            0x08009d57   Thumb Code    66  os_flag.o(.text)
    OSFlagPend                               0x08009e31   Thumb Code   614  os_flag.o(.text)
    OSFlagPendGetFlagsRdy                    0x0800a097   Thumb Code    26  os_flag.o(.text)
    OSFlagPost                               0x0800a0b1   Thumb Code   312  os_flag.o(.text)
    OSFlagQuery                              0x0800a1e9   Thumb Code    48  os_flag.o(.text)
    OS_FlagInit                              0x0800a219   Thumb Code    78  os_flag.o(.text)
    OSMemCreate                              0x0800a275   Thumb Code   118  os_mem.o(.text)
    OSMemGet                                 0x0800a2eb   Thumb Code    62  os_mem.o(.text)
    OSMemNameGet                             0x0800a329   Thumb Code    60  os_mem.o(.text)
    OSMemNameSet                             0x0800a365   Thumb Code    48  os_mem.o(.text)
    OSMemPut                                 0x0800a395   Thumb Code    54  os_mem.o(.text)
    OSMemQuery                               0x0800a3cb   Thumb Code    52  os_mem.o(.text)
    OS_MemInit                               0x0800a3ff   Thumb Code    74  os_mem.o(.text)
    OSQAccept                                0x0800a459   Thumb Code    88  os_q.o(.text)
    OSQCreate                                0x0800a4b1   Thumb Code   140  os_q.o(.text)
    OSQDel                                   0x0800a53d   Thumb Code   236  os_q.o(.text)
    OSQFlush                                 0x0800a629   Thumb Code    36  os_q.o(.text)
    OSQPend                                  0x0800a64d   Thumb Code   272  os_q.o(.text)
    OSQPendAbort                             0x0800a75d   Thumb Code   128  os_q.o(.text)
    OSQPost                                  0x0800a7dd   Thumb Code   114  os_q.o(.text)
    OSQPostFront                             0x0800a84f   Thumb Code   136  os_q.o(.text)
    OSQPostOpt                               0x0800a8d7   Thumb Code   182  os_q.o(.text)
    OSQQuery                                 0x0800a98d   Thumb Code    98  os_q.o(.text)
    OS_QInit                                 0x0800a9ef   Thumb Code    72  os_q.o(.text)
    OSTaskChangePrio                         0x0800aa41   Thumb Code   308  os_task.o(.text)
    OSTaskCreate                             0x0800ab75   Thumb Code   148  os_task.o(.text)
    OS_TaskStkClr                            0x0800ac09   Thumb Code    26  os_task.o(.text)
    OSTaskCreateExt                          0x0800ac23   Thumb Code   170  os_task.o(.text)
    OSTaskDel                                0x0800accd   Thumb Code   294  os_task.o(.text)
    OSTaskDelReq                             0x0800adf3   Thumb Code   144  os_task.o(.text)
    OSTaskNameGet                            0x0800ae83   Thumb Code   114  os_task.o(.text)
    OSTaskNameSet                            0x0800aef5   Thumb Code    98  os_task.o(.text)
    OSTaskResume                             0x0800af57   Thumb Code   154  os_task.o(.text)
    OSTaskStkChk                             0x0800aff1   Thumb Code   128  os_task.o(.text)
    OSTaskSuspend                            0x0800b071   Thumb Code   152  os_task.o(.text)
    OSTaskQuery                              0x0800b109   Thumb Code    82  os_task.o(.text)
    OSTaskRegGet                             0x0800b15b   Thumb Code    60  os_task.o(.text)
    OSTaskRegSet                             0x0800b197   Thumb Code    62  os_task.o(.text)
    OS_TaskReturn                            0x0800b1d5   Thumb Code    18  os_task.o(.text)
    OSTimeDly                                0x0800b201   Thumb Code   100  os_time.o(.text)
    OSTimeDlyHMSM                            0x0800b265   Thumb Code    84  os_time.o(.text)
    OSTimeDlyResume                          0x0800b2b9   Thumb Code   168  os_time.o(.text)
    OSTimeGet                                0x0800b361   Thumb Code    24  os_time.o(.text)
    OSTimeSet                                0x0800b379   Thumb Code    24  os_time.o(.text)
    OS_CPU_SR_Save                           0x0800b3ad   Thumb Code     0  os_cpu_a.o(.text)
    OS_CPU_SR_Restore                        0x0800b3b5   Thumb Code     0  os_cpu_a.o(.text)
    OSStartHighRdy                           0x0800b3bb   Thumb Code     0  os_cpu_a.o(.text)
    OSCtxSw                                  0x0800b3db   Thumb Code     0  os_cpu_a.o(.text)
    OSIntCtxSw                               0x0800b3e5   Thumb Code     0  os_cpu_a.o(.text)
    PendSV_Handler                           0x0800b3ef   Thumb Code     0  os_cpu_a.o(.text)
    OSInitHookBegin                          0x0800b45d   Thumb Code     2  os_cpu_c.o(.text)
    OSTaskReturnHook                         0x0800b45f   Thumb Code     2  os_cpu_c.o(.text)
    OSInitHookEnd                            0x0800b461   Thumb Code     2  os_cpu_c.o(.text)
    OSTaskCreateHook                         0x0800b463   Thumb Code     2  os_cpu_c.o(.text)
    OSTaskDelHook                            0x0800b465   Thumb Code     2  os_cpu_c.o(.text)
    OSTaskIdleHook                           0x0800b467   Thumb Code     2  os_cpu_c.o(.text)
    OSTaskStatHook                           0x0800b469   Thumb Code     2  os_cpu_c.o(.text)
    OSTaskStkInit                            0x0800b46b   Thumb Code   482  os_cpu_c.o(.text)
    OSTaskSwHook                             0x0800b64d   Thumb Code     2  os_cpu_c.o(.text)
    OSTCBInitHook                            0x0800b64f   Thumb Code     2  os_cpu_c.o(.text)
    OSTimeTickHook                           0x0800b651   Thumb Code     2  os_cpu_c.o(.text)
    SysTick_Handler                          0x0800b653   Thumb Code    44  os_cpu_c.o(.text)
    OS_CPU_SysTickInit                       0x0800b67f   Thumb Code    86  os_cpu_c.o(.text)
    malloc                                   0x0800b6e5   Thumb Code    94  h1_alloc.o(.text)
    free                                     0x0800b743   Thumb Code    78  h1_free.o(.text)
    __2sprintf                               0x0800b791   Thumb Code    34  noretval__2sprintf.o(.text)
    __printf                                 0x0800b7b9   Thumb Code   104  __printf.o(.text)
    _printf_int_dec                          0x0800b821   Thumb Code   104  _printf_dec.o(.text)
    strcpy                                   0x0800b899   Thumb Code    72  strcpy.o(.text)
    strlen                                   0x0800b8e1   Thumb Code    62  strlen.o(.text)
    strcat                                   0x0800b91f   Thumb Code    24  strcat.o(.text)
    __aeabi_memcpy                           0x0800b937   Thumb Code     0  rt_memcpy_v6.o(.text)
    __rt_memcpy                              0x0800b937   Thumb Code   138  rt_memcpy_v6.o(.text)
    _memcpy_lastbytes                        0x0800b99d   Thumb Code     0  rt_memcpy_v6.o(.text)
    __aeabi_memcpy4                          0x0800b9c1   Thumb Code     0  rt_memcpy_w.o(.text)
    __aeabi_memcpy8                          0x0800b9c1   Thumb Code     0  rt_memcpy_w.o(.text)
    __rt_memcpy_w                            0x0800b9c1   Thumb Code   100  rt_memcpy_w.o(.text)
    _memcpy_lastbytes_aligned                0x0800ba09   Thumb Code     0  rt_memcpy_w.o(.text)
    __aeabi_memclr                           0x0800ba25   Thumb Code     0  rt_memclr.o(.text)
    __rt_memclr                              0x0800ba25   Thumb Code    68  rt_memclr.o(.text)
    _memset                                  0x0800ba29   Thumb Code     0  rt_memclr.o(.text)
    __use_two_region_memory                  0x0800ba69   Thumb Code     2  heapauxi.o(.text)
    __rt_heap_escrow                         0x0800ba6b   Thumb Code     2  heapauxi.o(.text)
    __rt_heap_expand                         0x0800ba6d   Thumb Code     2  heapauxi.o(.text)
    __rt_heap_descriptor                     0x0800ba71   Thumb Code     8  rt_heap_descriptor_intlibspace.o(.text)
    __use_no_heap                            0x0800ba79   Thumb Code     2  hguard.o(.text)
    __heap$guard                             0x0800ba7b   Thumb Code     2  hguard.o(.text)
    _terminate_user_alloc                    0x0800ba7d   Thumb Code     2  init_alloc.o(.text)
    _init_user_alloc                         0x0800ba7f   Thumb Code     2  init_alloc.o(.text)
    __Heap_Full                              0x0800ba81   Thumb Code    34  init_alloc.o(.text)
    __Heap_Broken                            0x0800baa3   Thumb Code     6  init_alloc.o(.text)
    _init_alloc                              0x0800baa9   Thumb Code    94  init_alloc.o(.text)
    __Heap_Initialize                        0x0800bb07   Thumb Code    10  h1_init.o(.text)
    __Heap_DescSize                          0x0800bb11   Thumb Code     4  h1_init.o(.text)
    __read_errno                             0x0800bb15   Thumb Code    10  _rserrno.o(.text)
    __set_errno                              0x0800bb1f   Thumb Code    12  _rserrno.o(.text)
    _printf_int_common                       0x0800bb2b   Thumb Code   178  _printf_intcommon.o(.text)
    _printf_char_common                      0x0800bbe7   Thumb Code    32  _printf_char_common.o(.text)
    _sputc                                   0x0800bc0d   Thumb Code    10  _sputc.o(.text)
    __strtod_int                             0x0800bc55   Thumb Code    88  strtod.o(.text)
    __aeabi_memclr4                          0x0800bcb9   Thumb Code     0  rt_memclr_w.o(.text)
    __aeabi_memclr8                          0x0800bcb9   Thumb Code     0  rt_memclr_w.o(.text)
    __rt_memclr_w                            0x0800bcb9   Thumb Code    78  rt_memclr_w.o(.text)
    _memset_w                                0x0800bcbd   Thumb Code     0  rt_memclr_w.o(.text)
    __user_libspace                          0x0800bd09   Thumb Code     8  libspace.o(.text)
    __user_perproc_libspace                  0x0800bd09   Thumb Code     0  libspace.o(.text)
    __user_perthread_libspace                0x0800bd09   Thumb Code     0  libspace.o(.text)
    __aeabi_errno_addr                       0x0800bd11   Thumb Code     8  rt_errno_addr_intlibspace.o(.text)
    __errno$intlibspace                      0x0800bd11   Thumb Code     0  rt_errno_addr_intlibspace.o(.text)
    __rt_errno_addr$intlibspace              0x0800bd11   Thumb Code     0  rt_errno_addr_intlibspace.o(.text)
    __Heap_ProvideMemory                     0x0800bd19   Thumb Code    52  h1_extend.o(.text)
    isspace                                  0x0800bd4d   Thumb Code    18  isspace.o(.text)
    _sgetc                                   0x0800bd5f   Thumb Code    30  _sgetc.o(.text)
    _sbackspace                              0x0800bd7d   Thumb Code    34  _sgetc.o(.text)
    __rt_SIGRTMEM                            0x0800bd9f   Thumb Code    14  defsig_rtmem_outer.o(.text)
    __I$use$semihosting                      0x0800bdad   Thumb Code     0  use_no_semi.o(.text)
    __use_no_semihosting_swi                 0x0800bdad   Thumb Code     2  use_no_semi.o(.text)
    __semihosting_library_function           0x0800bdaf   Thumb Code     0  indicate_semi.o(.text)
    __user_setup_stackheap                   0x0800bdaf   Thumb Code    74  sys_stackheap_outer.o(.text)
    __rt_ctype_table                         0x0800bdf9   Thumb Code    16  rt_ctype_table.o(.text)
    _scanf_really_real                       0x0800c005   Thumb Code   668  scanf_fp.o(.text)
    exit                                     0x0800c2ad   Thumb Code    12  exit.o(.text)
    __sig_exit                               0x0800c2b9   Thumb Code    10  defsig_exit.o(.text)
    __rt_SIGRTMEM_inner                      0x0800c2c5   Thumb Code    22  defsig_rtmem_inner.o(.text)
    strcmp                                   0x0800c315   Thumb Code   128  strcmpv7m.o(.text)
    _sys_exit                                0x0800c395   Thumb Code     8  sys_exit.o(.text)
    __rt_locale                              0x0800c3a1   Thumb Code     8  rt_locale_intlibspace.o(.text)
    _btod_etento                             0x0800c3a9   Thumb Code   216  bigflt0.o(.text)
    __default_signal_display                 0x0800c485   Thumb Code    50  defsig_general.o(.text)
    _ttywrch                                 0x0800c4b7   Thumb Code    14  sys_wrch.o(.text)
    _scanf_really_hex_real                   0x0800c4c5   Thumb Code   778  scanf_hexfp.o(.text)
    _scanf_really_infnan                     0x0800c7dd   Thumb Code   292  scanf_infnan.o(.text)
    __aeabi_llsl                             0x0800c911   Thumb Code     0  llshl.o(.text)
    _ll_shift_l                              0x0800c911   Thumb Code    38  llshl.o(.text)
    _chval                                   0x0800c937   Thumb Code    28  _chval.o(.text)
    __btod_div_common                        0x0800c953   Thumb Code   696  btod.o(CL$$btod_div_common)
    _e2d                                     0x0800cc8d   Thumb Code    80  btod.o(CL$$btod_e2d)
    _e2e                                     0x0800cce1   Thumb Code   198  btod.o(CL$$btod_e2e)
    _btod_ediv                               0x0800cda7   Thumb Code    40  btod.o(CL$$btod_ediv)
    _btod_edivd                              0x0800cdcf   Thumb Code    40  btod.o(CL$$btod_edivd)
    _btod_emul                               0x0800cdf7   Thumb Code    40  btod.o(CL$$btod_emul)
    _btod_emuld                              0x0800ce1f   Thumb Code    40  btod.o(CL$$btod_emuld)
    __btod_mult_common                       0x0800ce47   Thumb Code   580  btod.o(CL$$btod_mult_common)
    __ARM_fpclassifyf                        0x0800d08b   Thumb Code    38  fpclassifyf.o(i.__ARM_fpclassifyf)
    __hardfp_atof                            0x0800d0b1   Thumb Code    44  atof.o(i.__hardfp_atof)
    __hardfp_expf                            0x0800d0e9   Thumb Code   426  expf.o(i.__hardfp_expf)
    __mathlib_expf                           0x0800d0e9   Thumb Code     0  expf.o(i.__hardfp_expf)
    __hardfp_fmaxf                           0x0800d2d1   Thumb Code    72  fmaxf.o(i.__hardfp_fmaxf)
    __hardfp_fminf                           0x0800d319   Thumb Code    72  fminf.o(i.__hardfp_fminf)
    __hardfp_fmodf                           0x0800d361   Thumb Code   176  fmodf.o(i.__hardfp_fmodf)
    __hardfp_ldexp                           0x0800d411   Thumb Code   200  ldexp.o(i.__hardfp_ldexp)
    __hardfp_powf                            0x0800d4e1   Thumb Code  1518  powf.o(i.__hardfp_powf)
    __mathlib_powf                           0x0800d4e1   Thumb Code     0  powf.o(i.__hardfp_powf)
    __hardfp_sqrtf                           0x0800daed   Thumb Code    58  sqrtf.o(i.__hardfp_sqrtf)
    __mathlib_dbl_overflow                   0x0800db29   Thumb Code    24  dunder.o(i.__mathlib_dbl_overflow)
    __mathlib_dbl_underflow                  0x0800db49   Thumb Code    24  dunder.o(i.__mathlib_dbl_underflow)
    __mathlib_flt_divzero                    0x0800db69   Thumb Code    14  funder.o(i.__mathlib_flt_divzero)
    __mathlib_flt_infnan                     0x0800db7d   Thumb Code     6  funder.o(i.__mathlib_flt_infnan)
    __mathlib_flt_infnan2                    0x0800db83   Thumb Code     6  funder.o(i.__mathlib_flt_infnan2)
    __mathlib_flt_invalid                    0x0800db89   Thumb Code    10  funder.o(i.__mathlib_flt_invalid)
    __mathlib_flt_overflow                   0x0800db99   Thumb Code    10  funder.o(i.__mathlib_flt_overflow)
    __mathlib_flt_underflow                  0x0800dba9   Thumb Code    10  funder.o(i.__mathlib_flt_underflow)
    __mathlib_narrow                         0x0800dbb9   Thumb Code   166  narrow.o(i.__mathlib_narrow)
    __support_ldexp                          0x0800dc71   Thumb Code    20  ldexp.o(i.__support_ldexp)
    _is_digit                                0x0800dc85   Thumb Code    14  __printf_wp.o(i._is_digit)
    frexp                                    0x0800dc99   Thumb Code   118  frexp.o(i.frexp)
    _get_lc_numeric                          0x0800dd25   Thumb Code    44  lc_numeric_c.o(locale$$code)
    _get_lc_ctype                            0x0800dd51   Thumb Code    44  lc_ctype_c.o(locale$$code)
    __aeabi_d2f                              0x0800dd7d   Thumb Code     0  d2f.o(x$fpl$d2f)
    _d2f                                     0x0800dd7d   Thumb Code    98  d2f.o(x$fpl$d2f)
    __aeabi_dadd                             0x0800dde1   Thumb Code     0  daddsub_clz.o(x$fpl$dadd)
    _dadd                                    0x0800dde1   Thumb Code   332  daddsub_clz.o(x$fpl$dadd)
    __fpl_dcheck_NaN1                        0x0800df31   Thumb Code    10  dcheck1.o(x$fpl$dcheck1)
    __fpl_dcmp_Inf                           0x0800df41   Thumb Code    24  dcmpi.o(x$fpl$dcmpinf)
    __aeabi_ddiv                             0x0800df59   Thumb Code     0  ddiv.o(x$fpl$ddiv)
    _ddiv                                    0x0800df59   Thumb Code   552  ddiv.o(x$fpl$ddiv)
    __aeabi_cdcmpeq                          0x0800e209   Thumb Code     0  deqf.o(x$fpl$deqf)
    _dcmpeq                                  0x0800e209   Thumb Code   120  deqf.o(x$fpl$deqf)
    __aeabi_d2iz                             0x0800e281   Thumb Code     0  dfix.o(x$fpl$dfix)
    _dfix                                    0x0800e281   Thumb Code    94  dfix.o(x$fpl$dfix)
    __aeabi_d2uiz                            0x0800e2e1   Thumb Code     0  dfixu.o(x$fpl$dfixu)
    _dfixu                                   0x0800e2e1   Thumb Code    90  dfixu.o(x$fpl$dfixu)
    __aeabi_i2d                              0x0800e33b   Thumb Code     0  dflt_clz.o(x$fpl$dflt)
    _dflt                                    0x0800e33b   Thumb Code    46  dflt_clz.o(x$fpl$dflt)
    __aeabi_ui2d                             0x0800e369   Thumb Code     0  dflt_clz.o(x$fpl$dfltu)
    _dfltu                                   0x0800e369   Thumb Code    38  dflt_clz.o(x$fpl$dfltu)
    __aeabi_cdcmple                          0x0800e391   Thumb Code     0  dleqf.o(x$fpl$dleqf)
    _dcmple                                  0x0800e391   Thumb Code   120  dleqf.o(x$fpl$dleqf)
    __fpl_dcmple_InfNaN                      0x0800e3f3   Thumb Code     0  dleqf.o(x$fpl$dleqf)
    __aeabi_dmul                             0x0800e409   Thumb Code     0  dmul.o(x$fpl$dmul)
    _dmul                                    0x0800e409   Thumb Code   332  dmul.o(x$fpl$dmul)
    __fpl_dnaninf                            0x0800e55d   Thumb Code   156  dnaninf.o(x$fpl$dnaninf)
    __fpl_dretinf                            0x0800e5f9   Thumb Code    12  dretinf.o(x$fpl$dretinf)
    __aeabi_cdrcmple                         0x0800e605   Thumb Code     0  drleqf.o(x$fpl$drleqf)
    _drcmple                                 0x0800e605   Thumb Code   108  drleqf.o(x$fpl$drleqf)
    __aeabi_dsub                             0x0800e671   Thumb Code     0  daddsub_clz.o(x$fpl$dsub)
    _dsub                                    0x0800e671   Thumb Code   464  daddsub_clz.o(x$fpl$dsub)
    __aeabi_f2d                              0x0800e845   Thumb Code     0  f2d.o(x$fpl$f2d)
    _f2d                                     0x0800e845   Thumb Code    86  f2d.o(x$fpl$f2d)
    __fcmp4                                  0x0800e89d   Thumb Code    24  fcmp4.o(x$fpl$fcmp4)
    __ARM_fcmp4                              0x0800e8b5   Thumb Code     0  fcmp4.o(x$fpl$fcmp4)
    _fcmp4                                   0x0800e8b5   Thumb Code    58  fcmp4.o(x$fpl$fcmp4)
    __fpl_fcmp_Inf                           0x0800e8ef   Thumb Code    24  fcmpi.o(x$fpl$fcmpinf)
    __fpl_fnaninf                            0x0800e907   Thumb Code   140  fnaninf.o(x$fpl$fnaninf)
    _fp_init                                 0x0800e993   Thumb Code    10  fpinit.o(x$fpl$fpinit)
    __fplib_config_fpu_vfp                   0x0800e99b   Thumb Code     0  fpinit.o(x$fpl$fpinit)
    __fplib_config_pureend_doubles           0x0800e99b   Thumb Code     0  fpinit.o(x$fpl$fpinit)
    _frem                                    0x0800e99d   Thumb Code   240  frem_clz.o(x$fpl$frem)
    __fpl_fretinf                            0x0800ea91   Thumb Code    10  fretinf.o(x$fpl$fretinf)
    __fpl_return_NaN                         0x0800ea9b   Thumb Code   100  retnan.o(x$fpl$retnan)
    __ARM_scalbn                             0x0800eaff   Thumb Code    92  scalbn.o(x$fpl$scalbn)
    _scanf_real                              0x0800eb5b   Thumb Code     4  scanf1.o(x$fpl$scanf1)
    _scanf_hex_real                          0x0800eb5f   Thumb Code     4  scanf2.o(x$fpl$scanf2)
    _scanf_infnan                            0x0800eb63   Thumb Code     4  scanf2.o(x$fpl$scanf2)
    __fpl_cmpreturn                          0x0800eb67   Thumb Code    48  trapv.o(x$fpl$trapveneer)
    LED_table                                0x0800eb96   Data          18  led8.o(.constdata)
    __I$use$fp                               0x0800eb96   Number         0  usenofp.o(x$fpl$usenofp)
    OSUnMapTbl                               0x0800eba8   Data         256  os_core.o(.constdata)
    Region$$Table$$Base                      0x0800eeac   Number         0  anon$$obj.o(Region$$Table)
    Region$$Table$$Limit                     0x0800eecc   Number         0  anon$$obj.o(Region$$Table)
    __aeabi_HUGE_VAL                         0x0800eecc   Data           0  fpconst.o(c$$dinf)
    __aeabi_HUGE_VALL                        0x0800eecc   Data           0  fpconst.o(c$$dinf)
    __aeabi_INFINITY                         0x0800eecc   Data           0  fpconst.o(c$$dinf)
    __dInf                                   0x0800eecc   Data           0  fpconst.o(c$$dinf)
    __huge_val                               0x0800eecc   Data           0  fpconst.o(c$$dinf)
    __ctype                                  0x0800eefd   Data           0  lc_ctype_c.o(locale$$data)
    ELMOid                                   0x20000000   Data           1  main.o(.data)
    VALVE_DATA                               0x20000001   Data           1  main.o(.data)
    interface                                0x20000002   Data           1  usart2.o(.data)
    USART2_RX_STA                            0x20000003   Data           1  usart2.o(.data)
    ELMOID                                   0x20000004   Data           1  usart2.o(.data)
    DJID                                     0x20000005   Data           1  usart2.o(.data)
    VESCID                                   0x20000006   Data           1  usart2.o(.data)
    Error                                    0x20000008   Data           8  param.o(.data)
    SystemFlag                               0x20000010   Data           5  param.o(.data)
    USART1_RX_STA                            0x20000015   Data           1  usart1.o(.data)
    Djflag                                   0x20000016   Data           5  dianji.o(.data)
    speed1                                   0x2000001c   Data           4  elmo.o(.data)
    Um                                       0x20000020   Data           1  elmo.o(.data)
    enable_or_disable                        0x20000021   Data           1  elmo.o(.data)
    Pa                                       0x20000024   Data           4  elmo.o(.data)
    Jv                                       0x20000028   Data           4  elmo.o(.data)
    Px                                       0x2000002c   Data           4  elmo.o(.data)
    Motor_Emer_Code                          0x20000030   Data           4  elmo.o(.data)
    buff                                     0x20000034   Data           8  akmotor.o(.data)
    SystemCoreClock                          0x2000004c   Data           4  system_stm32f4xx.o(.data)
    AHBPrescTable                            0x20000050   Data          16  system_stm32f4xx.o(.data)
    OSCtxSwCtr                               0x20000060   Data           4  os_core.o(.data)
    OSEventFreeList                          0x20000064   Data           4  os_core.o(.data)
    OSFlagFreeList                           0x20000068   Data           4  os_core.o(.data)
    OSCPUUsage                               0x2000006c   Data           1  os_core.o(.data)
    OSIdleCtrMax                             0x20000070   Data           4  os_core.o(.data)
    OSIdleCtrRun                             0x20000074   Data           4  os_core.o(.data)
    OSStatRdy                                0x20000078   Data           1  os_core.o(.data)
    OSIntNesting                             0x20000079   Data           1  os_core.o(.data)
    OSLockNesting                            0x2000007a   Data           1  os_core.o(.data)
    OSPrioCur                                0x2000007b   Data           1  os_core.o(.data)
    OSPrioHighRdy                            0x2000007c   Data           1  os_core.o(.data)
    OSRdyGrp                                 0x2000007d   Data           1  os_core.o(.data)
    OSRdyTbl                                 0x2000007e   Data           8  os_core.o(.data)
    OSRunning                                0x20000086   Data           1  os_core.o(.data)
    OSTaskCtr                                0x20000087   Data           1  os_core.o(.data)
    OSIdleCtr                                0x20000088   Data           4  os_core.o(.data)
    OSTCBCur                                 0x2000008c   Data           4  os_core.o(.data)
    OSTCBFreeList                            0x20000090   Data           4  os_core.o(.data)
    OSTCBHighRdy                             0x20000094   Data           4  os_core.o(.data)
    OSTCBList                                0x20000098   Data           4  os_core.o(.data)
    OSTickStepState                          0x2000009c   Data           1  os_core.o(.data)
    OSMemFreeList                            0x200000a0   Data           4  os_core.o(.data)
    OSQFreeList                              0x200000a4   Data           4  os_core.o(.data)
    OSTime                                   0x200000a8   Data           4  os_core.o(.data)
    tick_ms                                  0x200000ac   Data           4  os_cpu_c.o(.data)
    START_TASK_STK                           0x200000b0   Data        1024  main.o(.bss)
    MOTOR_TASK_STK                           0x200004b0   Data        1024  main.o(.bss)
    DataSCOPE_TASK_STK                       0x200008b0   Data         512  main.o(.bss)
    ELMO_TASK_STK                            0x20000ab0   Data        1024  main.o(.bss)
    VESC_TASK_STK                            0x20000eb0   Data        1024  main.o(.bss)
    VESCSEND_TASK_STK                        0x200012b0   Data        1024  main.o(.bss)
    ODRIVE_TASK_STK                          0x200016b0   Data        1024  main.o(.bss)
    VALVE_TASK_STK                           0x20001ab0   Data        1024  main.o(.bss)
    last_update_time                         0x20001ed0   Data          32  can2.o(.bss)
    now_update_time                          0x20001ef0   Data          32  can2.o(.bss)
    err_update_time                          0x20001f10   Data          32  can2.o(.bss)
    flag                                     0x20001f30   Data          21  param.o(.bss)
    usart                                    0x20001f45   Data         640  param.o(.bss)
    USART1_RX_BUF                            0x200021f8   Data          32  usart1.o(.bss)
    Can_Senstruct                            0x20002218   Data          16  queue.o(.bss)
    Can2_MesgSentList                        0x20002228   Data        6592  queue.o(.bss)
    Can1_MesgSentList                        0x20003be8   Data        4944  queue.o(.bss)
    Can2_elmoMesgSentList                    0x20004f38   Data        6592  queue.o(.bss)
    Can_Sentqueue                            0x200068f8   Data         804  queue.o(.bss)
    Can2_Sendqueue                           0x20006c1c   Data         804  queue.o(.bss)
    Can1_Sendqueue                           0x20006f40   Data         804  queue.o(.bss)
    VESC_Sendqueue                           0x20007264   Data         804  queue.o(.bss)
    AK_Sendqueue                             0x20007588   Data         804  queue.o(.bss)
    Odrv_Sendqueue                           0x200078ac   Data         804  queue.o(.bss)
    motorargum                               0x20007bd0   Data          32  dianji.o(.bss)
    motorlimit                               0x20007bf0   Data          20  dianji.o(.bss)
    M3508instrin                             0x20007c08   Data          24  dianji.o(.bss)
    M2006instrin                             0x20007c20   Data          24  dianji.o(.bss)
    motor                                    0x20007c38   Data        1728  dianji.o(.bss)
    U10                                      0x200082f8   Data          12  elmo.o(.bss)
    EC_4P_30                                 0x20008304   Data          12  elmo.o(.bss)
    AK_80                                    0x20008310   Data          12  elmo.o(.bss)
    ELMOlimit                                0x2000831c   Data          20  elmo.o(.bss)
    ELMOargum                                0x20008330   Data          20  elmo.o(.bss)
    ELMOmotor                                0x20008344   Data        1056  elmo.o(.bss)
    ELMOFlag                                 0x20008764   Data          13  elmo.o(.bss)
    AK80                                     0x20008774   Data          12  akmotor.o(.bss)
    AKmotor                                  0x20008780   Data         300  akmotor.o(.bss)
    IIR_filt                                 0x200088ac   Data          12  filter.o(.bss)
    kal_filter                               0x200088b8   Data          52  filter.o(.bss)
    DataScope_OutPut_Buffer                  0x200088ec   Data          42  datascope_dp.o(.bss)
    OSEventTbl                               0x20008918   Data         300  os_core.o(.bss)
    OSFlagTbl                                0x20008a44   Data          80  os_core.o(.bss)
    OSTaskStatStk                            0x20008a94   Data         512  os_core.o(.bss)
    OSTaskIdleStk                            0x20008c94   Data         512  os_core.o(.bss)
    OSTCBPrioTbl                             0x20008e94   Data         256  os_core.o(.bss)
    OSTCBTbl                                 0x20008f94   Data        5208  os_core.o(.bss)
    OSMemTbl                                 0x2000a3ec   Data         120  os_core.o(.bss)
    OSQTbl                                   0x2000a464   Data          96  os_core.o(.bss)
    __libspace_start                         0x2000a4c4   Data          96  libspace.o(.bss)
    __temporary_stack_top$libspace           0x2000a524   Data           0  libspace.o(.bss)



==============================================================================

Memory Map of the image

  Image Entry point : 0x08000189

  Load Region LR_IROM1 (Base: 0x08000000, Size: 0x0000f0b0, Max: 0x00100000, ABSOLUTE)

    Execution Region ER_IROM1 (Base: 0x08000000, Size: 0x0000f000, Max: 0x00100000, ABSOLUTE)

    Base Addr    Size         Type   Attr      Idx    E Section Name        Object

    0x08000000   0x00000188   Data   RO         1112    RESET               startup_stm32f4xx.o
    0x08000188   0x00000008   Code   RO         1397  * !!!main             c_w.l(__main.o)
    0x08000190   0x00000034   Code   RO         1874    !!!scatter          c_w.l(__scatter.o)
    0x080001c4   0x0000001a   Code   RO         1876    !!handler_copy      c_w.l(__scatter_copy.o)
    0x080001de   0x00000002   PAD
    0x080001e0   0x0000001c   Code   RO         1878    !!handler_zi        c_w.l(__scatter_zi.o)
    0x080001fc   0x00000000   Code   RO         1382    .ARM.Collect$$_printf_percent$$00000000  c_w.l(_printf_percent.o)
    0x080001fc   0x00000006   Code   RO         1381    .ARM.Collect$$_printf_percent$$00000009  c_w.l(_printf_d.o)
    0x08000202   0x00000004   Code   RO         1531    .ARM.Collect$$_printf_percent$$00000017  c_w.l(_printf_percent_end.o)
    0x08000206   0x00000002   Code   RO         1703    .ARM.Collect$$libinit$$00000000  c_w.l(libinit.o)
    0x08000208   0x00000004   Code   RO         1538    .ARM.Collect$$libinit$$00000001  c_w.l(libinit2.o)
    0x0800020c   0x00000000   Code   RO         1541    .ARM.Collect$$libinit$$00000004  c_w.l(libinit2.o)
    0x0800020c   0x00000008   Code   RO         1542    .ARM.Collect$$libinit$$00000005  c_w.l(libinit2.o)
    0x08000214   0x00000000   Code   RO         1544    .ARM.Collect$$libinit$$0000000A  c_w.l(libinit2.o)
    0x08000214   0x00000000   Code   RO         1546    .ARM.Collect$$libinit$$0000000C  c_w.l(libinit2.o)
    0x08000214   0x00000000   Code   RO         1548    .ARM.Collect$$libinit$$0000000E  c_w.l(libinit2.o)
    0x08000214   0x00000006   Code   RO         1549    .ARM.Collect$$libinit$$0000000F  c_w.l(libinit2.o)
    0x0800021a   0x00000000   Code   RO         1551    .ARM.Collect$$libinit$$00000011  c_w.l(libinit2.o)
    0x0800021a   0x0000000c   Code   RO         1552    .ARM.Collect$$libinit$$00000012  c_w.l(libinit2.o)
    0x08000226   0x00000000   Code   RO         1553    .ARM.Collect$$libinit$$00000013  c_w.l(libinit2.o)
    0x08000226   0x00000000   Code   RO         1555    .ARM.Collect$$libinit$$00000015  c_w.l(libinit2.o)
    0x08000226   0x0000000a   Code   RO         1556    .ARM.Collect$$libinit$$00000016  c_w.l(libinit2.o)
    0x08000230   0x00000000   Code   RO         1557    .ARM.Collect$$libinit$$00000017  c_w.l(libinit2.o)
    0x08000230   0x00000000   Code   RO         1559    .ARM.Collect$$libinit$$00000019  c_w.l(libinit2.o)
    0x08000230   0x00000000   Code   RO         1561    .ARM.Collect$$libinit$$0000001B  c_w.l(libinit2.o)
    0x08000230   0x00000000   Code   RO         1563    .ARM.Collect$$libinit$$0000001D  c_w.l(libinit2.o)
    0x08000230   0x00000000   Code   RO         1565    .ARM.Collect$$libinit$$0000001F  c_w.l(libinit2.o)
    0x08000230   0x00000000   Code   RO         1567    .ARM.Collect$$libinit$$00000021  c_w.l(libinit2.o)
    0x08000230   0x00000000   Code   RO         1569    .ARM.Collect$$libinit$$00000023  c_w.l(libinit2.o)
    0x08000230   0x00000000   Code   RO         1571    .ARM.Collect$$libinit$$00000025  c_w.l(libinit2.o)
    0x08000230   0x00000000   Code   RO         1575    .ARM.Collect$$libinit$$0000002C  c_w.l(libinit2.o)
    0x08000230   0x00000000   Code   RO         1577    .ARM.Collect$$libinit$$0000002E  c_w.l(libinit2.o)
    0x08000230   0x00000000   Code   RO         1579    .ARM.Collect$$libinit$$00000030  c_w.l(libinit2.o)
    0x08000230   0x00000000   Code   RO         1581    .ARM.Collect$$libinit$$00000032  c_w.l(libinit2.o)
    0x08000230   0x00000002   Code   RO         1582    .ARM.Collect$$libinit$$00000033  c_w.l(libinit2.o)
    0x08000232   0x00000002   Code   RO         1828    .ARM.Collect$$libshutdown$$00000000  c_w.l(libshutdown.o)
    0x08000234   0x00000000   Code   RO         1751    .ARM.Collect$$libshutdown$$00000003  c_w.l(libshutdown2.o)
    0x08000234   0x00000000   Code   RO         1754    .ARM.Collect$$libshutdown$$00000006  c_w.l(libshutdown2.o)
    0x08000234   0x00000000   Code   RO         1757    .ARM.Collect$$libshutdown$$00000009  c_w.l(libshutdown2.o)
    0x08000234   0x00000000   Code   RO         1759    .ARM.Collect$$libshutdown$$0000000B  c_w.l(libshutdown2.o)
    0x08000234   0x00000000   Code   RO         1762    .ARM.Collect$$libshutdown$$0000000E  c_w.l(libshutdown2.o)
    0x08000234   0x00000002   Code   RO         1763    .ARM.Collect$$libshutdown$$0000000F  c_w.l(libshutdown2.o)
    0x08000236   0x00000000   Code   RO         1497    .ARM.Collect$$rtentry$$00000000  c_w.l(__rtentry.o)
    0x08000236   0x00000000   Code   RO         1622    .ARM.Collect$$rtentry$$00000002  c_w.l(__rtentry2.o)
    0x08000236   0x00000006   Code   RO         1634    .ARM.Collect$$rtentry$$00000004  c_w.l(__rtentry4.o)
    0x0800023c   0x00000000   Code   RO         1624    .ARM.Collect$$rtentry$$00000009  c_w.l(__rtentry2.o)
    0x0800023c   0x00000004   Code   RO         1625    .ARM.Collect$$rtentry$$0000000A  c_w.l(__rtentry2.o)
    0x08000240   0x00000000   Code   RO         1627    .ARM.Collect$$rtentry$$0000000C  c_w.l(__rtentry2.o)
    0x08000240   0x00000008   Code   RO         1628    .ARM.Collect$$rtentry$$0000000D  c_w.l(__rtentry2.o)
    0x08000248   0x00000002   Code   RO         1706    .ARM.Collect$$rtexit$$00000000  c_w.l(rtexit.o)
    0x0800024a   0x00000000   Code   RO         1784    .ARM.Collect$$rtexit$$00000002  c_w.l(rtexit2.o)
    0x0800024a   0x00000004   Code   RO         1785    .ARM.Collect$$rtexit$$00000003  c_w.l(rtexit2.o)
    0x0800024e   0x00000006   Code   RO         1786    .ARM.Collect$$rtexit$$00000004  c_w.l(rtexit2.o)
    0x08000254   0x00000000   Code   RO         1643    .emb_text           c_w.l(maybetermalloc1.o)
    0x08000254   0x00000258   Code   RO            4    .text               main.o
    0x080004ac   0x00000124   Code   RO          207    .text               tim2.o
    0x080005d0   0x00000a9c   Code   RO          235    .text               usart2.o
    0x0800106c   0x000001c8   Code   RO          263    .text               can1.o
    0x08001234   0x0000007c   Code   RO          290    .text               tim5.o
    0x080012b0   0x000008e0   Code   RO          314    .text               can2.o
    0x08001b90   0x000000f8   Code   RO          344    .text               param.o
    0x08001c88   0x000001c4   Code   RO          375    .text               usart3.o
    0x08001e4c   0x000002d0   Code   RO          402    .text               usart1.o
    0x0800211c   0x0000013c   Code   RO          455    .text               tim3.o
    0x08002258   0x00000340   Code   RO          482    .text               queue.o
    0x08002598   0x00000fb4   Code   RO          516    .text               dianji.o
    0x0800354c   0x00000344   Code   RO          547    .text               canctrollist.o
    0x08003890   0x000001a0   Code   RO          577    .text               pid.o
    0x08003a30   0x00000090   Code   RO          601    .text               cylinder.o
    0x08003ac0   0x000018e4   Code   RO          628    .text               elmo.o
    0x080053a4   0x00000530   Code   RO          659    .text               akmotor.o
    0x080058d4   0x000000ac   Code   RO          690    .text               led.o
    0x08005980   0x0000019c   Code   RO          714    .text               filter.o
    0x08005b1c   0x00000158   Code   RO          741    .text               datascope_dp.o
    0x08005c74   0x00000084   Code   RO          762    .text               led8.o
    0x08005cf8   0x00000024   Code   RO          789    .text               stm32f4xx_it.o
    0x08005d1c   0x00000044   Code   RO          816    .text               delay.o
    0x08005d60   0x00000adc   Code   RO          840    .text               utils.o
    0x0800683c   0x000000e0   Code   RO          876    .text               misc.o
    0x0800691c   0x000009f0   Code   RO          900    .text               stm32f4xx_can.o
    0x0800730c   0x000003a8   Code   RO          924    .text               stm32f4xx_dma.o
    0x080076b4   0x0000025c   Code   RO          975    .text               stm32f4xx_gpio.o
    0x08007910   0x00000588   Code   RO          999    .text               stm32f4xx_rcc.o
    0x08007e98   0x00000ca2   Code   RO         1025    .text               stm32f4xx_tim.o
    0x08008b3a   0x00000002   PAD
    0x08008b3c   0x0000041a   Code   RO         1049    .text               stm32f4xx_usart.o
    0x08008f56   0x00000002   PAD
    0x08008f58   0x00000210   Code   RO         1073    .text               system_stm32f4xx.o
    0x08009168   0x00000040   Code   RO         1113    .text               startup_stm32f4xx.o
    0x080091a8   0x000008c0   Code   RO         1117    .text               os_core.o
    0x08009a68   0x0000080c   Code   RO         1137    .text               os_flag.o
    0x0800a274   0x000001e4   Code   RO         1161    .text               os_mem.o
    0x0800a458   0x000005e8   Code   RO         1185    .text               os_q.o
    0x0800aa40   0x000007c0   Code   RO         1209    .text               os_task.o
    0x0800b200   0x000001ac   Code   RO         1221    .text               os_time.o
    0x0800b3ac   0x000000b0   Code   RO         1239    .text               os_cpu_a.o
    0x0800b45c   0x00000288   Code   RO         1245    .text               os_cpu_c.o
    0x0800b6e4   0x0000005e   Code   RO         1295    .text               c_w.l(h1_alloc.o)
    0x0800b742   0x0000004e   Code   RO         1297    .text               c_w.l(h1_free.o)
    0x0800b790   0x00000028   Code   RO         1355    .text               c_w.l(noretval__2sprintf.o)
    0x0800b7b8   0x00000068   Code   RO         1357    .text               c_w.l(__printf.o)
    0x0800b820   0x00000078   Code   RO         1359    .text               c_w.l(_printf_dec.o)
    0x0800b898   0x00000048   Code   RO         1383    .text               c_w.l(strcpy.o)
    0x0800b8e0   0x0000003e   Code   RO         1385    .text               c_w.l(strlen.o)
    0x0800b91e   0x00000018   Code   RO         1387    .text               c_w.l(strcat.o)
    0x0800b936   0x0000008a   Code   RO         1389    .text               c_w.l(rt_memcpy_v6.o)
    0x0800b9c0   0x00000064   Code   RO         1391    .text               c_w.l(rt_memcpy_w.o)
    0x0800ba24   0x00000044   Code   RO         1393    .text               c_w.l(rt_memclr.o)
    0x0800ba68   0x00000006   Code   RO         1395    .text               c_w.l(heapauxi.o)
    0x0800ba6e   0x00000002   PAD
    0x0800ba70   0x00000008   Code   RO         1501    .text               c_w.l(rt_heap_descriptor_intlibspace.o)
    0x0800ba78   0x00000004   Code   RO         1503    .text               c_w.l(hguard.o)
    0x0800ba7c   0x0000008a   Code   RO         1505    .text               c_w.l(init_alloc.o)
    0x0800bb06   0x0000000e   Code   RO         1509    .text               c_w.l(h1_init.o)
    0x0800bb14   0x00000016   Code   RO         1523    .text               c_w.l(_rserrno.o)
    0x0800bb2a   0x000000b2   Code   RO         1525    .text               c_w.l(_printf_intcommon.o)
    0x0800bbdc   0x00000030   Code   RO         1527    .text               c_w.l(_printf_char_common.o)
    0x0800bc0c   0x0000000a   Code   RO         1529    .text               c_w.l(_sputc.o)
    0x0800bc16   0x00000002   PAD
    0x0800bc18   0x000000a0   Code   RO         1532    .text               c_w.l(strtod.o)
    0x0800bcb8   0x0000004e   Code   RO         1534    .text               c_w.l(rt_memclr_w.o)
    0x0800bd06   0x00000002   PAD
    0x0800bd08   0x00000008   Code   RO         1618    .text               c_w.l(libspace.o)
    0x0800bd10   0x00000008   Code   RO         1639    .text               c_w.l(rt_errno_addr_intlibspace.o)
    0x0800bd18   0x00000034   Code   RO         1645    .text               c_w.l(h1_extend.o)
    0x0800bd4c   0x00000012   Code   RO         1649    .text               c_w.l(isspace.o)
    0x0800bd5e   0x00000040   Code   RO         1653    .text               c_w.l(_sgetc.o)
    0x0800bd9e   0x0000000e   Code   RO         1658    .text               c_w.l(defsig_rtmem_outer.o)
    0x0800bdac   0x00000002   Code   RO         1673    .text               c_w.l(use_no_semi.o)
    0x0800bdae   0x00000000   Code   RO         1675    .text               c_w.l(indicate_semi.o)
    0x0800bdae   0x0000004a   Code   RO         1676    .text               c_w.l(sys_stackheap_outer.o)
    0x0800bdf8   0x00000010   Code   RO         1678    .text               c_w.l(rt_ctype_table.o)
    0x0800be08   0x000004a4   Code   RO         1684    .text               c_w.l(scanf_fp.o)
    0x0800c2ac   0x0000000c   Code   RO         1686    .text               c_w.l(exit.o)
    0x0800c2b8   0x0000000a   Code   RO         1688    .text               c_w.l(defsig_exit.o)
    0x0800c2c2   0x00000002   PAD
    0x0800c2c4   0x00000050   Code   RO         1690    .text               c_w.l(defsig_rtmem_inner.o)
    0x0800c314   0x00000080   Code   RO         1692    .text               c_w.l(strcmpv7m.o)
    0x0800c394   0x0000000c   Code   RO         1704    .text               c_w.l(sys_exit.o)
    0x0800c3a0   0x00000008   Code   RO         1711    .text               c_w.l(rt_locale_intlibspace.o)
    0x0800c3a8   0x000000dc   Code   RO         1717    .text               c_w.l(bigflt0.o)
    0x0800c484   0x00000032   Code   RO         1747    .text               c_w.l(defsig_general.o)
    0x0800c4b6   0x0000000e   Code   RO         1781    .text               c_w.l(sys_wrch.o)
    0x0800c4c4   0x00000318   Code   RO         1790    .text               c_w.l(scanf_hexfp.o)
    0x0800c7dc   0x00000134   Code   RO         1792    .text               c_w.l(scanf_infnan.o)
    0x0800c910   0x00000026   Code   RO         1806    .text               c_w.l(llshl.o)
    0x0800c936   0x0000001c   Code   RO         1808    .text               c_w.l(_chval.o)
    0x0800c952   0x00000338   Code   RO         1730    CL$$btod_div_common  c_w.l(btod.o)
    0x0800cc8a   0x00000002   PAD
    0x0800cc8c   0x00000054   Code   RO         1728    CL$$btod_e2d        c_w.l(btod.o)
    0x0800cce0   0x000000c6   Code   RO         1727    CL$$btod_e2e        c_w.l(btod.o)
    0x0800cda6   0x00000028   Code   RO         1724    CL$$btod_ediv       c_w.l(btod.o)
    0x0800cdce   0x00000028   Code   RO         1726    CL$$btod_edivd      c_w.l(btod.o)
    0x0800cdf6   0x00000028   Code   RO         1723    CL$$btod_emul       c_w.l(btod.o)
    0x0800ce1e   0x00000028   Code   RO         1725    CL$$btod_emuld      c_w.l(btod.o)
    0x0800ce46   0x00000244   Code   RO         1729    CL$$btod_mult_common  c_w.l(btod.o)
    0x0800d08a   0x00000026   Code   RO         1600    i.__ARM_fpclassifyf  m_wm.l(fpclassifyf.o)
    0x0800d0b0   0x00000038   Code   RO         1429    i.__hardfp_atof     m_wm.l(atof.o)
    0x0800d0e8   0x000001e8   Code   RO         1435    i.__hardfp_expf     m_wm.l(expf.o)
    0x0800d2d0   0x00000048   Code   RO         1487    i.__hardfp_fmaxf    m_wm.l(fmaxf.o)
    0x0800d318   0x00000048   Code   RO         1491    i.__hardfp_fminf    m_wm.l(fminf.o)
    0x0800d360   0x000000b0   Code   RO         1449    i.__hardfp_fmodf    m_wm.l(fmodf.o)
    0x0800d410   0x000000d0   Code   RO         1833    i.__hardfp_ldexp    m_wm.l(ldexp.o)
    0x0800d4e0   0x0000060c   Code   RO         1461    i.__hardfp_powf     m_wm.l(powf.o)
    0x0800daec   0x0000003a   Code   RO         1475    i.__hardfp_sqrtf    m_wm.l(sqrtf.o)
    0x0800db26   0x00000002   PAD
    0x0800db28   0x00000020   Code   RO         1855    i.__mathlib_dbl_overflow  m_wm.l(dunder.o)
    0x0800db48   0x00000020   Code   RO         1857    i.__mathlib_dbl_underflow  m_wm.l(dunder.o)
    0x0800db68   0x00000014   Code   RO         1602    i.__mathlib_flt_divzero  m_wm.l(funder.o)
    0x0800db7c   0x00000006   Code   RO         1603    i.__mathlib_flt_infnan  m_wm.l(funder.o)
    0x0800db82   0x00000006   Code   RO         1604    i.__mathlib_flt_infnan2  m_wm.l(funder.o)
    0x0800db88   0x00000010   Code   RO         1605    i.__mathlib_flt_invalid  m_wm.l(funder.o)
    0x0800db98   0x00000010   Code   RO         1606    i.__mathlib_flt_overflow  m_wm.l(funder.o)
    0x0800dba8   0x00000010   Code   RO         1608    i.__mathlib_flt_underflow  m_wm.l(funder.o)
    0x0800dbb8   0x000000b8   Code   RO         1774    i.__mathlib_narrow  m_wm.l(narrow.o)
    0x0800dc70   0x00000014   Code   RO         1835    i.__support_ldexp   m_wm.l(ldexp.o)
    0x0800dc84   0x0000000e   Code   RO         1371    i._is_digit         c_w.l(__printf_wp.o)
    0x0800dc92   0x00000006   PAD
    0x0800dc98   0x0000008c   Code   RO         1802    i.frexp             m_wm.l(frexp.o)
    0x0800dd24   0x0000002c   Code   RO         1656    locale$$code        c_w.l(lc_numeric_c.o)
    0x0800dd50   0x0000002c   Code   RO         1743    locale$$code        c_w.l(lc_ctype_c.o)
    0x0800dd7c   0x00000062   Code   RO         1399    x$fpl$d2f           fz_wm.l(d2f.o)
    0x0800ddde   0x00000002   PAD
    0x0800dde0   0x00000150   Code   RO         1401    x$fpl$dadd          fz_wm.l(daddsub_clz.o)
    0x0800df30   0x00000010   Code   RO         1866    x$fpl$dcheck1       fz_wm.l(dcheck1.o)
    0x0800df40   0x00000018   Code   RO         1829    x$fpl$dcmpinf       fz_wm.l(dcmpi.o)
    0x0800df58   0x000002b0   Code   RO         1408    x$fpl$ddiv          fz_wm.l(ddiv.o)
    0x0800e208   0x00000078   Code   RO         1796    x$fpl$deqf          fz_wm.l(deqf.o)
    0x0800e280   0x0000005e   Code   RO         1411    x$fpl$dfix          fz_wm.l(dfix.o)
    0x0800e2de   0x00000002   PAD
    0x0800e2e0   0x0000005a   Code   RO         1415    x$fpl$dfixu         fz_wm.l(dfixu.o)
    0x0800e33a   0x0000002e   Code   RO         1420    x$fpl$dflt          fz_wm.l(dflt_clz.o)
    0x0800e368   0x00000026   Code   RO         1419    x$fpl$dfltu         fz_wm.l(dflt_clz.o)
    0x0800e38e   0x00000002   PAD
    0x0800e390   0x00000078   Code   RO         1831    x$fpl$dleqf         fz_wm.l(dleqf.o)
    0x0800e408   0x00000154   Code   RO         1425    x$fpl$dmul          fz_wm.l(dmul.o)
    0x0800e55c   0x0000009c   Code   RO         1583    x$fpl$dnaninf       fz_wm.l(dnaninf.o)
    0x0800e5f8   0x0000000c   Code   RO         1585    x$fpl$dretinf       fz_wm.l(dretinf.o)
    0x0800e604   0x0000006c   Code   RO         1798    x$fpl$drleqf        fz_wm.l(drleqf.o)
    0x0800e670   0x000001d4   Code   RO         1403    x$fpl$dsub          fz_wm.l(daddsub_clz.o)
    0x0800e844   0x00000056   Code   RO         1427    x$fpl$f2d           fz_wm.l(f2d.o)
    0x0800e89a   0x00000002   PAD
    0x0800e89c   0x00000052   Code   RO         1587    x$fpl$fcmp4         fz_wm.l(fcmp4.o)
    0x0800e8ee   0x00000018   Code   RO         1667    x$fpl$fcmpinf       fz_wm.l(fcmpi.o)
    0x0800e906   0x0000008c   Code   RO         1591    x$fpl$fnaninf       fz_wm.l(fnaninf.o)
    0x0800e992   0x0000000a   Code   RO         1669    x$fpl$fpinit        fz_wm.l(fpinit.o)
    0x0800e99c   0x000000f4   Code   RO         1593    x$fpl$frem          fz_wm.l(frem_clz.o)
    0x0800ea90   0x0000000a   Code   RO         1595    x$fpl$fretinf       fz_wm.l(fretinf.o)
    0x0800ea9a   0x00000064   Code   RO         1868    x$fpl$retnan        fz_wm.l(retnan.o)
    0x0800eafe   0x0000005c   Code   RO         1849    x$fpl$scalbn        fz_wm.l(scalbn.o)
    0x0800eb5a   0x00000004   Code   RO         1671    x$fpl$scanf1        fz_wm.l(scanf1.o)
    0x0800eb5e   0x00000008   Code   RO         1767    x$fpl$scanf2        fz_wm.l(scanf2.o)
    0x0800eb66   0x00000030   Code   RO         1870    x$fpl$trapveneer    fz_wm.l(trapv.o)
    0x0800eb96   0x00000000   Code   RO         1599    x$fpl$usenofp       fz_wm.l(usenofp.o)
    0x0800eb96   0x00000012   Data   RO          763    .constdata          led8.o
    0x0800eba8   0x00000100   Data   RO         1119    .constdata          os_core.o
    0x0800eca8   0x00000030   Data   RO         1438    .constdata          m_wm.l(expf.o)
    0x0800ecd8   0x00000140   Data   RO         1464    .constdata          m_wm.l(powf.o)
    0x0800ee18   0x00000094   Data   RO         1718    .constdata          c_w.l(bigflt0.o)
    0x0800eeac   0x00000020   Data   RO         1872    Region$$Table       anon$$obj.o
    0x0800eecc   0x00000008   Data   RO         1764    c$$dinf             fz_wm.l(fpconst.o)
    0x0800eed4   0x0000001c   Data   RO         1655    locale$$data        c_w.l(lc_numeric_c.o)
    0x0800eef0   0x00000110   Data   RO         1742    locale$$data        c_w.l(lc_ctype_c.o)


    Execution Region RW_IRAM1 (Base: 0x20000000, Size: 0x0000d128, Max: 0x00020000, ABSOLUTE)

    Base Addr    Size         Type   Attr      Idx    E Section Name        Object

    0x20000000   0x00000002   Data   RW            6    .data               main.o
    0x20000002   0x00000005   Data   RW          237    .data               usart2.o
    0x20000007   0x00000001   PAD
    0x20000008   0x0000000d   Data   RW          346    .data               param.o
    0x20000015   0x00000001   Data   RW          404    .data               usart1.o
    0x20000016   0x00000005   Data   RW          518    .data               dianji.o
    0x2000001b   0x00000001   PAD
    0x2000001c   0x00000018   Data   RW          630    .data               elmo.o
    0x20000034   0x00000008   Data   RW          661    .data               akmotor.o
    0x2000003c   0x00000010   Data   RW         1000    .data               stm32f4xx_rcc.o
    0x2000004c   0x00000014   Data   RW         1074    .data               system_stm32f4xx.o
    0x20000060   0x0000004c   Data   RW         1120    .data               os_core.o
    0x200000ac   0x00000004   Data   RW         1246    .data               os_cpu_c.o
    0x200000b0   0x00001e00   Zero   RW            5    .bss                main.o
    0x20001eb0   0x00000020   Zero   RW          236    .bss                usart2.o
    0x20001ed0   0x00000060   Zero   RW          315    .bss                can2.o
    0x20001f30   0x00000295   Zero   RW          345    .bss                param.o
    0x200021c5   0x00000053   Zero   RW          403    .bss                usart1.o
    0x20002218   0x000059b8   Zero   RW          483    .bss                queue.o
    0x20007bd0   0x00000728   Zero   RW          517    .bss                dianji.o
    0x200082f8   0x00000479   Zero   RW          629    .bss                elmo.o
    0x20008771   0x00000003   PAD
    0x20008774   0x00000138   Zero   RW          660    .bss                akmotor.o
    0x200088ac   0x00000040   Zero   RW          715    .bss                filter.o
    0x200088ec   0x0000002a   Zero   RW          742    .bss                datascope_dp.o
    0x20008916   0x00000002   PAD
    0x20008918   0x00001bac   Zero   RW         1118    .bss                os_core.o
    0x2000a4c4   0x00000060   Zero   RW         1619    .bss                c_w.l(libspace.o)
    0x2000a524   0x00000004   PAD
    0x2000a528   0x00002800   Zero   RW         1111    HEAP                startup_stm32f4xx.o
    0x2000cd28   0x00000400   Zero   RW         1110    STACK               startup_stm32f4xx.o


==============================================================================

Image component sizes


      Code (inc. data)   RO Data    RW Data    ZI Data      Debug   Object Name

      1328         48          0          8        312       4760   akmotor.o
       456         14          0          0          0       1553   can1.o
      2272         56          0          0         96       3855   can2.o
       836          4          0          0          0       2071   canctrollist.o
       144          6          0          0          0        820   cylinder.o
       344         28          0          0         42       2182   datascope_dp.o
        68          0          0          0          0       1050   delay.o
      4020        110          0          5       1832       5683   dianji.o
      6372        116          0         24       1145      12234   elmo.o
       412         32          0          0         64       2502   filter.o
       172          6          0          0          0        745   led.o
       132         10         18          0          0       1355   led8.o
       600         72          0          2       7680     322609   main.o
       224         20          0          0          0       2029   misc.o
      2240        216        256         76       7084      15626   os_core.o
       176         32          0          0          0        336   os_cpu_a.o
       648         16          0          4          0      38537   os_cpu_c.o
      2060         42          0          0          0       6952   os_flag.o
       484         16          0          0          0       3176   os_mem.o
      1512         30          0          0          0       5581   os_q.o
      1984         70          0          0          0       7613   os_task.o
       428         28          0          0          0       1830   os_time.o
       248         18          0         13        661       4337   param.o
       416         14          0          0          0       1946   pid.o
       832         34          0          0      22968       4209   queue.o
        64         26        392          0      11264        868   startup_stm32f4xx.o
      2544         38          0          0          0       8180   stm32f4xx_can.o
       936         32          0          0          0       6505   stm32f4xx_dma.o
       604         36          0          0          0       4269   stm32f4xx_gpio.o
        36          0          0          0          0       1199   stm32f4xx_it.o
      1416         48          0         16          0      11215   stm32f4xx_rcc.o
      3234         60          0          0          0      22508   stm32f4xx_tim.o
      1050         26          0          0          0       7980   stm32f4xx_usart.o
       528         46          0         20          0       1967   system_stm32f4xx.o
       292         22          0          0          0        952   tim2.o
       316         10          0          0          0        888   tim3.o
       124          6          0          0          0        728   tim5.o
       720         32          0          1         83       2965   usart1.o
      2716        110          0          5         32       3222   usart2.o
       452         26          0          0          0       1632   usart3.o
      2780         86          0          0          0       9762   utils.o

    ----------------------------------------------------------------------
     46224       1642        698        176      53268     538431   Object Totals
         0          0         32          0          0          0   (incl. Generated)
         4          0          0          2          5          0   (incl. Padding)

    ----------------------------------------------------------------------

      Code (inc. data)   RO Data    RW Data    ZI Data      Debug   Library Member Name

         8          0          0          0          0         68   __main.o
       104          0          0          0          0         84   __printf.o
        14          0          0          0          0         68   __printf_wp.o
         0          0          0          0          0          0   __rtentry.o
        12          0          0          0          0          0   __rtentry2.o
         6          0          0          0          0          0   __rtentry4.o
        52          8          0          0          0          0   __scatter.o
        26          0          0          0          0          0   __scatter_copy.o
        28          0          0          0          0          0   __scatter_zi.o
        28          0          0          0          0         68   _chval.o
        48          6          0          0          0         96   _printf_char_common.o
         6          0          0          0          0          0   _printf_d.o
       120         16          0          0          0         92   _printf_dec.o
       178          0          0          0          0         88   _printf_intcommon.o
         0          0          0          0          0          0   _printf_percent.o
         4          0          0          0          0          0   _printf_percent_end.o
        22          0          0          0          0        100   _rserrno.o
        64          0          0          0          0         84   _sgetc.o
        10          0          0          0          0         68   _sputc.o
       220          4        148          0          0         96   bigflt0.o
      1846        132          0          0          0        736   btod.o
        10          0          0          0          0         68   defsig_exit.o
        50          0          0          0          0         88   defsig_general.o
        80         58          0          0          0         76   defsig_rtmem_inner.o
        14          0          0          0          0         80   defsig_rtmem_outer.o
        12          0          0          0          0         72   exit.o
        94          0          0          0          0         80   h1_alloc.o
        52          0          0          0          0         68   h1_extend.o
        78          0          0          0          0         80   h1_free.o
        14          0          0          0          0         84   h1_init.o
         6          0          0          0          0        152   heapauxi.o
         4          0          0          0          0        136   hguard.o
         0          0          0          0          0          0   indicate_semi.o
       138          0          0          0          0        168   init_alloc.o
        18          0          0          0          0         76   isspace.o
        44         10        272          0          0         76   lc_ctype_c.o
        44         10         28          0          0         76   lc_numeric_c.o
         2          0          0          0          0          0   libinit.o
        42          0          0          0          0          0   libinit2.o
         2          0          0          0          0          0   libshutdown.o
         2          0          0          0          0          0   libshutdown2.o
         8          4          0          0         96         68   libspace.o
        38          0          0          0          0         68   llshl.o
         0          0          0          0          0          0   maybetermalloc1.o
        40          6          0          0          0         84   noretval__2sprintf.o
        16          4          0          0          0         76   rt_ctype_table.o
         8          4          0          0          0         68   rt_errno_addr_intlibspace.o
         8          4          0          0          0         68   rt_heap_descriptor_intlibspace.o
         8          4          0          0          0         68   rt_locale_intlibspace.o
        68          0          0          0          0         68   rt_memclr.o
        78          0          0          0          0         80   rt_memclr_w.o
       138          0          0          0          0         68   rt_memcpy_v6.o
       100          0          0          0          0         80   rt_memcpy_w.o
         2          0          0          0          0          0   rtexit.o
        10          0          0          0          0          0   rtexit2.o
      1188         12          0          0          0        148   scanf_fp.o
       792         14          0          0          0        100   scanf_hexfp.o
       308         16          0          0          0        100   scanf_infnan.o
        24          0          0          0          0         68   strcat.o
       128          0          0          0          0         68   strcmpv7m.o
        72          0          0          0          0         80   strcpy.o
        62          0          0          0          0         76   strlen.o
       160         12          0          0          0        120   strtod.o
        12          4          0          0          0         68   sys_exit.o
        74          0          0          0          0         80   sys_stackheap_outer.o
        14          0          0          0          0         76   sys_wrch.o
         2          0          0          0          0         68   use_no_semi.o
        98          4          0          0          0        140   d2f.o
       804         16          0          0          0        368   daddsub_clz.o
        16          4          0          0          0        116   dcheck1.o
        24          0          0          0          0        116   dcmpi.o
       688        140          0          0          0        256   ddiv.o
       120          4          0          0          0        140   deqf.o
        94          4          0          0          0        140   dfix.o
        90          4          0          0          0        140   dfixu.o
        84          0          0          0          0        232   dflt_clz.o
       120          4          0          0          0        140   dleqf.o
       340         12          0          0          0        152   dmul.o
       156          4          0          0          0        140   dnaninf.o
        12          0          0          0          0        116   dretinf.o
       108          0          0          0          0        128   drleqf.o
        86          4          0          0          0        132   f2d.o
        82          4          0          0          0        160   fcmp4.o
        24          0          0          0          0        116   fcmpi.o
       140          4          0          0          0        132   fnaninf.o
         0          0          8          0          0          0   fpconst.o
        10          0          0          0          0        116   fpinit.o
       244          8          0          0          0        132   frem_clz.o
        10          0          0          0          0        116   fretinf.o
       100          0          0          0          0        116   retnan.o
        92          0          0          0          0        116   scalbn.o
         4          0          0          0          0        116   scanf1.o
         8          0          0          0          0        132   scanf2.o
        48          0          0          0          0        116   trapv.o
         0          0          0          0          0          0   usenofp.o
        56         12          0          0          0        132   atof.o
        64         16          0          0          0        248   dunder.o
       488         62         48          0          0        236   expf.o
        72          0          0          0          0        148   fmaxf.o
        72          0          0          0          0        148   fminf.o
       176          0          0          0          0        168   fmodf.o
        38          0          0          0          0        116   fpclassifyf.o
       140         22          0          0          0        132   frexp.o
        80         24          0          0          0        696   funder.o
       228          8          0          0          0        308   ldexp.o
       184         18          0          0          0        152   narrow.o
      1548        110        320          0          0        268   powf.o
        58          0          0          0          0        136   sqrtf.o

    ----------------------------------------------------------------------
     13694        818        824          0        100      11588   Library Totals
        28          2          0          0          4          0   (incl. Padding)

    ----------------------------------------------------------------------

      Code (inc. data)   RO Data    RW Data    ZI Data      Debug   Library Name

      6860        328        448          0         96       4876   c_w.l
      3602        216          8          0          0       3824   fz_wm.l
      3204        272        368          0          0       2888   m_wm.l

    ----------------------------------------------------------------------
     13694        818        824          0        100      11588   Library Totals

    ----------------------------------------------------------------------

==============================================================================


      Code (inc. data)   RO Data    RW Data    ZI Data      Debug   

     59918       2460       1522        176      53368     534611   Grand Totals
     59918       2460       1522        176      53368     534611   ELF Image Totals
     59918       2460       1522        176          0          0   ROM Totals

==============================================================================

    Total RO  Size (Code + RO Data)                61440 (  60.00kB)
    Total RW  Size (RW Data + ZI Data)             53544 (  52.29kB)
    Total ROM Size (Code + RO Data + RW Data)      61616 (  60.17kB)

==============================================================================

